Archive member included because of file (symbol)

c:/ac6/systemworkbench/plugins/fr.ac6.mcu.externaltools.arm-none.win32_1.3.0.201507241045/tools/compiler/bin/../lib/gcc/arm-none-eabi/4.9.3/armv7e-m/fpu\libgcc.a(_arm_addsubdf3.o)
                              src/grbl/gcode.o (__aeabi_dsub)
c:/ac6/systemworkbench/plugins/fr.ac6.mcu.externaltools.arm-none.win32_1.3.0.201507241045/tools/compiler/bin/../lib/gcc/arm-none-eabi/4.9.3/armv7e-m/fpu\libgcc.a(_arm_muldivdf3.o)
                              src/grbl/gcode.o (__aeabi_dmul)
c:/ac6/systemworkbench/plugins/fr.ac6.mcu.externaltools.arm-none.win32_1.3.0.201507241045/tools/compiler/bin/../lib/gcc/arm-none-eabi/4.9.3/armv7e-m/fpu\libgcc.a(_arm_cmpdf2.o)
                              src/grbl/planner.o (__aeabi_dcmplt)
c:/ac6/systemworkbench/plugins/fr.ac6.mcu.externaltools.arm-none.win32_1.3.0.201507241045/tools/compiler/bin/../lib/gcc/arm-none-eabi/4.9.3/armv7e-m/fpu\libgcc.a(_arm_fixdfsi.o)
                              src/grbl/gcode.o (__aeabi_d2iz)
c:/ac6/systemworkbench/plugins/fr.ac6.mcu.externaltools.arm-none.win32_1.3.0.201507241045/tools/compiler/bin/../lib/gcc/arm-none-eabi/4.9.3/armv7e-m/fpu\libgcc.a(_arm_fixunsdfsi.o)
                              src/grbl/gcode.o (__aeabi_d2uiz)
c:/ac6/systemworkbench/plugins/fr.ac6.mcu.externaltools.arm-none.win32_1.3.0.201507241045/tools/compiler/bin/../lib/gcc/arm-none-eabi/4.9.3/armv7e-m/fpu\libgcc.a(_arm_truncdfsf2.o)
                              src/grbl/gcode.o (__aeabi_d2f)
c:/ac6/systemworkbench/plugins/fr.ac6.mcu.externaltools.arm-none.win32_1.3.0.201507241045/tools/compiler/bin/../lib/gcc/arm-none-eabi/4.9.3/../../../../arm-none-eabi/lib/armv7e-m/fpu\libc.a(lib_a-errno.o)
                              src/syscalls.o (__errno)
c:/ac6/systemworkbench/plugins/fr.ac6.mcu.externaltools.arm-none.win32_1.3.0.201507241045/tools/compiler/bin/../lib/gcc/arm-none-eabi/4.9.3/../../../../arm-none-eabi/lib/armv7e-m/fpu\libc.a(lib_a-exit.o)
                              c:/ac6/systemworkbench/plugins/fr.ac6.mcu.externaltools.arm-none.win32_1.3.0.201507241045/tools/compiler/bin/../lib/gcc/arm-none-eabi/4.9.3/../../../../arm-none-eabi/lib/armv7e-m/fpu/crt0.o (exit)
c:/ac6/systemworkbench/plugins/fr.ac6.mcu.externaltools.arm-none.win32_1.3.0.201507241045/tools/compiler/bin/../lib/gcc/arm-none-eabi/4.9.3/../../../../arm-none-eabi/lib/armv7e-m/fpu\libc.a(lib_a-impure.o)
                              c:/ac6/systemworkbench/plugins/fr.ac6.mcu.externaltools.arm-none.win32_1.3.0.201507241045/tools/compiler/bin/../lib/gcc/arm-none-eabi/4.9.3/../../../../arm-none-eabi/lib/armv7e-m/fpu\libc.a(lib_a-exit.o) (_global_impure_ptr)
c:/ac6/systemworkbench/plugins/fr.ac6.mcu.externaltools.arm-none.win32_1.3.0.201507241045/tools/compiler/bin/../lib/gcc/arm-none-eabi/4.9.3/../../../../arm-none-eabi/lib/armv7e-m/fpu\libc.a(lib_a-init.o)
                              c:/ac6/systemworkbench/plugins/fr.ac6.mcu.externaltools.arm-none.win32_1.3.0.201507241045/tools/compiler/bin/../lib/gcc/arm-none-eabi/4.9.3/../../../../arm-none-eabi/lib/armv7e-m/fpu/crt0.o (__libc_init_array)
c:/ac6/systemworkbench/plugins/fr.ac6.mcu.externaltools.arm-none.win32_1.3.0.201507241045/tools/compiler/bin/../lib/gcc/arm-none-eabi/4.9.3/../../../../arm-none-eabi/lib/armv7e-m/fpu\libc.a(lib_a-memcpy.o)
                              src/avr/eeprom.o (memcpy)
c:/ac6/systemworkbench/plugins/fr.ac6.mcu.externaltools.arm-none.win32_1.3.0.201507241045/tools/compiler/bin/../lib/gcc/arm-none-eabi/4.9.3/../../../../arm-none-eabi/lib/armv7e-m/fpu\libc.a(lib_a-memset.o)
                              c:/ac6/systemworkbench/plugins/fr.ac6.mcu.externaltools.arm-none.win32_1.3.0.201507241045/tools/compiler/bin/../lib/gcc/arm-none-eabi/4.9.3/../../../../arm-none-eabi/lib/armv7e-m/fpu/crt0.o (memset)
c:/ac6/systemworkbench/plugins/fr.ac6.mcu.externaltools.arm-none.win32_1.3.0.201507241045/tools/compiler/bin/../lib/gcc/arm-none-eabi/4.9.3/../../../../arm-none-eabi/lib/armv7e-m/fpu\libc.a(lib_a-__call_atexit.o)
                              c:/ac6/systemworkbench/plugins/fr.ac6.mcu.externaltools.arm-none.win32_1.3.0.201507241045/tools/compiler/bin/../lib/gcc/arm-none-eabi/4.9.3/../../../../arm-none-eabi/lib/armv7e-m/fpu\libc.a(lib_a-exit.o) (__call_exitprocs)
c:/ac6/systemworkbench/plugins/fr.ac6.mcu.externaltools.arm-none.win32_1.3.0.201507241045/tools/compiler/bin/../lib/gcc/arm-none-eabi/4.9.3/../../../../arm-none-eabi/lib/armv7e-m/fpu\libc.a(lib_a-atexit.o)
                              c:/ac6/systemworkbench/plugins/fr.ac6.mcu.externaltools.arm-none.win32_1.3.0.201507241045/tools/compiler/bin/../lib/gcc/arm-none-eabi/4.9.3/../../../../arm-none-eabi/lib/armv7e-m/fpu\libc.a(lib_a-__call_atexit.o) (atexit)
c:/ac6/systemworkbench/plugins/fr.ac6.mcu.externaltools.arm-none.win32_1.3.0.201507241045/tools/compiler/bin/../lib/gcc/arm-none-eabi/4.9.3/../../../../arm-none-eabi/lib/armv7e-m/fpu\libc.a(lib_a-fini.o)
[...]
Memory Configuration

Name             Origin             Length             Attributes
FLASH0           0x08000000         0x00008000         xr
FLASH1           0x08008000         0x00004000         xr
FLASH2           0x0800c000         0x00074000         xr
RAM              0x20000000         0x00020000         xrw
*default*        0x00000000         0xffffffff

Linker script and memory map

LOAD c:/ac6/systemworkbench/plugins/fr.ac6.mcu.externaltools.arm-none.win32_1.3.0.201507241045/tools/compiler/bin/../lib/gcc/arm-none-eabi/4.9.3/armv7e-m/fpu/crti.o
LOAD c:/ac6/systemworkbench/plugins/fr.ac6.mcu.externaltools.arm-none.win32_1.3.0.201507241045/tools/compiler/bin/../lib/gcc/arm-none-eabi/4.9.3/armv7e-m/fpu/crtbegin.o
LOAD c:/ac6/systemworkbench/plugins/fr.ac6.mcu.externaltools.arm-none.win32_1.3.0.201507241045/tools/compiler/bin/../lib/gcc/arm-none-eabi/4.9.3/../../../../arm-none-eabi/lib/armv7e-m/fpu/crt0.o
LOAD c:/ac6/systemworkbench/plugins/fr.ac6.mcu.externaltools.arm-none.win32_1.3.0.201507241045/tools/compiler/bin/../lib/gcc/arm-none-eabi/4.9.3/../../../../arm-none-eabi/lib/armv7e-m/fpu\libm.a
LOAD startup/startup_stm32f411xe.o
LOAD src/util/delay.o
LOAD src/util/floatunsisf.o
LOAD src/syscalls.o
LOAD src/system_stm32f4xx.o
LOAD src/grbl/coolant_control.o
LOAD src/grbl/gcode.o
LOAD src/grbl/limits.o
LOAD src/grbl/main.o
LOAD src/grbl/motion_control.o
LOAD src/grbl/nuts_bolts.o
LOAD src/grbl/planner.o
LOAD src/grbl/print.o
LOAD src/grbl/probe.o
LOAD src/grbl/protocol.o
LOAD src/grbl/report.o
LOAD src/grbl/serial.o
LOAD src/grbl/settings.o
LOAD src/grbl/spindle_control.o
LOAD src/grbl/stepper.o
LOAD src/grbl/system.o
LOAD src/avr/eeprom.o
LOAD src/avr/io.o
LOAD StdPeriph_Driver/src/misc.o
LOAD StdPeriph_Driver/src/stm32f4xx_adc.o
LOAD StdPeriph_Driver/src/stm32f4xx_can.o
LOAD StdPeriph_Driver/src/stm32f4xx_crc.o
LOAD StdPeriph_Driver/src/stm32f4xx_cryp.o
LOAD StdPeriph_Driver/src/stm32f4xx_cryp_aes.o
LOAD StdPeriph_Driver/src/stm32f4xx_cryp_des.o
LOAD StdPeriph_Driver/src/stm32f4xx_cryp_tdes.o
LOAD StdPeriph_Driver/src/stm32f4xx_dac.o
LOAD StdPeriph_Driver/src/stm32f4xx_dbgmcu.o
LOAD StdPeriph_Driver/src/stm32f4xx_dcmi.o
LOAD StdPeriph_Driver/src/stm32f4xx_dma.o
LOAD StdPeriph_Driver/src/stm32f4xx_dma2d.o
LOAD StdPeriph_Driver/src/stm32f4xx_exti.o
LOAD StdPeriph_Driver/src/stm32f4xx_flash.o
LOAD StdPeriph_Driver/src/stm32f4xx_flash_ramfunc.o
LOAD StdPeriph_Driver/src/stm32f4xx_gpio.o
LOAD StdPeriph_Driver/src/stm32f4xx_hash.o
LOAD StdPeriph_Driver/src/stm32f4xx_hash_md5.o
LOAD StdPeriph_Driver/src/stm32f4xx_hash_sha1.o
LOAD StdPeriph_Driver/src/stm32f4xx_i2c.o
LOAD StdPeriph_Driver/src/stm32f4xx_iwdg.o
LOAD StdPeriph_Driver/src/stm32f4xx_ltdc.o
LOAD StdPeriph_Driver/src/stm32f4xx_pwr.o
LOAD StdPeriph_Driver/src/stm32f4xx_rcc.o
LOAD StdPeriph_Driver/src/stm32f4xx_rng.o
LOAD StdPeriph_Driver/src/stm32f4xx_rtc.o
LOAD StdPeriph_Driver/src/stm32f4xx_sai.o
LOAD StdPeriph_Driver/src/stm32f4xx_sdio.o
LOAD StdPeriph_Driver/src/stm32f4xx_spi.o
LOAD StdPeriph_Driver/src/stm32f4xx_syscfg.o
LOAD StdPeriph_Driver/src/stm32f4xx_tim.o
LOAD StdPeriph_Driver/src/stm32f4xx_usart.o
LOAD StdPeriph_Driver/src/stm32f4xx_wwdg.o
START GROUP
LOAD c:/ac6/systemworkbench/plugins/fr.ac6.mcu.externaltools.arm-none.win32_1.3.0.201507241045/tools/compiler/bin/../lib/gcc/arm-none-eabi/4.9.3/armv7e-m/fpu\libgcc.a
LOAD c:/ac6/systemworkbench/plugins/fr.ac6.mcu.externaltools.arm-none.win32_1.3.0.201507241045/tools/compiler/bin/../lib/gcc/arm-none-eabi/4.9.3/../../../../arm-none-eabi/lib/armv7e-m/fpu\libc.a
END GROUP
LOAD c:/ac6/systemworkbench/plugins/fr.ac6.mcu.externaltools.arm-none.win32_1.3.0.201507241045/tools/compiler/bin/../lib/gcc/arm-none-eabi/4.9.3/armv7e-m/fpu/crtend.o
LOAD c:/ac6/systemworkbench/plugins/fr.ac6.mcu.externaltools.arm-none.win32_1.3.0.201507241045/tools/compiler/bin/../lib/gcc/arm-none-eabi/4.9.3/armv7e-m/fpu/crtn.o
                0x20020000                _estack = 0x20020000
                0x00000200                _Min_Heap_Size = 0x200
                0x00000400                _Min_Stack_Size = 0x400

.isr_vector     0x08000000      0x198
                0x08000000                . = ALIGN (0x4)
 *(.isr_vector)
 .isr_vector    0x08000000      0x198 startup/startup_stm32f411xe.o
                0x08000000                g_pfnVectors
                0x08000198                . = ALIGN (0x4)

.text           0x0800c000     0xbc44
                0x0800c000                . = ALIGN (0x4)
 *(.text)
 .text          0x0800c000       0x5c c:/ac6/systemworkbench/plugins/fr.ac6.mcu.externaltools.arm-none.win32_1.3.0.201507241045/tools/compiler/bin/../lib/gcc/arm-none-eabi/4.9.3/armv7e-m/fpu/crtbegin.o
 .text          0x0800c05c      0x370 c:/ac6/systemworkbench/plugins/fr.ac6.mcu.externaltools.arm-none.win32_1.3.0.201507241045/tools/compiler/bin/../lib/gcc/arm-none-eabi/4.9.3/armv7e-m/fpu\libgcc.a(_arm_addsubdf3.o)
                0x0800c05c                __aeabi_drsub
                0x0800c064                __aeabi_dsub
                0x0800c064                __subdf3
                0x0800c068                __aeabi_dadd
                0x0800c068                __adddf3
                0x0800c2e0                __floatunsidf
                0x0800c2e0                __aeabi_ui2d
                0x0800c300                __floatsidf
                0x0800c300                __aeabi_i2d
                0x0800c324                __aeabi_f2d
                0x0800c324                __extendsfdf2
                0x0800c360                __floatundidf
                0x0800c360                __aeabi_ul2d
                0x0800c370                __floatdidf
                0x0800c370                __aeabi_l2d
 .text          0x0800c3cc      0x424 c:/ac6/systemworkbench/plugins/fr.ac6.mcu.externaltools.arm-none.win32_1.3.0.201507241045/tools/compiler/bin/../lib/gcc/arm-none-eabi/4.9.3/armv7e-m/fpu\libgcc.a(_arm_muldivdf3.o)
                0x0800c3cc                __aeabi_dmul
                0x0800c3cc                __muldf3
                0x0800c620                __divdf3
                0x0800c620                __aeabi_ddiv
 .text          0x0800c7f0      0x110 c:/ac6/systemworkbench/plugins/fr.ac6.mcu.externaltools.arm-none.win32_1.3.0.201507241045/tools/compiler/bin/../lib/gcc/arm-none-eabi/4.9.3/armv7e-m/fpu\libgcc.a(_arm_cmpdf2.o)
                0x0800c7f0                __gtdf2
                0x0800c7f0                __gedf2
                0x0800c7f8                __ltdf2
                0x0800c7f8                __ledf2
                0x0800c800                __nedf2
                0x0800c800                __eqdf2
                0x0800c800                __cmpdf2
                0x0800c87c                __aeabi_cdrcmple
                0x0800c88c                __aeabi_cdcmpeq
                0x0800c88c                __aeabi_cdcmple
                0x0800c89c                __aeabi_dcmpeq
                0x0800c8b0                __aeabi_dcmplt
                0x0800c8c4                __aeabi_dcmple
                0x0800c8d8                __aeabi_dcmpge
                0x0800c8ec                __aeabi_dcmpgt
 .text          0x0800c900       0x50 c:/ac6/systemworkbench/plugins/fr.ac6.mcu.externaltools.arm-none.win32_1.3.0.201507241045/tools/compiler/bin/../lib/gcc/arm-none-eabi/4.9.3/armv7e-m/fpu\libgcc.a(_arm_fixdfsi.o)
                0x0800c900                __aeabi_d2iz
                0x0800c900                __fixdfsi
 .text          0x0800c950       0x40 c:/ac6/systemworkbench/plugins/fr.ac6.mcu.externaltools.arm-none.win32_1.3.0.201507241045/tools/compiler/bin/../lib/gcc/arm-none-eabi/4.9.3/armv7e-m/fpu\libgcc.a(_arm_fixunsdfsi.o)
                0x0800c950                __aeabi_d2uiz
                0x0800c950                __fixunsdfsi
 .text          0x0800c990       0xa0 c:/ac6/systemworkbench/plugins/fr.ac6.mcu.externaltools.arm-none.win32_1.3.0.201507241045/tools/compiler/bin/../lib/gcc/arm-none-eabi/4.9.3/armv7e-m/fpu\libgcc.a(_arm_truncdfsf2.o)
                0x0800c990                __truncdfsf2
                0x0800c990                __aeabi_d2f
 .text          0x0800ca30      0x134 c:/ac6/systemworkbench/plugins/fr.ac6.mcu.externaltools.arm-none.win32_1.3.0.201507241045/tools/compiler/bin/../lib/gcc/arm-none-eabi/4.9.3/../../../../arm-none-eabi/lib/armv7e-m/fpu\libc.a(lib_a-memcpy.o)
                0x0800ca30                memcpy
 *(.text*)
 .text.Reset_Handler
                0x0800cb64       0x50 startup/startup_stm32f411xe.o
                0x0800cb64                Reset_Handler
 .text.Default_Handler
                0x0800cbb4        0x2 startup/startup_stm32f411xe.o
                0x0800cbb4                RTC_Alarm_IRQHandler
                0x0800cbb4                EXTI2_IRQHandler
                0x0800cbb4                DebugMon_Handler
                0x0800cbb4                SPI4_IRQHandler
                0x0800cbb4                TIM1_CC_IRQHandler
                0x0800cbb4                DMA2_Stream5_IRQHandler
                0x0800cbb4                HardFault_Handler
                0x0800cbb4                DMA1_Stream5_IRQHandler
                0x0800cbb4                SysTick_Handler
                0x0800cbb4                PVD_IRQHandler
                0x0800cbb4                SDIO_IRQHandler
                0x0800cbb4                TAMP_STAMP_IRQHandler
                0x0800cbb4                PendSV_Handler
                0x0800cbb4                NMI_Handler
                0x0800cbb4                EXTI3_IRQHandler
                0x0800cbb4                TIM1_UP_TIM10_IRQHandler
                0x0800cbb4                I2C3_ER_IRQHandler
                0x0800cbb4                EXTI0_IRQHandler
                0x0800cbb4                I2C2_EV_IRQHandler
                0x0800cbb4                DMA1_Stream2_IRQHandler
                0x0800cbb4                FPU_IRQHandler
                0x0800cbb4                UsageFault_Handler
                0x0800cbb4                DMA2_Stream2_IRQHandler
                0x0800cbb4                SPI1_IRQHandler
                0x0800cbb4                TIM1_BRK_TIM9_IRQHandler
                0x0800cbb4                DMA2_Stream3_IRQHandler
                0x0800cbb4                USART6_IRQHandler
                0x0800cbb4                DMA2_Stream0_IRQHandler
                0x0800cbb4                TIM4_IRQHandler
                0x0800cbb4                I2C1_EV_IRQHandler
                0x0800cbb4                DMA1_Stream6_IRQHandler
                0x0800cbb4                DMA1_Stream1_IRQHandler
                0x0800cbb4                TIM3_IRQHandler
                0x0800cbb4                RCC_IRQHandler
                0x0800cbb4                Default_Handler
                0x0800cbb4                EXTI15_10_IRQHandler
                0x0800cbb4                ADC_IRQHandler
                0x0800cbb4                SPI5_IRQHandler
                0x0800cbb4                TIM5_IRQHandler
                0x0800cbb4                DMA2_Stream7_IRQHandler
                0x0800cbb4                I2C3_EV_IRQHandler
                0x0800cbb4                EXTI9_5_IRQHandler
                0x0800cbb4                RTC_WKUP_IRQHandler
                0x0800cbb4                SPI2_IRQHandler
                0x0800cbb4                MemManage_Handler
                0x0800cbb4                DMA1_Stream0_IRQHandler
                0x0800cbb4                SVC_Handler
                0x0800cbb4                EXTI4_IRQHandler
                0x0800cbb4                WWDG_IRQHandler
                0x0800cbb4                OTG_FS_WKUP_IRQHandler
                0x0800cbb4                TIM1_TRG_COM_TIM11_IRQHandler
                0x0800cbb4                EXTI1_IRQHandler
                0x0800cbb4                I2C2_ER_IRQHandler
                0x0800cbb4                DMA2_Stream1_IRQHandler
                0x0800cbb4                FLASH_IRQHandler
                0x0800cbb4                DMA2_Stream4_IRQHandler
                0x0800cbb4                BusFault_Handler
                0x0800cbb4                USART1_IRQHandler
                0x0800cbb4                OTG_FS_IRQHandler
                0x0800cbb4                SPI3_IRQHandler
                0x0800cbb4                DMA1_Stream4_IRQHandler
                0x0800cbb4                I2C1_ER_IRQHandler
                0x0800cbb4                DMA2_Stream6_IRQHandler
                0x0800cbb4                DMA1_Stream3_IRQHandler
 *fill*         0x0800cbb6        0x2 
 .text._delay_us
                0x0800cbb8       0x28 src/util/delay.o
                0x0800cbb8                _delay_us
 .text._delay_ms
                0x0800cbe0       0x24 src/util/delay.o
                0x0800cbe0                _delay_ms
 .text.SystemInit
                0x0800cc04       0x68 src/system_stm32f4xx.o
                0x0800cc04                SystemInit
 .text.SetSysClock
                0x0800cc6c       0xf4 src/system_stm32f4xx.o
 .text.coolant_init
                0x0800cd60       0x18 src/grbl/coolant_control.o
                0x0800cd60                coolant_init
 .text.coolant_stop
                0x0800cd78       0x14 src/grbl/coolant_control.o
                0x0800cd78                coolant_stop
 .text.coolant_set_state
                0x0800cd8c       0x38 src/grbl/coolant_control.o
                0x0800cd8c                coolant_set_state
 .text.coolant_run
                0x0800cdc4       0x2c src/grbl/coolant_control.o
                0x0800cdc4                coolant_run
 .text.gc_init  0x0800cdf0       0x30 src/grbl/gcode.o
                0x0800cdf0                gc_init
 .text.gc_sync_position
                0x0800ce20       0x18 src/grbl/gcode.o
                0x0800ce20                gc_sync_position
 .text.gc_check_same_position
                0x0800ce38       0x50 src/grbl/gcode.o
 .text.gc_execute_line
                0x0800ce88     0x1a48 src/grbl/gcode.o
                0x0800ce88                gc_execute_line
 .text.limits_disable
                0x0800e8d0       0x18 src/grbl/limits.o
                0x0800e8d0                limits_disable
 .text.limits_enable
                0x0800e8e8       0x18 src/grbl/limits.o
                0x0800e8e8                limits_enable
 .text.limits_init
                0x0800e900       0x48 src/grbl/limits.o
                0x0800e900                limits_init
 .text.limits_get_state
                0x0800e948       0x7c src/grbl/limits.o
                0x0800e948                limits_get_state
 .text.limitpin_check
                0x0800e9c4       0x7c src/grbl/limits.o
                0x0800e9c4                limitpin_check
 .text.limits_go_home
                0x0800ea40      0x498 src/grbl/limits.o
                0x0800ea40                limits_go_home
 .text.limits_soft_check
                0x0800eed8       0xa4 src/grbl/limits.o
                0x0800eed8                limits_soft_check
 .text.main     0x0800ef7c       0xb4 src/grbl/main.o
                0x0800ef7c                main
 .text.mc_line  0x0800f030       0x70 src/grbl/motion_control.o
                0x0800f030                mc_line
 .text.mc_arc   0x0800f0a0      0x568 src/grbl/motion_control.o
                0x0800f0a0                mc_arc
 .text.mc_dwell
                0x0800f608       0x2c src/grbl/motion_control.o
                0x0800f608                mc_dwell
 .text.mc_homing_cycle
                0x0800f634       0x30 src/grbl/motion_control.o
                0x0800f634                mc_homing_cycle
 .text.mc_probe_cycle
                0x0800f664       0xf8 src/grbl/motion_control.o
                0x0800f664                mc_probe_cycle
 .text.mc_parking_motion
                0x0800f75c       0x94 src/grbl/motion_control.o
                0x0800f75c                mc_parking_motion
 .text.mc_reset
                0x0800f7f0       0x5c src/grbl/motion_control.o
                0x0800f7f0                mc_reset
 *fill*         0x0800f84c        0x4 
 .text.read_float
                0x0800f850      0x1f0 src/grbl/nuts_bolts.o
                0x0800f850                read_float
 .text.delay_sec
                0x0800fa40       0x84 src/grbl/nuts_bolts.o
                0x0800fa40                delay_sec
 .text.hypot_f  0x0800fac4       0x5c src/grbl/nuts_bolts.o
                0x0800fac4                hypot_f
 .text.set_as_output
                0x0800fb20       0x30 src/grbl/nuts_bolts.o
                0x0800fb20                set_as_output
 .text.set_as_input
                0x0800fb50       0x30 src/grbl/nuts_bolts.o
                0x0800fb50                set_as_input
 .text.plan_next_block_index
                0x0800fb80       0x28 src/grbl/planner.o
                0x0800fb80                plan_next_block_index
 .text.plan_prev_block_index
                0x0800fba8       0x28 src/grbl/planner.o
 .text.planner_recalculate
                0x0800fbd0      0x204 src/grbl/planner.o
 .text.plan_reset
                0x0800fdd4       0x3c src/grbl/planner.o
                0x0800fdd4                plan_reset
 .text.plan_discard_current_block
                0x0800fe10       0x4c src/grbl/planner.o
                0x0800fe10                plan_discard_current_block
 .text.plan_get_parking_block
                0x0800fe5c       0x28 src/grbl/planner.o
                0x0800fe5c                plan_get_parking_block
 .text.plan_get_current_block
                0x0800fe84       0x3c src/grbl/planner.o
                0x0800fe84                plan_get_current_block
 .text.plan_get_exec_block_exit_speed
                0x0800fec0       0x70 src/grbl/planner.o
                0x0800fec0                plan_get_exec_block_exit_speed
 .text.plan_check_full_buffer
                0x0800ff30       0x28 src/grbl/planner.o
                0x0800ff30                plan_check_full_buffer
 .text.plan_buffer_line
                0x0800ff58      0x610 src/grbl/planner.o
                0x0800ff58                plan_buffer_line
 .text.plan_sync_position
                0x08010568       0x3c src/grbl/planner.o
                0x08010568                plan_sync_position
 .text.plan_get_block_buffer_count
                0x080105a4       0x40 src/grbl/planner.o
                0x080105a4                plan_get_block_buffer_count
 .text.plan_cycle_reinitialize
                0x080105e4       0x20 src/grbl/planner.o
                0x080105e4                plan_cycle_reinitialize
 .text.printString
                0x08010604       0x28 src/grbl/print.o
                0x08010604                printString
 .text.printPgmString
                0x0801062c       0x28 src/grbl/print.o
                0x0801062c                printPgmString
 .text.print_unsigned_int8
                0x08010654       0xb0 src/grbl/print.o
                0x08010654                print_unsigned_int8
 .text.print_uint8_base2
                0x08010704       0x1c src/grbl/print.o
                0x08010704                print_uint8_base2
 .text.print_uint8_base10
                0x08010720       0x3c src/grbl/print.o
                0x08010720                print_uint8_base10
 .text.printFloat
                0x0801075c      0x150 src/grbl/print.o
                0x0801075c                printFloat
 *fill*         0x080108ac        0x4 
 .text.printFloat_CoordValue
                0x080108b0       0x70 src/grbl/print.o
                0x080108b0                printFloat_CoordValue
 .text.printFloat_RateValue
                0x08010920       0x70 src/grbl/print.o
                0x08010920                printFloat_RateValue
 .text.printFloat_SettingValue
                0x08010990       0x1c src/grbl/print.o
                0x08010990                printFloat_SettingValue
 .text.printFloat_RPMValue
                0x080109ac       0x1c src/grbl/print.o
                0x080109ac                printFloat_RPMValue
 .text.probe_init
                0x080109c8       0x18 src/grbl/probe.o
                0x080109c8                probe_init
 .text.probe_configure_invert_mask
                0x080109e0       0x54 src/grbl/probe.o
                0x080109e0                probe_configure_invert_mask
 .text.probe_get_state
                0x08010a34       0x3c src/grbl/probe.o
                0x08010a34                probe_get_state
 .text.probe_state_monitor
                0x08010a70       0x4c src/grbl/probe.o
                0x08010a70                probe_state_monitor
 .text.protocol_main_loop
                0x08010abc      0x194 src/grbl/protocol.o
                0x08010abc                protocol_main_loop
 .text.protocol_buffer_synchronize
                0x08010c50       0x30 src/grbl/protocol.o
                0x08010c50                protocol_buffer_synchronize
 .text.protocol_auto_cycle_start
                0x08010c80        0xc src/grbl/protocol.o
                0x08010c80                protocol_auto_cycle_start
 .text.protocol_execute_realtime
                0x08010c8c       0x1c src/grbl/protocol.o
                0x08010c8c                protocol_execute_realtime
 .text.protocol_exec_rt_system
                0x08010ca8      0x334 src/grbl/protocol.o
                0x08010ca8                protocol_exec_rt_system
 .text.protocol_exec_rt_suspend
                0x08010fdc      0x244 src/grbl/protocol.o
 .text.report_status_message
                0x08011220      0x164 src/grbl/report.o
                0x08011220                report_status_message
 .text.report_alarm_message
                0x08011384       0x9c src/grbl/report.o
                0x08011384                report_alarm_message
 .text.report_feedback_message
                0x08011420       0xb4 src/grbl/report.o
                0x08011420                report_feedback_message
 .text.report_init_message
                0x080114d4       0x10 src/grbl/report.o
                0x080114d4                report_init_message
 .text.report_grbl_help
                0x080114e4       0x10 src/grbl/report.o
                0x080114e4                report_grbl_help
 .text.report_grbl_settings
                0x080114f4      0x420 src/grbl/report.o
                0x080114f4                report_grbl_settings
 .text.report_probe_parameters
                0x08011914       0x98 src/grbl/report.o
                0x08011914                report_probe_parameters
 .text.report_ngc_parameters
                0x080119ac      0x130 src/grbl/report.o
                0x080119ac                report_ngc_parameters
 .text.report_gcode_modes
                0x08011adc      0x220 src/grbl/report.o
                0x08011adc                report_gcode_modes
 .text.report_startup_line
                0x08011cfc       0x40 src/grbl/report.o
                0x08011cfc                report_startup_line
 .text.report_build_info
                0x08011d3c       0x28 src/grbl/report.o
                0x08011d3c                report_build_info
 .text.report_realtime_status
                0x08011d64      0x3a4 src/grbl/report.o
                0x08011d64                report_realtime_status
 .text.serial_get_rx_buffer_count
                0x08012108       0x44 src/grbl/serial.o
                0x08012108                serial_get_rx_buffer_count
 .text.serial_init
                0x0801214c       0xf8 src/grbl/serial.o
                0x0801214c                serial_init
 .text.serial_write
                0x08012244       0x74 src/grbl/serial.o
                0x08012244                serial_write
 .text.serial_txint
                0x080122b8       0x68 src/grbl/serial.o
                0x080122b8                serial_txint
 .text.serial_read
                0x08012320       0x54 src/grbl/serial.o
                0x08012320                serial_read
 .text.serial_rxint
                0x08012374       0x9c src/grbl/serial.o
                0x08012374                serial_rxint
 .text.serial_reset_read_buffer
                0x08012410       0x1c src/grbl/serial.o
                0x08012410                serial_reset_read_buffer
 .text.USART2_IRQHandler
                0x0801242c       0x30 src/grbl/serial.o
                0x0801242c                USART2_IRQHandler
 .text.settings_store_startup_line
                0x0801245c       0x30 src/grbl/settings.o
                0x0801245c                settings_store_startup_line
 .text.settings_store_build_info
                0x0801248c       0x1c src/grbl/settings.o
                0x0801248c                settings_store_build_info
 .text.settings_write_coord_data
                0x080124a8       0x30 src/grbl/settings.o
                0x080124a8                settings_write_coord_data
 .text.write_global_settings
                0x080124d8       0x1c src/grbl/settings.o
                0x080124d8                write_global_settings
 .text.settings_restore
                0x080124f4      0x18c src/grbl/settings.o
                0x080124f4                settings_restore
 .text.settings_read_startup_line
                0x08012680       0x4c src/grbl/settings.o
                0x08012680                settings_read_startup_line
 .text.settings_read_build_info
                0x080126cc       0x34 src/grbl/settings.o
                0x080126cc                settings_read_build_info
 .text.settings_read_coord_data
                0x08012700       0x50 src/grbl/settings.o
                0x08012700                settings_read_coord_data
 .text.read_global_settings
                0x08012750       0x3c src/grbl/settings.o
                0x08012750                read_global_settings
 .text.settings_store_global_setting
                0x0801278c      0x3a4 src/grbl/settings.o
                0x0801278c                settings_store_global_setting
 .text.settings_init
                0x08012b30       0x20 src/grbl/settings.o
                0x08012b30                settings_init
 .text.get_step_pin_mask
                0x08012b50       0x2c src/grbl/settings.o
                0x08012b50                get_step_pin_mask
 .text.get_direction_pin_mask
                0x08012b7c       0x2c src/grbl/settings.o
                0x08012b7c                get_direction_pin_mask
 .text.spindle_init
                0x08012ba8       0x98 src/grbl/spindle_control.o
                0x08012ba8                spindle_init
 .text.spindle_stop
                0x08012c40       0x20 src/grbl/spindle_control.o
                0x08012c40                spindle_stop
 .text.spindle_set_state
                0x08012c60      0x108 src/grbl/spindle_control.o
                0x08012c60                spindle_set_state
 .text.spindle_run
                0x08012d68       0x34 src/grbl/spindle_control.o
                0x08012d68                spindle_run
 .text.NVIC_SetPendingIRQ
                0x08012d9c       0x34 src/grbl/stepper.o
 .text.NVIC_ClearPendingIRQ
                0x08012dd0       0x34 src/grbl/stepper.o
 .text.st_wake_up
                0x08012e04       0x18 src/grbl/stepper.o
                0x08012e04                st_wake_up
 .text.st_go_idle
                0x08012e1c       0x4c src/grbl/stepper.o
                0x08012e1c                st_go_idle
 .text.stepper_interrupt1
                0x08012e68       0x3c src/grbl/stepper.o
                0x08012e68                stepper_interrupt1
 .text.stepper_interrupt2
                0x08012ea4      0x29c src/grbl/stepper.o
                0x08012ea4                stepper_interrupt2
 .text.stepper_pinclr_interrupt
                0x08013140        0xc src/grbl/stepper.o
                0x08013140                stepper_pinclr_interrupt
 .text.st_generate_step_dir_invert_masks
                0x0801314c       0x94 src/grbl/stepper.o
                0x0801314c                st_generate_step_dir_invert_masks
 .text.st_reset
                0x080131e0       0x80 src/grbl/stepper.o
                0x080131e0                st_reset
 .text.stepper_init
                0x08013260       0x10 src/grbl/stepper.o
                0x08013260                stepper_init
 .text.st_update_plan_block_parameters
                0x08013270       0x48 src/grbl/stepper.o
                0x08013270                st_update_plan_block_parameters
 .text.st_next_block_index
                0x080132b8       0x28 src/grbl/stepper.o
 .text.st_parking_setup_buffer
                0x080132e0       0x64 src/grbl/stepper.o
                0x080132e0                st_parking_setup_buffer
 .text.st_parking_restore_buffer
                0x08013344       0x88 src/grbl/stepper.o
                0x08013344                st_parking_restore_buffer
 *fill*         0x080133cc        0x4 
 .text.st_prep_buffer
                0x080133d0      0xad0 src/grbl/stepper.o
                0x080133d0                st_prep_buffer
 .text.init_stepperpins
                0x08013ea0       0x68 src/grbl/stepper.o
                0x08013ea0                init_stepperpins
 .text.set_dir_pins
                0x08013f08       0x64 src/grbl/stepper.o
                0x08013f08                set_dir_pins
 .text.set_step_pins
                0x08013f6c       0x50 src/grbl/stepper.o
                0x08013f6c                set_step_pins
 .text.enable_timerint
                0x08013fbc       0x18 src/grbl/stepper.o
                0x08013fbc                enable_timerint
 .text.disable_timerint
                0x08013fd4       0x18 src/grbl/stepper.o
                0x08013fd4                disable_timerint
 .text.set_timerperiod
                0x08013fec       0x1c src/grbl/stepper.o
                0x08013fec                set_timerperiod
 .text.init_timer
                0x08014008       0xbc src/grbl/stepper.o
                0x08014008                init_timer
 .text.TIM2_IRQHandler
                0x080140c4       0x54 src/grbl/stepper.o
                0x080140c4                TIM2_IRQHandler
 .text.DMA1_Stream7_IRQHandler
                0x08014118       0x24 src/grbl/stepper.o
                0x08014118                DMA1_Stream7_IRQHandler
 .text.enable_steppers
                0x0801413c       0x14 src/grbl/stepper.o
                0x0801413c                enable_steppers
 .text.disable_steppers
                0x08014150       0x14 src/grbl/stepper.o
                0x08014150                disable_steppers
 .text.system_init
                0x08014164       0x24 src/grbl/system.o
                0x08014164                system_init
 .text.system_control_get_state
                0x08014188       0x9c src/grbl/system.o
                0x08014188                system_control_get_state
 .text.control_pin_check
                0x08014224       0x7c src/grbl/system.o
                0x08014224                control_pin_check
 .text.system_check_safety_door_ajar
                0x080142a0       0x10 src/grbl/system.o
                0x080142a0                system_check_safety_door_ajar
 .text.system_execute_startup
                0x080142b0       0x54 src/grbl/system.o
                0x080142b0                system_execute_startup
 .text.system_execute_line
                0x08014304      0x4dc src/grbl/system.o
                0x08014304                system_execute_line
 .text.system_convert_axis_steps_to_mpos
                0x080147e0       0x4c src/grbl/system.o
                0x080147e0                system_convert_axis_steps_to_mpos
 .text.system_convert_array_steps_to_mpos
                0x0801482c       0x40 src/grbl/system.o
                0x0801482c                system_convert_array_steps_to_mpos
 .text.system_set_exec_state_flag
                0x0801486c       0x40 src/grbl/system.o
                0x0801486c                system_set_exec_state_flag
 .text.system_clear_exec_state_flag
                0x080148ac       0x48 src/grbl/system.o
                0x080148ac                system_clear_exec_state_flag
 .text.system_set_exec_alarm_flag
                0x080148f4       0x40 src/grbl/system.o
                0x080148f4                system_set_exec_alarm_flag
 .text.system_clear_exec_alarm_flag
                0x08014934       0x48 src/grbl/system.o
                0x08014934                system_clear_exec_alarm_flag
 .text.eeprom_get_char
                0x0801497c       0x44 src/avr/eeprom.o
                0x0801497c                eeprom_get_char
 .text.eraseflash
                0x080149c0       0x20 src/avr/eeprom.o
                0x080149c0                eraseflash
 .text.progflash
                0x080149e0       0x4c src/avr/eeprom.o
                0x080149e0                progflash
 .text.eeprom_put_char
                0x08014a2c       0x24 src/avr/eeprom.o
                0x08014a2c                eeprom_put_char
 .text.memcpy_to_eeprom_with_checksum
                0x08014a50       0x70 src/avr/eeprom.o
                0x08014a50                memcpy_to_eeprom_with_checksum
 .text.memcpy_from_eeprom_with_checksum
                0x08014ac0       0x78 src/avr/eeprom.o
                0x08014ac0                memcpy_from_eeprom_with_checksum
 .text.NVIC_Init
                0x08014b38       0xc0 StdPeriph_Driver/src/misc.o
                0x08014b38                NVIC_Init
 .text.FLASH_Unlock
                0x08014bf8       0x2c StdPeriph_Driver/src/stm32f4xx_flash.o
                0x08014bf8                FLASH_Unlock
 .text.FLASH_Lock
                0x08014c24       0x1c StdPeriph_Driver/src/stm32f4xx_flash.o
                0x08014c24                FLASH_Lock
 .text.FLASH_EraseSector
                0x08014c40       0xc0 StdPeriph_Driver/src/stm32f4xx_flash.o
                0x08014c40                FLASH_EraseSector
 .text.FLASH_ProgramByte
                0x08014d00       0x68 StdPeriph_Driver/src/stm32f4xx_flash.o
                0x08014d00                FLASH_ProgramByte
 .text.FLASH_GetStatus
                0x08014d68       0x7c StdPeriph_Driver/src/stm32f4xx_flash.o
                0x08014d68                FLASH_GetStatus
 .text.FLASH_WaitForLastOperation
                0x08014de4       0x30 StdPeriph_Driver/src/stm32f4xx_flash.o
                0x08014de4                FLASH_WaitForLastOperation
 .text.GPIO_DeInit
                0x08014e14      0x164 StdPeriph_Driver/src/stm32f4xx_gpio.o
                0x08014e14                GPIO_DeInit
 .text.GPIO_Init
                0x08014f78      0x11c StdPeriph_Driver/src/stm32f4xx_gpio.o
                0x08014f78                GPIO_Init
 .text.GPIO_StructInit
                0x08015094       0x34 StdPeriph_Driver/src/stm32f4xx_gpio.o
                0x08015094                GPIO_StructInit
 .text.GPIO_ReadInputDataBit
                0x080150c8       0x34 StdPeriph_Driver/src/stm32f4xx_gpio.o
                0x080150c8                GPIO_ReadInputDataBit
 .text.GPIO_SetBits
                0x080150fc       0x1c StdPeriph_Driver/src/stm32f4xx_gpio.o
                0x080150fc                GPIO_SetBits
 .text.GPIO_ResetBits
                0x08015118       0x1c StdPeriph_Driver/src/stm32f4xx_gpio.o
                0x08015118                GPIO_ResetBits
 .text.GPIO_WriteBit
                0x08015134       0x30 StdPeriph_Driver/src/stm32f4xx_gpio.o
                0x08015134                GPIO_WriteBit
 .text.GPIO_PinAFConfig
                0x08015164       0x90 StdPeriph_Driver/src/stm32f4xx_gpio.o
                0x08015164                GPIO_PinAFConfig
 .text.RCC_GetClocksFreq
                0x080151f4      0x154 StdPeriph_Driver/src/stm32f4xx_rcc.o
                0x080151f4                RCC_GetClocksFreq
 .text.RCC_AHB1PeriphClockCmd
                0x08015348       0x3c StdPeriph_Driver/src/stm32f4xx_rcc.o
                0x08015348                RCC_AHB1PeriphClockCmd
 .text.RCC_APB1PeriphClockCmd
                0x08015384       0x3c StdPeriph_Driver/src/stm32f4xx_rcc.o
                0x08015384                RCC_APB1PeriphClockCmd
 .text.RCC_AHB1PeriphResetCmd
                0x080153c0       0x3c StdPeriph_Driver/src/stm32f4xx_rcc.o
                0x080153c0                RCC_AHB1PeriphResetCmd
 .text.RCC_APB1PeriphClockLPModeCmd
                0x080153fc       0x3c StdPeriph_Driver/src/stm32f4xx_rcc.o
                0x080153fc                RCC_APB1PeriphClockLPModeCmd
 .text.TIM_TimeBaseInit
                0x08015438       0xd4 StdPeriph_Driver/src/stm32f4xx_tim.o
                0x08015438                TIM_TimeBaseInit
 .text.TIM_TimeBaseStructInit
                0x0801550c       0x34 StdPeriph_Driver/src/stm32f4xx_tim.o
                0x0801550c                TIM_TimeBaseStructInit
 .text.TIM_ARRPreloadConfig
                0x08015540       0x40 StdPeriph_Driver/src/stm32f4xx_tim.o
                0x08015540                TIM_ARRPreloadConfig
 .text.TIM_Cmd  0x08015580       0x40 StdPeriph_Driver/src/stm32f4xx_tim.o
                0x08015580                TIM_Cmd
 .text.TIM_OC1Init
                0x080155c0       0xf4 StdPeriph_Driver/src/stm32f4xx_tim.o
                0x080155c0                TIM_OC1Init
 .text.TIM_OCStructInit
                0x080156b4       0x44 StdPeriph_Driver/src/stm32f4xx_tim.o
                0x080156b4                TIM_OCStructInit
 .text.TIM_SetCompare1
                0x080156f8       0x1c StdPeriph_Driver/src/stm32f4xx_tim.o
                0x080156f8                TIM_SetCompare1
 .text.TIM_ITConfig
                0x08015714       0x48 StdPeriph_Driver/src/stm32f4xx_tim.o
                0x08015714                TIM_ITConfig
 .text.TIM_GetITStatus
                0x0801575c       0x54 StdPeriph_Driver/src/stm32f4xx_tim.o
                0x0801575c                TIM_GetITStatus
 .text.TIM_ClearITPendingBit
                0x080157b0       0x20 StdPeriph_Driver/src/stm32f4xx_tim.o
                0x080157b0                TIM_ClearITPendingBit
 .text.USART_Init
                0x080157d0      0x178 StdPeriph_Driver/src/stm32f4xx_usart.o
                0x080157d0                USART_Init
 .text.USART_ClockInit
                0x08015948       0x54 StdPeriph_Driver/src/stm32f4xx_usart.o
                0x08015948                USART_ClockInit
 .text.USART_ClockStructInit
                0x0801599c       0x2c StdPeriph_Driver/src/stm32f4xx_usart.o
                0x0801599c                USART_ClockStructInit
 .text.USART_Cmd
                0x080159c8       0x40 StdPeriph_Driver/src/stm32f4xx_usart.o
                0x080159c8                USART_Cmd
 .text.USART_SendData
                0x08015a08       0x24 StdPeriph_Driver/src/stm32f4xx_usart.o
                0x08015a08                USART_SendData
 .text.USART_ReceiveData
                0x08015a2c       0x20 StdPeriph_Driver/src/stm32f4xx_usart.o
                0x08015a2c                USART_ReceiveData
 .text.USART_ITConfig
                0x08015a4c       0x90 StdPeriph_Driver/src/stm32f4xx_usart.o
                0x08015a4c                USART_ITConfig
 .text.USART_GetFlagStatus
                0x08015adc       0x38 StdPeriph_Driver/src/stm32f4xx_usart.o
                0x08015adc                USART_GetFlagStatus
 .text.__errno  0x08015b14        0xc c:/ac6/systemworkbench/plugins/fr.ac6.mcu.externaltools.arm-none.win32_1.3.0.201507241045/tools/compiler/bin/../lib/gcc/arm-none-eabi/4.9.3/../../../../arm-none-eabi/lib/armv7e-m/fpu\libc.a(lib_a-errno.o)
                0x08015b14                __errno
 .text.__libc_init_array
                0x08015b20       0x50 c:/ac6/systemworkbench/plugins/fr.ac6.mcu.externaltools.arm-none.win32_1.3.0.201507241045/tools/compiler/bin/../lib/gcc/arm-none-eabi/4.9.3/../../../../arm-none-eabi/lib/armv7e-m/fpu\libc.a(lib_a-init.o)
                0x08015b20                __libc_init_array
 .text.memset   0x08015b70       0x9c c:/ac6/systemworkbench/plugins/fr.ac6.mcu.externaltools.arm-none.win32_1.3.0.201507241045/tools/compiler/bin/../lib/gcc/arm-none-eabi/4.9.3/../../../../arm-none-eabi/lib/armv7e-m/fpu\libc.a(lib_a-memset.o)
                0x08015b70                memset
 .text.startup.register_fini
                0x08015c0c       0x14 c:/ac6/systemworkbench/plugins/fr.ac6.mcu.externaltools.arm-none.win32_1.3.0.201507241045/tools/compiler/bin/../lib/gcc/arm-none-eabi/4.9.3/../../../../arm-none-eabi/lib/armv7e-m/fpu\libc.a(lib_a-__call_atexit.o)
 .text.atexit   0x08015c20        0xc c:/ac6/systemworkbench/plugins/fr.ac6.mcu.externaltools.arm-none.win32_1.3.0.201507241045/tools/compiler/bin/../lib/gcc/arm-none-eabi/4.9.3/../../../../arm-none-eabi/lib/armv7e-m/fpu\libc.a(lib_a-atexit.o)
                0x08015c20                atexit
 .text.__libc_fini_array
                0x08015c2c       0x2c c:/ac6/systemworkbench/plugins/fr.ac6.mcu.externaltools.arm-none.win32_1.3.0.201507241045/tools/compiler/bin/../lib/gcc/arm-none-eabi/4.9.3/../../../../arm-none-eabi/lib/armv7e-m/fpu\libc.a(lib_a-fini.o)
                0x08015c2c                __libc_fini_array
 .text.__register_exitproc
                0x08015c58       0xa4 c:/ac6/systemworkbench/plugins/fr.ac6.mcu.externaltools.arm-none.win32_1.3.0.201507241045/tools/compiler/bin/../lib/gcc/arm-none-eabi/4.9.3/../../../../arm-none-eabi/lib/armv7e-m/fpu\libc.a(lib_a-__atexit.o)
                0x08015c58                __register_exitproc
 *fill*         0x08015cfc        0x4 
 .text.ceil     0x08015d00      0x118 c:/ac6/systemworkbench/plugins/fr.ac6.mcu.externaltools.arm-none.win32_1.3.0.201507241045/tools/compiler/bin/../lib/gcc/arm-none-eabi/4.9.3/../../../../arm-none-eabi/lib/armv7e-m/fpu\libm.a(lib_a-s_ceil.o)
                0x08015d00                ceil
 .text.cos      0x08015e18       0xa8 c:/ac6/systemworkbench/plugins/fr.ac6.mcu.externaltools.arm-none.win32_1.3.0.201507241045/tools/compiler/bin/../lib/gcc/arm-none-eabi/4.9.3/../../../../arm-none-eabi/lib/armv7e-m/fpu\libm.a(lib_a-s_cos.o)
                0x08015e18                cos
 .text.floor    0x08015ec0      0x120 c:/ac6/systemworkbench/plugins/fr.ac6.mcu.externaltools.arm-none.win32_1.3.0.201507241045/tools/compiler/bin/../lib/gcc/arm-none-eabi/4.9.3/../../../../arm-none-eabi/lib/armv7e-m/fpu\libm.a(lib_a-s_floor.o)
                0x08015ec0                floor
 .text.lround   0x08015fe0       0xa0 c:/ac6/systemworkbench/plugins/fr.ac6.mcu.externaltools.arm-none.win32_1.3.0.201507241045/tools/compiler/bin/../lib/gcc/arm-none-eabi/4.9.3/../../../../arm-none-eabi/lib/armv7e-m/fpu\libm.a(lib_a-s_lround.o)
                0x08015fe0                lround
 .text.round    0x08016080       0xa8 c:/ac6/systemworkbench/plugins/fr.ac6.mcu.externaltools.arm-none.win32_1.3.0.201507241045/tools/compiler/bin/../lib/gcc/arm-none-eabi/4.9.3/../../../../arm-none-eabi/lib/armv7e-m/fpu\libm.a(lib_a-s_round.o)
                0x08016080                round
 .text.sin      0x08016128       0xa8 c:/ac6/systemworkbench/plugins/fr.ac6.mcu.externaltools.arm-none.win32_1.3.0.201507241045/tools/compiler/bin/../lib/gcc/arm-none-eabi/4.9.3/../../../../arm-none-eabi/lib/armv7e-m/fpu\libm.a(lib_a-s_sin.o)
                0x08016128                sin
 .text.trunc    0x080161d0       0x78 c:/ac6/systemworkbench/plugins/fr.ac6.mcu.externaltools.arm-none.win32_1.3.0.201507241045/tools/compiler/bin/../lib/gcc/arm-none-eabi/4.9.3/../../../../arm-none-eabi/lib/armv7e-m/fpu\libm.a(lib_a-s_trunc.o)
                0x080161d0                trunc
 .text.atan2    0x08016248        0x4 c:/ac6/systemworkbench/plugins/fr.ac6.mcu.externaltools.arm-none.win32_1.3.0.201507241045/tools/compiler/bin/../lib/gcc/arm-none-eabi/4.9.3/../../../../arm-none-eabi/lib/armv7e-m/fpu\libm.a(lib_a-w_atan2.o)
                0x08016248                atan2
 .text.sqrt     0x0801624c       0xbc c:/ac6/systemworkbench/plugins/fr.ac6.mcu.externaltools.arm-none.win32_1.3.0.201507241045/tools/compiler/bin/../lib/gcc/arm-none-eabi/4.9.3/../../../../arm-none-eabi/lib/armv7e-m/fpu\libm.a(lib_a-w_sqrt.o)
                0x0801624c                sqrt
 .text.__ieee754_atan2
                0x08016308      0x228 c:/ac6/systemworkbench/plugins/fr.ac6.mcu.externaltools.arm-none.win32_1.3.0.201507241045/tools/compiler/bin/../lib/gcc/arm-none-eabi/4.9.3/../../../../arm-none-eabi/lib/armv7e-m/fpu\libm.a(lib_a-e_atan2.o)
                0x08016308                __ieee754_atan2
 .text.__ieee754_rem_pio2
                0x08016530      0x450 c:/ac6/systemworkbench/plugins/fr.ac6.mcu.externaltools.arm-none.win32_1.3.0.201507241045/tools/compiler/bin/../lib/gcc/arm-none-eabi/4.9.3/../../../../arm-none-eabi/lib/armv7e-m/fpu\libm.a(lib_a-e_rem_pio2.o)
                0x08016530                __ieee754_rem_pio2
 .text.__ieee754_sqrt
                0x08016980      0x1a8 c:/ac6/systemworkbench/plugins/fr.ac6.mcu.externaltools.arm-none.win32_1.3.0.201507241045/tools/compiler/bin/../lib/gcc/arm-none-eabi/4.9.3/../../../../arm-none-eabi/lib/armv7e-m/fpu\libm.a(lib_a-e_sqrt.o)
                0x08016980                __ieee754_sqrt
 .text.__kernel_cos
                0x08016b28      0x280 c:/ac6/systemworkbench/plugins/fr.ac6.mcu.externaltools.arm-none.win32_1.3.0.201507241045/tools/compiler/bin/../lib/gcc/arm-none-eabi/4.9.3/../../../../arm-none-eabi/lib/armv7e-m/fpu\libm.a(lib_a-k_cos.o)
                0x08016b28                __kernel_cos
 .text.__kernel_rem_pio2
                0x08016da8      0x7f8 c:/ac6/systemworkbench/plugins/fr.ac6.mcu.externaltools.arm-none.win32_1.3.0.201507241045/tools/compiler/bin/../lib/gcc/arm-none-eabi/4.9.3/../../../../arm-none-eabi/lib/armv7e-m/fpu\libm.a(lib_a-k_rem_pio2.o)
                0x08016da8                __kernel_rem_pio2
 .text.__kernel_sin
                0x080175a0      0x190 c:/ac6/systemworkbench/plugins/fr.ac6.mcu.externaltools.arm-none.win32_1.3.0.201507241045/tools/compiler/bin/../lib/gcc/arm-none-eabi/4.9.3/../../../../arm-none-eabi/lib/armv7e-m/fpu\libm.a(lib_a-k_sin.o)
                0x080175a0                __kernel_sin
 .text.atan     0x08017730      0x368 c:/ac6/systemworkbench/plugins/fr.ac6.mcu.externaltools.arm-none.win32_1.3.0.201507241045/tools/compiler/bin/../lib/gcc/arm-none-eabi/4.9.3/../../../../arm-none-eabi/lib/armv7e-m/fpu\libm.a(lib_a-s_atan.o)
                0x08017730                atan
 .text.fabs     0x08017a98       0x10 c:/ac6/systemworkbench/plugins/fr.ac6.mcu.externaltools.arm-none.win32_1.3.0.201507241045/tools/compiler/bin/../lib/gcc/arm-none-eabi/4.9.3/../../../../arm-none-eabi/lib/armv7e-m/fpu\libm.a(lib_a-s_fabs.o)
                0x08017a98                fabs
 .text.__fpclassifyd
                0x08017aa8       0x5c c:/ac6/systemworkbench/plugins/fr.ac6.mcu.externaltools.arm-none.win32_1.3.0.201507241045/tools/compiler/bin/../lib/gcc/arm-none-eabi/4.9.3/../../../../arm-none-eabi/lib/armv7e-m/fpu\libm.a(lib_a-s_fpclassify.o)
                0x08017aa8                __fpclassifyd
 .text.matherr  0x08017b04        0x4 c:/ac6/systemworkbench/plugins/fr.ac6.mcu.externaltools.arm-none.win32_1.3.0.201507241045/tools/compiler/bin/../lib/gcc/arm-none-eabi/4.9.3/../../../../arm-none-eabi/lib/armv7e-m/fpu\libm.a(lib_a-s_matherr.o)
                0x08017b04                matherr
 .text.scalbn   0x08017b08      0x108 c:/ac6/systemworkbench/plugins/fr.ac6.mcu.externaltools.arm-none.win32_1.3.0.201507241045/tools/compiler/bin/../lib/gcc/arm-none-eabi/4.9.3/../../../../arm-none-eabi/lib/armv7e-m/fpu\libm.a(lib_a-s_scalbn.o)
                0x08017b08                scalbn
 .text.copysign
                0x08017c10       0x1c c:/ac6/systemworkbench/plugins/fr.ac6.mcu.externaltools.arm-none.win32_1.3.0.201507241045/tools/compiler/bin/../lib/gcc/arm-none-eabi/4.9.3/../../../../arm-none-eabi/lib/armv7e-m/fpu\libm.a(lib_a-s_copysign.o)
                0x08017c10                copysign
 *(.glue_7)
 .glue_7        0x00000000        0x0 linker stubs
 *(.glue_7t)
 .glue_7t       0x00000000        0x0 linker stubs
 *(.eh_frame)
 .eh_frame      0x08017c2c        0x0 c:/ac6/systemworkbench/plugins/fr.ac6.mcu.externaltools.arm-none.win32_1.3.0.201507241045/tools/compiler/bin/../lib/gcc/arm-none-eabi/4.9.3/armv7e-m/fpu/crtbegin.o
 *(.init)
 .init          0x08017c2c        0x4 c:/ac6/systemworkbench/plugins/fr.ac6.mcu.externaltools.arm-none.win32_1.3.0.201507241045/tools/compiler/bin/../lib/gcc/arm-none-eabi/4.9.3/armv7e-m/fpu/crti.o
                0x08017c2c                _init
 .init          0x08017c30        0x8 c:/ac6/systemworkbench/plugins/fr.ac6.mcu.externaltools.arm-none.win32_1.3.0.201507241045/tools/compiler/bin/../lib/gcc/arm-none-eabi/4.9.3/armv7e-m/fpu/crtn.o
 *(.fini)
 .fini          0x08017c38        0x4 c:/ac6/systemworkbench/plugins/fr.ac6.mcu.externaltools.arm-none.win32_1.3.0.201507241045/tools/compiler/bin/../lib/gcc/arm-none-eabi/4.9.3/armv7e-m/fpu/crti.o
                0x08017c38                _fini
 .fini          0x08017c3c        0x8 c:/ac6/systemworkbench/plugins/fr.ac6.mcu.externaltools.arm-none.win32_1.3.0.201507241045/tools/compiler/bin/../lib/gcc/arm-none-eabi/4.9.3/armv7e-m/fpu/crtn.o
                0x08017c44                . = ALIGN (0x4)
                0x08017c44                _etext = .

.vfp11_veneer   0x08017c44        0x0
 .vfp11_veneer  0x00000000        0x0 linker stubs

.v4_bx          0x08017c44        0x0
 .v4_bx         0x00000000        0x0 linker stubs

.iplt           0x08017c44        0x0
 .iplt          0x00000000        0x0 c:/ac6/systemworkbench/plugins/fr.ac6.mcu.externaltools.arm-none.win32_1.3.0.201507241045/tools/compiler/bin/../lib/gcc/arm-none-eabi/4.9.3/armv7e-m/fpu/crtbegin.o

.rodata         0x08017c48      0x9e0
                0x08017c48                . = ALIGN (0x4)
 *(.rodata)
 .rodata        0x08017c48      0x7b8 src/grbl/report.o
 *(.rodata*)
 .rodata.str1.4
                0x08018400        0x2 c:/ac6/systemworkbench/plugins/fr.ac6.mcu.externaltools.arm-none.win32_1.3.0.201507241045/tools/compiler/bin/../lib/gcc/arm-none-eabi/4.9.3/../../../../arm-none-eabi/lib/armv7e-m/fpu\libc.a(lib_a-impure.o)
                                  0x4 (size before relaxing)
 *fill*         0x08018402        0x2 
 .rodata._global_impure_ptr
                0x08018404        0x4 c:/ac6/systemworkbench/plugins/fr.ac6.mcu.externaltools.arm-none.win32_1.3.0.201507241045/tools/compiler/bin/../lib/gcc/arm-none-eabi/4.9.3/../../../../arm-none-eabi/lib/armv7e-m/fpu\libc.a(lib_a-impure.o)
                0x08018404                _global_impure_ptr
 .rodata.str1.4
                0x08018408        0x8 c:/ac6/systemworkbench/plugins/fr.ac6.mcu.externaltools.arm-none.win32_1.3.0.201507241045/tools/compiler/bin/../lib/gcc/arm-none-eabi/4.9.3/../../../../arm-none-eabi/lib/armv7e-m/fpu\libm.a(lib_a-w_sqrt.o)
 .rodata.npio2_hw
                0x08018410       0x80 c:/ac6/systemworkbench/plugins/fr.ac6.mcu.externaltools.arm-none.win32_1.3.0.201507241045/tools/compiler/bin/../lib/gcc/arm-none-eabi/4.9.3/../../../../arm-none-eabi/lib/armv7e-m/fpu\libm.a(lib_a-e_rem_pio2.o)
 .rodata.two_over_pi
                0x08018490      0x108 c:/ac6/systemworkbench/plugins/fr.ac6.mcu.externaltools.arm-none.win32_1.3.0.201507241045/tools/compiler/bin/../lib/gcc/arm-none-eabi/4.9.3/../../../../arm-none-eabi/lib/armv7e-m/fpu\libm.a(lib_a-e_rem_pio2.o)
 .rodata.init_jk
                0x08018598       0x10 c:/ac6/systemworkbench/plugins/fr.ac6.mcu.externaltools.arm-none.win32_1.3.0.201507241045/tools/compiler/bin/../lib/gcc/arm-none-eabi/4.9.3/../../../../arm-none-eabi/lib/armv7e-m/fpu\libm.a(lib_a-k_rem_pio2.o)
 .rodata.PIo2   0x080185a8       0x40 c:/ac6/systemworkbench/plugins/fr.ac6.mcu.externaltools.arm-none.win32_1.3.0.201507241045/tools/compiler/bin/../lib/gcc/arm-none-eabi/4.9.3/../../../../arm-none-eabi/lib/armv7e-m/fpu\libm.a(lib_a-k_rem_pio2.o)
 .rodata.atanlo
                0x080185e8       0x20 c:/ac6/systemworkbench/plugins/fr.ac6.mcu.externaltools.arm-none.win32_1.3.0.201507241045/tools/compiler/bin/../lib/gcc/arm-none-eabi/4.9.3/../../../../arm-none-eabi/lib/armv7e-m/fpu\libm.a(lib_a-s_atan.o)
 .rodata.atanhi
                0x08018608       0x20 c:/ac6/systemworkbench/plugins/fr.ac6.mcu.externaltools.arm-none.win32_1.3.0.201507241045/tools/compiler/bin/../lib/gcc/arm-none-eabi/4.9.3/../../../../arm-none-eabi/lib/armv7e-m/fpu\libm.a(lib_a-s_atan.o)
                0x08018628                . = ALIGN (0x4)

.rel.dyn        0x08018628        0x0
 .rel.iplt      0x00000000        0x0 c:/ac6/systemworkbench/plugins/fr.ac6.mcu.externaltools.arm-none.win32_1.3.0.201507241045/tools/compiler/bin/../lib/gcc/arm-none-eabi/4.9.3/armv7e-m/fpu/crtbegin.o

.ARM.extab
 *(.ARM.extab* .gnu.linkonce.armextab.*)

.ARM            0x08018628        0x0
                0x08018628                __exidx_start = .
 *(.ARM.exidx*)
                0x08018628                __exidx_end = .

.preinit_array  0x08018628        0x0
                0x08018628                PROVIDE (__preinit_array_start, .)
 *(.preinit_array*)
                0x08018628                PROVIDE (__preinit_array_end, .)

.init_array     0x08018628        0x8
                0x08018628                PROVIDE (__init_array_start, .)
 *(SORT(.init_array.*))
 .init_array.00000
                0x08018628        0x4 c:/ac6/systemworkbench/plugins/fr.ac6.mcu.externaltools.arm-none.win32_1.3.0.201507241045/tools/compiler/bin/../lib/gcc/arm-none-eabi/4.9.3/../../../../arm-none-eabi/lib/armv7e-m/fpu\libc.a(lib_a-__call_atexit.o)
 *(.init_array*)
 .init_array    0x0801862c        0x4 c:/ac6/systemworkbench/plugins/fr.ac6.mcu.externaltools.arm-none.win32_1.3.0.201507241045/tools/compiler/bin/../lib/gcc/arm-none-eabi/4.9.3/armv7e-m/fpu/crtbegin.o
                0x08018630                PROVIDE (__init_array_end, .)

.fini_array     0x08018630        0x4
                0x08018630                PROVIDE (__fini_array_start, .)
 *(SORT(.fini_array.*))
 *(.fini_array*)
 .fini_array    0x08018630        0x4 c:/ac6/systemworkbench/plugins/fr.ac6.mcu.externaltools.arm-none.win32_1.3.0.201507241045/tools/compiler/bin/../lib/gcc/arm-none-eabi/4.9.3/armv7e-m/fpu/crtbegin.o
                0x08018634                PROVIDE (__fini_array_end, .)
                0x08018634                _sidata = LOADADDR (.data)

.data           0x20000000      0x448 load address 0x08018634
                0x20000000                . = ALIGN (0x4)
                0x20000000                _sdata = .
 *(.data)
 .data          0x20000000        0x4 src/avr/eeprom.o
 .data          0x20000004       0x10 StdPeriph_Driver/src/stm32f4xx_rcc.o
 *(.data*)
 *fill*         0x20000014        0x4 
 .data.impure_data
                0x20000018      0x428 c:/ac6/systemworkbench/plugins/fr.ac6.mcu.externaltools.arm-none.win32_1.3.0.201507241045/tools/compiler/bin/../lib/gcc/arm-none-eabi/4.9.3/../../../../arm-none-eabi/lib/armv7e-m/fpu\libc.a(lib_a-impure.o)
 .data._impure_ptr
                0x20000440        0x4 c:/ac6/systemworkbench/plugins/fr.ac6.mcu.externaltools.arm-none.win32_1.3.0.201507241045/tools/compiler/bin/../lib/gcc/arm-none-eabi/4.9.3/../../../../arm-none-eabi/lib/armv7e-m/fpu\libc.a(lib_a-impure.o)
                0x20000440                _impure_ptr
 .data.__fdlib_version
                0x20000444        0x1 c:/ac6/systemworkbench/plugins/fr.ac6.mcu.externaltools.arm-none.win32_1.3.0.201507241045/tools/compiler/bin/../lib/gcc/arm-none-eabi/4.9.3/../../../../arm-none-eabi/lib/armv7e-m/fpu\libm.a(lib_a-s_lib_ver.o)
                0x20000444                __fdlib_version
                0x20000448                . = ALIGN (0x4)
 *fill*         0x20000445        0x3 
                0x20000448                _edata = .

.jcr            0x20000448        0x0 load address 0x08018a7c
 .jcr           0x20000448        0x0 c:/ac6/systemworkbench/plugins/fr.ac6.mcu.externaltools.arm-none.win32_1.3.0.201507241045/tools/compiler/bin/../lib/gcc/arm-none-eabi/4.9.3/armv7e-m/fpu/crtbegin.o

.igot.plt       0x20000448        0x0 load address 0x08018a7c
 .igot.plt      0x00000000        0x0 c:/ac6/systemworkbench/plugins/fr.ac6.mcu.externaltools.arm-none.win32_1.3.0.201507241045/tools/compiler/bin/../lib/gcc/arm-none-eabi/4.9.3/armv7e-m/fpu/crtbegin.o
                0x20000448                . = ALIGN (0x4)

.bss            0x20000448     0x168c load address 0x08018a7c
                0x20000448                _sbss = .
                0x20000448                __bss_start__ = _sbss
 *(.bss)
 .bss           0x20000448       0x1c c:/ac6/systemworkbench/plugins/fr.ac6.mcu.externaltools.arm-none.win32_1.3.0.201507241045/tools/compiler/bin/../lib/gcc/arm-none-eabi/4.9.3/armv7e-m/fpu/crtbegin.o
 .bss           0x20000464        0x1 src/grbl/limits.o
 *fill*         0x20000465        0x3 
 .bss           0x20000468      0x338 src/grbl/planner.o
 .bss           0x200007a0       0x50 src/grbl/protocol.o
 .bss           0x200007f0        0x4 src/grbl/serial.o
                0x200007f0                serial_rx_buffer_head
                0x200007f1                serial_rx_buffer_tail
                0x200007f2                serial_tx_buffer_head
                0x200007f3                serial_tx_buffer_tail
 .bss           0x200007f4      0x110 src/grbl/stepper.o
                0x20000900                timerrunning
 .bss           0x20000904        0x1 src/grbl/system.o
 *(.bss*)
 *(COMMON)
 COMMON         0x20000905        0x3 src/grbl/coolant_control.o
                0x20000905                sys_rt_exec_state
                0x20000906                sys_probe_state
                0x20000907                sys_rt_exec_alarm
 COMMON         0x20000908       0x84 src/grbl/gcode.o
                0x20000908                gc_state
                0x2000094c                gc_block
 COMMON         0x2000098c        0x4 src/grbl/limits.o
                0x2000098c                limitintison
 COMMON         0x20000990       0x24 src/grbl/main.o
                0x20000990                sys
 COMMON         0x200009b4        0x1 src/grbl/probe.o
                0x200009b4                probe_invert_mask
 *fill*         0x200009b5        0x3 
 COMMON         0x200009b8       0xc0 src/grbl/serial.o
                0x200009b8                serial_tx_buffer
                0x200009f8                serial_rx_buffer
 COMMON         0x20000a78       0x5c src/grbl/settings.o
                0x20000a78                settings
 COMMON         0x20000ad4     0x1000 src/avr/eeprom.o
                0x20000ad4                eeprom
                0x20001ad4                . = ALIGN (0x4)
                0x20001ad4                _ebss = .
                0x20001ad4                __bss_end__ = _ebss

._user_heap_stack
                0x20001ad4      0x604 load address 0x08018a7c
                0x20001ad8                . = ALIGN (0x8)
 *fill*         0x20001ad4        0x4 
                0x20001ad8                PROVIDE (end, .)
                0x20001ad8                PROVIDE (_end, .)
                0x20001cd8                . = (. + _Min_Heap_Size)
 *fill*         0x20001ad8      0x200 
                0x200020d8                . = (. + _Min_Stack_Size)
 *fill*         0x20001cd8      0x400 
                0x200020d8                . = ALIGN (0x8)

/DISCARD/
 libc.a(*)
 libm.a(*)
 libgcc.a(*)

.ARM.attributes
                0x00000000       0x30
 *(.ARM.attributes)
 .ARM.attributes
                0x00000000       0x22 c:/ac6/systemworkbench/plugins/fr.ac6.mcu.externaltools.arm-none.win32_1.3.0.201507241045/tools/compiler/bin/../lib/gcc/arm-none-eabi/4.9.3/armv7e-m/fpu/crti.o
 .ARM.attributes
                0x00000022       0x34 c:/ac6/systemworkbench/plugins/fr.ac6.mcu.externaltools.arm-none.win32_1.3.0.201507241045/tools/compiler/bin/../lib/gcc/arm-none-eabi/4.9.3/armv7e-m/fpu/crtbegin.o
 .ARM.attributes
                0x00000056       0x21 startup/startup_stm32f411xe.o
 .ARM.attributes
                0x00000077       0x39 src/util/delay.o
 .ARM.attributes
                0x000000b0       0x39 src/system_stm32f4xx.o
 .ARM.attributes
                0x000000e9       0x39 src/grbl/coolant_control.o
 .ARM.attributes
                0x00000122       0x39 src/grbl/gcode.o
 .ARM.attributes
                0x0000015b       0x39 src/grbl/limits.o
 .ARM.attributes
                0x00000194       0x39 src/grbl/main.o
 .ARM.attributes
                0x000001cd       0x39 src/grbl/motion_control.o
 .ARM.attributes
                0x00000206       0x39 src/grbl/nuts_bolts.o
 .ARM.attributes
                0x0000023f       0x39 src/grbl/planner.o
 .ARM.attributes
                0x00000278       0x39 src/grbl/print.o
 .ARM.attributes
                0x000002b1       0x39 src/grbl/probe.o
 .ARM.attributes
                0x000002ea       0x39 src/grbl/protocol.o
 .ARM.attributes
                0x00000323       0x39 src/grbl/report.o
 .ARM.attributes
                0x0000035c       0x39 src/grbl/serial.o
 .ARM.attributes
                0x00000395       0x39 src/grbl/settings.o
 .ARM.attributes
                0x000003ce       0x39 src/grbl/spindle_control.o
 .ARM.attributes
                0x00000407       0x39 src/grbl/stepper.o
 .ARM.attributes
                0x00000440       0x39 src/grbl/system.o
 .ARM.attributes
                0x00000479       0x39 src/avr/eeprom.o
 .ARM.attributes
                0x000004b2       0x39 StdPeriph_Driver/src/misc.o
 .ARM.attributes
                0x000004eb       0x39 StdPeriph_Driver/src/stm32f4xx_flash.o
 .ARM.attributes
                0x00000524       0x39 StdPeriph_Driver/src/stm32f4xx_gpio.o
 .ARM.attributes
                0x0000055d       0x39 StdPeriph_Driver/src/stm32f4xx_rcc.o
 .ARM.attributes
                0x00000596       0x39 StdPeriph_Driver/src/stm32f4xx_tim.o
 .ARM.attributes
                0x000005cf       0x39 StdPeriph_Driver/src/stm32f4xx_usart.o
 .ARM.attributes
                0x00000608       0x22 c:/ac6/systemworkbench/plugins/fr.ac6.mcu.externaltools.arm-none.win32_1.3.0.201507241045/tools/compiler/bin/../lib/gcc/arm-none-eabi/4.9.3/armv7e-m/fpu\libgcc.a(_arm_addsubdf3.o)
 .ARM.attributes
                0x0000062a       0x22 c:/ac6/systemworkbench/plugins/fr.ac6.mcu.externaltools.arm-none.win32_1.3.0.201507241045/tools/compiler/bin/../lib/gcc/arm-none-eabi/4.9.3/armv7e-m/fpu\libgcc.a(_arm_muldivdf3.o)
 .ARM.attributes
                0x0000064c       0x22 c:/ac6/systemworkbench/plugins/fr.ac6.mcu.externaltools.arm-none.win32_1.3.0.201507241045/tools/compiler/bin/../lib/gcc/arm-none-eabi/4.9.3/armv7e-m/fpu\libgcc.a(_arm_cmpdf2.o)
 .ARM.attributes
                0x0000066e       0x22 c:/ac6/systemworkbench/plugins/fr.ac6.mcu.externaltools.arm-none.win32_1.3.0.201507241045/tools/compiler/bin/../lib/gcc/arm-none-eabi/4.9.3/armv7e-m/fpu\libgcc.a(_arm_fixdfsi.o)
 .ARM.attributes
                0x00000690       0x22 c:/ac6/systemworkbench/plugins/fr.ac6.mcu.externaltools.arm-none.win32_1.3.0.201507241045/tools/compiler/bin/../lib/gcc/arm-none-eabi/4.9.3/armv7e-m/fpu\libgcc.a(_arm_fixunsdfsi.o)
 .ARM.attributes
                0x000006b2       0x22 c:/ac6/systemworkbench/plugins/fr.ac6.mcu.externaltools.arm-none.win32_1.3.0.201507241045/tools/compiler/bin/../lib/gcc/arm-none-eabi/4.9.3/armv7e-m/fpu\libgcc.a(_arm_truncdfsf2.o)
 .ARM.attributes
                0x000006d4       0x34 c:/ac6/systemworkbench/plugins/fr.ac6.mcu.externaltools.arm-none.win32_1.3.0.201507241045/tools/compiler/bin/../lib/gcc/arm-none-eabi/4.9.3/../../../../arm-none-eabi/lib/armv7e-m/fpu\libc.a(lib_a-errno.o)
 .ARM.attributes
                0x00000708       0x34 c:/ac6/systemworkbench/plugins/fr.ac6.mcu.externaltools.arm-none.win32_1.3.0.201507241045/tools/compiler/bin/../lib/gcc/arm-none-eabi/4.9.3/../../../../arm-none-eabi/lib/armv7e-m/fpu\libc.a(lib_a-impure.o)
 .ARM.attributes
                0x0000073c       0x34 c:/ac6/systemworkbench/plugins/fr.ac6.mcu.externaltools.arm-none.win32_1.3.0.201507241045/tools/compiler/bin/../lib/gcc/arm-none-eabi/4.9.3/../../../../arm-none-eabi/lib/armv7e-m/fpu\libc.a(lib_a-init.o)
 .ARM.attributes
                0x00000770       0x20 c:/ac6/systemworkbench/plugins/fr.ac6.mcu.externaltools.arm-none.win32_1.3.0.201507241045/tools/compiler/bin/../lib/gcc/arm-none-eabi/4.9.3/../../../../arm-none-eabi/lib/armv7e-m/fpu\libc.a(lib_a-memcpy.o)
 .ARM.attributes
                0x00000790       0x34 c:/ac6/systemworkbench/plugins/fr.ac6.mcu.externaltools.arm-none.win32_1.3.0.201507241045/tools/compiler/bin/../lib/gcc/arm-none-eabi/4.9.3/../../../../arm-none-eabi/lib/armv7e-m/fpu\libc.a(lib_a-memset.o)
 .ARM.attributes
                0x000007c4       0x34 c:/ac6/systemworkbench/plugins/fr.ac6.mcu.externaltools.arm-none.win32_1.3.0.201507241045/tools/compiler/bin/../lib/gcc/arm-none-eabi/4.9.3/../../../../arm-none-eabi/lib/armv7e-m/fpu\libc.a(lib_a-__call_atexit.o)
 .ARM.attributes
                0x000007f8       0x34 c:/ac6/systemworkbench/plugins/fr.ac6.mcu.externaltools.arm-none.win32_1.3.0.201507241045/tools/compiler/bin/../lib/gcc/arm-none-eabi/4.9.3/../../../../arm-none-eabi/lib/armv7e-m/fpu\libc.a(lib_a-atexit.o)
 .ARM.attributes
                0x0000082c       0x34 c:/ac6/systemworkbench/plugins/fr.ac6.mcu.externaltools.arm-none.win32_1.3.0.201507241045/tools/compiler/bin/../lib/gcc/arm-none-eabi/4.9.3/../../../../arm-none-eabi/lib/armv7e-m/fpu\libc.a(lib_a-fini.o)
 .ARM.attributes
                0x00000860       0x34 c:/ac6/systemworkbench/plugins/fr.ac6.mcu.externaltools.arm-none.win32_1.3.0.201507241045/tools/compiler/bin/../lib/gcc/arm-none-eabi/4.9.3/../../../../arm-none-eabi/lib/armv7e-m/fpu\libc.a(lib_a-__atexit.o)
 .ARM.attributes
                0x00000894       0x22 c:/ac6/systemworkbench/plugins/fr.ac6.mcu.externaltools.arm-none.win32_1.3.0.201507241045/tools/compiler/bin/../lib/gcc/arm-none-eabi/4.9.3/armv7e-m/fpu/crtn.o
OUTPUT(grbl_stm32.elf elf32-littlearm)

.debug_line     0x00000000     0xd718
 .debug_line    0x00000000       0x7f startup/startup_stm32f411xe.o
 .debug_line    0x0000007f       0x63 src/util/delay.o
 .debug_line    0x000000e2      0x595 src/system_stm32f4xx.o
 .debug_line    0x00000677      0x7f7 src/grbl/coolant_control.o
 .debug_line    0x00000e6e      0xc1f src/grbl/gcode.o
 .debug_line    0x00001a8d      0x939 src/grbl/limits.o
 .debug_line    0x000023c6      0x821 src/grbl/main.o
 .debug_line    0x00002be7      0x911 src/grbl/motion_control.o
 .debug_line    0x000034f8      0x868 src/grbl/nuts_bolts.o
 .debug_line    0x00003d60      0xa5e src/grbl/planner.o
 .debug_line    0x000047be      0x90e src/grbl/print.o
 .debug_line    0x000050cc      0x803 src/grbl/probe.o
 .debug_line    0x000058cf      0x958 src/grbl/protocol.o
 .debug_line    0x00006227      0xa22 src/grbl/report.o
 .debug_line    0x00006c49      0x8bf src/grbl/serial.o
 .debug_line    0x00007508      0x9cf src/grbl/settings.o
 .debug_line    0x00007ed7      0x829 src/grbl/spindle_control.o
 .debug_line    0x00008700      0xbe2 src/grbl/stepper.o
 .debug_line    0x000092e2      0xa86 src/grbl/system.o
 .debug_line    0x00009d68      0x6b0 src/avr/eeprom.o
 .debug_line    0x0000a418      0x572 StdPeriph_Driver/src/misc.o
 .debug_line    0x0000a98a      0x897 StdPeriph_Driver/src/stm32f4xx_flash.o
 .debug_line    0x0000b221      0x66c StdPeriph_Driver/src/stm32f4xx_gpio.o
 .debug_line    0x0000b88d      0x946 StdPeriph_Driver/src/stm32f4xx_rcc.o
 .debug_line    0x0000c1d3      0xd8e StdPeriph_Driver/src/stm32f4xx_tim.o
 .debug_line    0x0000cf61      0x7b7 StdPeriph_Driver/src/stm32f4xx_usart.o

.debug_info     0x00000000     0xbce9
 .debug_info    0x00000000       0x5d startup/startup_stm32f411xe.o
 .debug_info    0x0000005d       0x86 src/util/delay.o
 .debug_info    0x000000e3      0x5de src/system_stm32f4xx.o
 .debug_info    0x000006c1      0x341 src/grbl/coolant_control.o
 .debug_info    0x00000a02      0x5f6 src/grbl/gcode.o
 .debug_info    0x00000ff8      0x5b2 src/grbl/limits.o
 .debug_info    0x000015aa      0x422 src/grbl/main.o
 .debug_info    0x000019cc      0x5f4 src/grbl/motion_control.o
 .debug_info    0x00001fc0      0x59c src/grbl/nuts_bolts.o
 .debug_info    0x0000255c      0x70b src/grbl/planner.o
 .debug_info    0x00002c67      0x50b src/grbl/print.o
 .debug_info    0x00003172      0x469 src/grbl/probe.o
 .debug_info    0x000035db      0x52e src/grbl/protocol.o
 .debug_info    0x00003b09      0x668 src/grbl/report.o
 .debug_info    0x00004171      0x8bd src/grbl/serial.o
 .debug_info    0x00004a2e      0x577 src/grbl/settings.o
 .debug_info    0x00004fa5      0x88c src/grbl/spindle_control.o
 .debug_info    0x00005831     0x1137 src/grbl/stepper.o
 .debug_info    0x00006968      0x7fe src/grbl/system.o
 .debug_info    0x00007166      0x30c src/avr/eeprom.o
 .debug_info    0x00007472      0x545 StdPeriph_Driver/src/misc.o
 .debug_info    0x000079b7      0x938 StdPeriph_Driver/src/stm32f4xx_flash.o
 .debug_info    0x000082ef      0x60d StdPeriph_Driver/src/stm32f4xx_gpio.o
 .debug_info    0x000088fc      0xdba StdPeriph_Driver/src/stm32f4xx_rcc.o
 .debug_info    0x000096b6     0x1c69 StdPeriph_Driver/src/stm32f4xx_tim.o
 .debug_info    0x0000b31f      0x9ca StdPeriph_Driver/src/stm32f4xx_usart.o

.debug_abbrev   0x00000000     0x279d
 .debug_abbrev  0x00000000       0x12 startup/startup_stm32f411xe.o
 .debug_abbrev  0x00000012       0x7d src/util/delay.o
 .debug_abbrev  0x0000008f      0x13b src/system_stm32f4xx.o
 .debug_abbrev  0x000001ca      0x12f src/grbl/coolant_control.o
 .debug_abbrev  0x000002f9      0x182 src/grbl/gcode.o
 .debug_abbrev  0x0000047b      0x1f4 src/grbl/limits.o
 .debug_abbrev  0x0000066f      0x13b src/grbl/main.o
 .debug_abbrev  0x000007aa      0x186 src/grbl/motion_control.o
 .debug_abbrev  0x00000930      0x16b src/grbl/nuts_bolts.o
 .debug_abbrev  0x00000a9b      0x243 src/grbl/planner.o
 .debug_abbrev  0x00000cde      0x127 src/grbl/print.o
 .debug_abbrev  0x00000e05      0x16b src/grbl/probe.o
 .debug_abbrev  0x00000f70      0x13a src/grbl/protocol.o
 .debug_abbrev  0x000010aa      0x1cb src/grbl/report.o
 .debug_abbrev  0x00001275      0x1a5 src/grbl/serial.o
 .debug_abbrev  0x0000141a      0x1a7 src/grbl/settings.o
 .debug_abbrev  0x000015c1      0x1cc src/grbl/spindle_control.o
 .debug_abbrev  0x0000178d      0x2e1 src/grbl/stepper.o
 .debug_abbrev  0x00001a6e      0x2f0 src/grbl/system.o
 .debug_abbrev  0x00001d5e      0x136 src/avr/eeprom.o
 .debug_abbrev  0x00001e94      0x14a StdPeriph_Driver/src/misc.o
 .debug_abbrev  0x00001fde      0x172 StdPeriph_Driver/src/stm32f4xx_flash.o
 .debug_abbrev  0x00002150      0x1a8 StdPeriph_Driver/src/stm32f4xx_gpio.o
 .debug_abbrev  0x000022f8      0x1bf StdPeriph_Driver/src/stm32f4xx_rcc.o
 .debug_abbrev  0x000024b7      0x18c StdPeriph_Driver/src/stm32f4xx_tim.o
 .debug_abbrev  0x00002643      0x15a StdPeriph_Driver/src/stm32f4xx_usart.o

.debug_aranges  0x00000000      0xe78
 .debug_aranges
                0x00000000       0x28 startup/startup_stm32f411xe.o
 .debug_aranges
                0x00000028       0x28 src/util/delay.o
 .debug_aranges
                0x00000050       0x30 src/system_stm32f4xx.o
 .debug_aranges
                0x00000080       0x38 src/grbl/coolant_control.o
 .debug_aranges
                0x000000b8       0x38 src/grbl/gcode.o
 .debug_aranges
                0x000000f0       0x50 src/grbl/limits.o
 .debug_aranges
                0x00000140       0x20 src/grbl/main.o
 .debug_aranges
                0x00000160       0x50 src/grbl/motion_control.o
 .debug_aranges
                0x000001b0       0x40 src/grbl/nuts_bolts.o
 .debug_aranges
                0x000001f0       0x80 src/grbl/planner.o
 .debug_aranges
                0x00000270       0x78 src/grbl/print.o
 .debug_aranges
                0x000002e8       0x38 src/grbl/probe.o
 .debug_aranges
                0x00000320       0x48 src/grbl/protocol.o
 .debug_aranges
                0x00000368       0x80 src/grbl/report.o
 .debug_aranges
                0x000003e8       0x60 src/grbl/serial.o
 .debug_aranges
                0x00000448       0x88 src/grbl/settings.o
 .debug_aranges
                0x000004d0       0x38 src/grbl/spindle_control.o
 .debug_aranges
                0x00000508       0xf0 src/grbl/stepper.o
 .debug_aranges
                0x000005f8       0x78 src/grbl/system.o
 .debug_aranges
                0x00000670       0x48 src/avr/eeprom.o
 .debug_aranges
                0x000006b8       0x40 StdPeriph_Driver/src/misc.o
 .debug_aranges
                0x000006f8      0x158 StdPeriph_Driver/src/stm32f4xx_flash.o
 .debug_aranges
                0x00000850       0x88 StdPeriph_Driver/src/stm32f4xx_gpio.o
 .debug_aranges
                0x000008d8      0x1a8 StdPeriph_Driver/src/stm32f4xx_rcc.o
 .debug_aranges
                0x00000a80      0x2f8 StdPeriph_Driver/src/stm32f4xx_tim.o
 .debug_aranges
                0x00000d78      0x100 StdPeriph_Driver/src/stm32f4xx_usart.o

.debug_ranges   0x00000000      0xd00
 .debug_ranges  0x00000000       0x20 startup/startup_stm32f411xe.o
 .debug_ranges  0x00000020       0x18 src/util/delay.o
 .debug_ranges  0x00000038       0x20 src/system_stm32f4xx.o
 .debug_ranges  0x00000058       0x28 src/grbl/coolant_control.o
 .debug_ranges  0x00000080       0x48 src/grbl/gcode.o
 .debug_ranges  0x000000c8       0x40 src/grbl/limits.o
 .debug_ranges  0x00000108       0x10 src/grbl/main.o
 .debug_ranges  0x00000118       0x40 src/grbl/motion_control.o
 .debug_ranges  0x00000158       0x30 src/grbl/nuts_bolts.o
 .debug_ranges  0x00000188       0x70 src/grbl/planner.o
 .debug_ranges  0x000001f8       0x68 src/grbl/print.o
 .debug_ranges  0x00000260       0x28 src/grbl/probe.o
 .debug_ranges  0x00000288       0x38 src/grbl/protocol.o
 .debug_ranges  0x000002c0       0x70 src/grbl/report.o
 .debug_ranges  0x00000330       0x50 src/grbl/serial.o
 .debug_ranges  0x00000380       0x78 src/grbl/settings.o
 .debug_ranges  0x000003f8       0x28 src/grbl/spindle_control.o
 .debug_ranges  0x00000420       0xe0 src/grbl/stepper.o
 .debug_ranges  0x00000500       0x68 src/grbl/system.o
 .debug_ranges  0x00000568       0x38 src/avr/eeprom.o
 .debug_ranges  0x000005a0       0x30 StdPeriph_Driver/src/misc.o
 .debug_ranges  0x000005d0      0x148 StdPeriph_Driver/src/stm32f4xx_flash.o
 .debug_ranges  0x00000718       0x78 StdPeriph_Driver/src/stm32f4xx_gpio.o
 .debug_ranges  0x00000790      0x198 StdPeriph_Driver/src/stm32f4xx_rcc.o
 .debug_ranges  0x00000928      0x2e8 StdPeriph_Driver/src/stm32f4xx_tim.o
 .debug_ranges  0x00000c10       0xf0 StdPeriph_Driver/src/stm32f4xx_usart.o

.debug_macro    0x00000000    0x13a36
 .debug_macro   0x00000000       0x17 src/util/delay.o
 .debug_macro   0x00000017      0x89e src/util/delay.o
 .debug_macro   0x000008b5      0x194 src/system_stm32f4xx.o
 .debug_macro   0x00000a49       0x5e src/system_stm32f4xx.o
 .debug_macro   0x00000aa7       0x3b src/system_stm32f4xx.o
 .debug_macro   0x00000ae2       0x44 src/system_stm32f4xx.o
 .debug_macro   0x00000b26       0x1c src/system_stm32f4xx.o
 .debug_macro   0x00000b42      0x1f7 src/system_stm32f4xx.o
 .debug_macro   0x00000d39       0x2d src/system_stm32f4xx.o
 .debug_macro   0x00000d66       0x26 src/system_stm32f4xx.o
 .debug_macro   0x00000d8c      0xd39 src/system_stm32f4xx.o
 .debug_macro   0x00001ac5     0x7ce5 src/system_stm32f4xx.o
 .debug_macro   0x000097aa      0x44f src/system_stm32f4xx.o
 .debug_macro   0x00009bf9       0xb2 src/system_stm32f4xx.o
 .debug_macro   0x00009cab      0x477 src/system_stm32f4xx.o
 .debug_macro   0x0000a122       0xae src/system_stm32f4xx.o
 .debug_macro   0x0000a1d0      0x41c src/system_stm32f4xx.o
 .debug_macro   0x0000a5ec      0x2e6 src/system_stm32f4xx.o
 .debug_macro   0x0000a8d2      0x2ba src/system_stm32f4xx.o
 .debug_macro   0x0000ab8c       0x64 src/system_stm32f4xx.o
 .debug_macro   0x0000abf0       0xeb src/system_stm32f4xx.o
 .debug_macro   0x0000acdb      0x642 src/system_stm32f4xx.o
 .debug_macro   0x0000b31d      0x57b src/system_stm32f4xx.o
 .debug_macro   0x0000b898      0x342 src/system_stm32f4xx.o
 .debug_macro   0x0000bbda      0x36c src/system_stm32f4xx.o
 .debug_macro   0x0000bf46       0xf0 src/system_stm32f4xx.o
 .debug_macro   0x0000c036      0x73b src/system_stm32f4xx.o
 .debug_macro   0x0000c771      0x223 src/system_stm32f4xx.o
 .debug_macro   0x0000c994       0x34 src/system_stm32f4xx.o
 .debug_macro   0x0000c9c8       0x82 src/system_stm32f4xx.o
 .debug_macro   0x0000ca4a       0x10 src/system_stm32f4xx.o
 .debug_macro   0x0000ca5a       0x35 src/system_stm32f4xx.o
 .debug_macro   0x0000ca8f      0x381 src/grbl/coolant_control.o
 .debug_macro   0x0000ce10       0x16 src/grbl/coolant_control.o
 .debug_macro   0x0000ce26       0x82 src/grbl/coolant_control.o
 .debug_macro   0x0000cea8      0x3f9 src/grbl/coolant_control.o
 .debug_macro   0x0000d2a1      0x311 src/grbl/coolant_control.o
 .debug_macro   0x0000d5b2       0x16 src/grbl/coolant_control.o
 .debug_macro   0x0000d5c8       0x10 src/grbl/coolant_control.o
 .debug_macro   0x0000d5d8       0xf6 src/grbl/coolant_control.o
 .debug_macro   0x0000d6ce      0x1e1 src/grbl/coolant_control.o
 .debug_macro   0x0000d8af       0x10 src/grbl/coolant_control.o
 .debug_macro   0x0000d8bf       0x22 src/grbl/coolant_control.o
 .debug_macro   0x0000d8e1      0x102 src/grbl/coolant_control.o
 .debug_macro   0x0000d9e3       0xac src/grbl/coolant_control.o
 .debug_macro   0x0000da8f       0xc4 src/grbl/coolant_control.o
 .debug_macro   0x0000db53       0xee src/grbl/coolant_control.o
 .debug_macro   0x0000dc41       0xca src/grbl/coolant_control.o
 .debug_macro   0x0000dd0b      0x10b src/grbl/coolant_control.o
 .debug_macro   0x0000de16      0x1b5 src/grbl/coolant_control.o
 .debug_macro   0x0000dfcb       0x16 src/grbl/coolant_control.o
 .debug_macro   0x0000dfe1       0x1c src/grbl/coolant_control.o
 .debug_macro   0x0000dffd       0x16 src/grbl/coolant_control.o
 .debug_macro   0x0000e013       0x10 src/grbl/coolant_control.o
 .debug_macro   0x0000e023      0x11e src/grbl/coolant_control.o
 .debug_macro   0x0000e141       0x1c src/grbl/coolant_control.o
 .debug_macro   0x0000e15d       0x10 src/grbl/coolant_control.o
 .debug_macro   0x0000e16d      0x3a5 src/grbl/gcode.o
 .debug_macro   0x0000e512      0x38d src/grbl/limits.o
 .debug_macro   0x0000e89f      0x381 src/grbl/main.o
 .debug_macro   0x0000ec20      0x381 src/grbl/motion_control.o
 .debug_macro   0x0000efa1      0x387 src/grbl/nuts_bolts.o
 .debug_macro   0x0000f328      0x387 src/grbl/planner.o
 .debug_macro   0x0000f6af      0x381 src/grbl/print.o
 .debug_macro   0x0000fa30      0x381 src/grbl/probe.o
 .debug_macro   0x0000fdb1      0x393 src/grbl/protocol.o
 .debug_macro   0x00010144      0x381 src/grbl/report.o
 .debug_macro   0x000104c5      0x3f3 src/grbl/serial.o
 .debug_macro   0x000108b8      0x381 src/grbl/settings.o
 .debug_macro   0x00010c39      0x381 src/grbl/spindle_control.o
 .debug_macro   0x00010fba      0x3c9 src/grbl/stepper.o
 .debug_macro   0x00011383      0x381 src/grbl/system.o
 .debug_macro   0x00011704      0x246 src/avr/eeprom.o
 .debug_macro   0x0001194a       0x16 src/avr/eeprom.o
 .debug_macro   0x00011960      0x179 StdPeriph_Driver/src/misc.o
 .debug_macro   0x00011ad9       0x7c StdPeriph_Driver/src/misc.o
 .debug_macro   0x00011b55      0x179 StdPeriph_Driver/src/stm32f4xx_flash.o
 .debug_macro   0x00011cce      0x416 StdPeriph_Driver/src/stm32f4xx_flash.o
 .debug_macro   0x000120e4      0x177 StdPeriph_Driver/src/stm32f4xx_gpio.o
 .debug_macro   0x0001225b      0x2e0 StdPeriph_Driver/src/stm32f4xx_gpio.o
 .debug_macro   0x0001253b      0x23d StdPeriph_Driver/src/stm32f4xx_rcc.o
 .debug_macro   0x00012778      0x63c StdPeriph_Driver/src/stm32f4xx_rcc.o
 .debug_macro   0x00012db4      0x1a1 StdPeriph_Driver/src/stm32f4xx_tim.o
 .debug_macro   0x00012f55      0x735 StdPeriph_Driver/src/stm32f4xx_tim.o
 .debug_macro   0x0001368a      0x18f StdPeriph_Driver/src/stm32f4xx_usart.o
 .debug_macro   0x00013819      0x21d StdPeriph_Driver/src/stm32f4xx_usart.o

.debug_str      0x00000000    0x5c250
 .debug_str     0x00000000     0x250c src/util/delay.o
                               0x251f (size before relaxing)
 .debug_str     0x0000250c    0x4ee44 src/system_stm32f4xx.o
                              0x514bc (size before relaxing)
 .debug_str     0x00051350     0x67dd src/grbl/coolant_control.o
                              0x57ab0 (size before relaxing)
 .debug_str     0x00057b2d      0x2bb src/grbl/gcode.o
                              0x57ce8 (size before relaxing)
 .debug_str     0x00057de8      0x25f src/grbl/limits.o
                              0x57cd6 (size before relaxing)
 .debug_str     0x00058047       0x25 src/grbl/main.o
                              0x57ba8 (size before relaxing)
 .debug_str     0x0005806c      0x158 src/grbl/motion_control.o
                              0x57cde (size before relaxing)
 .debug_str     0x000581c4      0x1b0 src/grbl/nuts_bolts.o
                              0x57c7f (size before relaxing)
 .debug_str     0x00058374      0x2b9 src/grbl/planner.o
                              0x57e81 (size before relaxing)
 .debug_str     0x0005862d      0x10a src/grbl/print.o
                              0x57beb (size before relaxing)
 .debug_str     0x00058737       0x71 src/grbl/probe.o
                              0x57c02 (size before relaxing)
 .debug_str     0x000587a8      0x140 src/grbl/protocol.o
                              0x57d6f (size before relaxing)
 .debug_str     0x000588e8      0x176 src/grbl/report.o
                              0x57da4 (size before relaxing)
 .debug_str     0x00058a5e      0x8c0 src/grbl/serial.o
                              0x58486 (size before relaxing)
 .debug_str     0x0005931e      0x17d src/grbl/settings.o
                              0x57c96 (size before relaxing)
 .debug_str     0x0005949b      0x224 src/grbl/spindle_control.o
                              0x57f58 (size before relaxing)
 .debug_str     0x000596bf      0x67c src/grbl/stepper.o
                              0x588ab (size before relaxing)
 .debug_str     0x00059d3b      0x1ab src/grbl/system.o
                              0x57d5b (size before relaxing)
 .debug_str     0x00059ee6      0x163 src/avr/eeprom.o
                              0x54c44 (size before relaxing)
 .debug_str     0x0005a049      0x142 StdPeriph_Driver/src/misc.o
                              0x5148d (size before relaxing)
 .debug_str     0x0005a18b      0x421 StdPeriph_Driver/src/stm32f4xx_flash.o
                              0x51757 (size before relaxing)
 .debug_str     0x0005a5ac      0x182 StdPeriph_Driver/src/stm32f4xx_gpio.o
                              0x51535 (size before relaxing)
 .debug_str     0x0005a72e      0xc11 StdPeriph_Driver/src/stm32f4xx_rcc.o
                              0x51fcc (size before relaxing)
 .debug_str     0x0005b33f      0xaa4 StdPeriph_Driver/src/stm32f4xx_tim.o
                              0x51f2c (size before relaxing)
 .debug_str     0x0005bde3      0x46d StdPeriph_Driver/src/stm32f4xx_usart.o
                              0x51848 (size before relaxing)

.comment        0x00000000       0x70
 .comment       0x00000000       0x70 src/util/delay.o
                                 0x71 (size before relaxing)
 .comment       0x00000000       0x71 src/system_stm32f4xx.o
 .comment       0x00000000       0x71 src/grbl/coolant_control.o
 .comment       0x00000000       0x71 src/grbl/gcode.o
 .comment       0x00000000       0x71 src/grbl/limits.o
 .comment       0x00000000       0x71 src/grbl/main.o
 .comment       0x00000000       0x71 src/grbl/motion_control.o
 .comment       0x00000000       0x71 src/grbl/nuts_bolts.o
 .comment       0x00000000       0x71 src/grbl/planner.o
 .comment       0x00000000       0x71 src/grbl/print.o
 .comment       0x00000000       0x71 src/grbl/probe.o
 .comment       0x00000000       0x71 src/grbl/protocol.o
 .comment       0x00000000       0x71 src/grbl/report.o
 .comment       0x00000000       0x71 src/grbl/serial.o
 .comment       0x00000000       0x71 src/grbl/settings.o
 .comment       0x00000000       0x71 src/grbl/spindle_control.o
 .comment       0x00000000       0x71 src/grbl/stepper.o
 .comment       0x00000000       0x71 src/grbl/system.o
 .comment       0x00000000       0x71 src/avr/eeprom.o
 .comment       0x00000000       0x71 StdPeriph_Driver/src/misc.o
 .comment       0x00000000       0x71 StdPeriph_Driver/src/stm32f4xx_flash.o
 .comment       0x00000000       0x71 StdPeriph_Driver/src/stm32f4xx_gpio.o
 .comment       0x00000000       0x71 StdPeriph_Driver/src/stm32f4xx_rcc.o
 .comment       0x00000000       0x71 StdPeriph_Driver/src/stm32f4xx_tim.o
 .comment       0x00000000       0x71 StdPeriph_Driver/src/stm32f4xx_usart.o

.debug_frame    0x00000000     0x3af0
 .debug_frame   0x00000000       0x5c src/util/delay.o
 .debug_frame   0x0000005c       0x7c src/system_stm32f4xx.o
 .debug_frame   0x000000d8       0x90 src/grbl/coolant_control.o
 .debug_frame   0x00000168       0xa4 src/grbl/gcode.o
 .debug_frame   0x0000020c      0x104 src/grbl/limits.o
 .debug_frame   0x00000310       0x2c src/grbl/main.o
 .debug_frame   0x0000033c      0x108 src/grbl/motion_control.o
 .debug_frame   0x00000444       0xc4 src/grbl/nuts_bolts.o
 .debug_frame   0x00000508      0x1d8 src/grbl/planner.o
 .debug_frame   0x000006e0      0x1cc src/grbl/print.o
 .debug_frame   0x000008ac       0x94 src/grbl/probe.o
 .debug_frame   0x00000940       0xd8 src/grbl/protocol.o
 .debug_frame   0x00000a18      0x1d8 src/grbl/report.o
 .debug_frame   0x00000bf0      0x154 src/grbl/serial.o
 .debug_frame   0x00000d44      0x208 src/grbl/settings.o
 .debug_frame   0x00000f4c       0xa0 src/grbl/spindle_control.o
 .debug_frame   0x00000fec      0x384 src/grbl/stepper.o
 .debug_frame   0x00001370      0x1d0 src/grbl/system.o
 .debug_frame   0x00001540       0xec src/avr/eeprom.o
 .debug_frame   0x0000162c       0xd8 StdPeriph_Driver/src/misc.o
 .debug_frame   0x00001704      0x5b0 StdPeriph_Driver/src/stm32f4xx_flash.o
 .debug_frame   0x00001cb4      0x23c StdPeriph_Driver/src/stm32f4xx_gpio.o
 .debug_frame   0x00001ef0      0x7c4 StdPeriph_Driver/src/stm32f4xx_rcc.o
 .debug_frame   0x000026b4      0xe54 StdPeriph_Driver/src/stm32f4xx_tim.o
 .debug_frame   0x00003508      0x490 StdPeriph_Driver/src/stm32f4xx_usart.o
 .debug_frame   0x00003998       0x20 c:/ac6/systemworkbench/plugins/fr.ac6.mcu.externaltools.arm-none.win32_1.3.0.201507241045/tools/compiler/bin/../lib/gcc/arm-none-eabi/4.9.3/../../../../arm-none-eabi/lib/armv7e-m/fpu\libc.a(lib_a-errno.o)
 .debug_frame   0x000039b8       0x2c c:/ac6/systemworkbench/plugins/fr.ac6.mcu.externaltools.arm-none.win32_1.3.0.201507241045/tools/compiler/bin/../lib/gcc/arm-none-eabi/4.9.3/../../../../arm-none-eabi/lib/armv7e-m/fpu\libc.a(lib_a-init.o)
 .debug_frame   0x000039e4       0x34 c:/ac6/systemworkbench/plugins/fr.ac6.mcu.externaltools.arm-none.win32_1.3.0.201507241045/tools/compiler/bin/../lib/gcc/arm-none-eabi/4.9.3/../../../../arm-none-eabi/lib/armv7e-m/fpu\libc.a(lib_a-memset.o)
 .debug_frame   0x00003a18       0x50 c:/ac6/systemworkbench/plugins/fr.ac6.mcu.externaltools.arm-none.win32_1.3.0.201507241045/tools/compiler/bin/../lib/gcc/arm-none-eabi/4.9.3/../../../../arm-none-eabi/lib/armv7e-m/fpu\libc.a(lib_a-__call_atexit.o)
 .debug_frame   0x00003a68       0x20 c:/ac6/systemworkbench/plugins/fr.ac6.mcu.externaltools.arm-none.win32_1.3.0.201507241045/tools/compiler/bin/../lib/gcc/arm-none-eabi/4.9.3/../../../../arm-none-eabi/lib/armv7e-m/fpu\libc.a(lib_a-atexit.o)
 .debug_frame   0x00003a88       0x34 c:/ac6/systemworkbench/plugins/fr.ac6.mcu.externaltools.arm-none.win32_1.3.0.201507241045/tools/compiler/bin/../lib/gcc/arm-none-eabi/4.9.3/../../../../arm-none-eabi/lib/armv7e-m/fpu\libc.a(lib_a-fini.o)
 .debug_frame   0x00003abc       0x34 c:/ac6/systemworkbench/plugins/fr.ac6.mcu.externaltools.arm-none.win32_1.3.0.201507241045/tools/compiler/bin/../lib/gcc/arm-none-eabi/4.9.3/../../../../arm-none-eabi/lib/armv7e-m/fpu\libc.a(lib_a-__atexit.o)
