Archive member included because of file (symbol)

c:/ac6/systemworkbench/plugins/fr.ac6.mcu.externaltools.arm-none.win32_1.3.0.201507241045/tools/compiler/bin/../lib/gcc/arm-none-eabi/4.9.3/armv7e-m/fpu\libgcc.a(_arm_addsubdf3.o)
                              src/grbl/gcode.o (__aeabi_dsub)
c:/ac6/systemworkbench/plugins/fr.ac6.mcu.externaltools.arm-none.win32_1.3.0.201507241045/tools/compiler/bin/../lib/gcc/arm-none-eabi/4.9.3/armv7e-m/fpu\libgcc.a(_arm_muldivdf3.o)
                              src/grbl/gcode.o (__aeabi_dmul)
c:/ac6/systemworkbench/plugins/fr.ac6.mcu.externaltools.arm-none.win32_1.3.0.201507241045/tools/compiler/bin/../lib/gcc/arm-none-eabi/4.9.3/armv7e-m/fpu\libgcc.a(_arm_cmpdf2.o)
                              src/grbl/planner.o (__aeabi_dcmplt)
c:/ac6/systemworkbench/plugins/fr.ac6.mcu.externaltools.arm-none.win32_1.3.0.201507241045/tools/compiler/bin/../lib/gcc/arm-none-eabi/4.9.3/armv7e-m/fpu\libgcc.a(_arm_fixdfsi.o)
                              src/grbl/gcode.o (__aeabi_d2iz)
c:/ac6/systemworkbench/plugins/fr.ac6.mcu.externaltools.arm-none.win32_1.3.0.201507241045/tools/compiler/bin/../lib/gcc/arm-none-eabi/4.9.3/armv7e-m/fpu\libgcc.a(_arm_fixunsdfsi.o)
                              src/grbl/gcode.o (__aeabi_d2uiz)
c:/ac6/systemworkbench/plugins/fr.ac6.mcu.externaltools.arm-none.win32_1.3.0.201507241045/tools/compiler/bin/../lib/gcc/arm-none-eabi/4.9.3/armv7e-m/fpu\libgcc.a(_arm_truncdfsf2.o)
                              src/grbl/gcode.o (__aeabi_d2f)
c:/ac6/systemworkbench/plugins/fr.ac6.mcu.externaltools.arm-none.win32_1.3.0.201507241045/tools/compiler/bin/../lib/gcc/arm-none-eabi/4.9.3/../../../../arm-none-eabi/lib/armv7e-m/fpu\libc.a(lib_a-errno.o)
                              src/syscalls.o (__errno)
c:/ac6/systemworkbench/plugins/fr.ac6.mcu.externaltools.arm-none.win32_1.3.0.201507241045/tools/compiler/bin/../lib/gcc/arm-none-eabi/4.9.3/../../../../arm-none-eabi/lib/armv7e-m/fpu\libc.a(lib_a-exit.o)
                              c:/ac6/systemworkbench/plugins/fr.ac6.mcu.externaltools.arm-none.win32_1.3.0.201507241045/tools/compiler/bin/../lib/gcc/arm-none-eabi/4.9.3/../../../../arm-none-eabi/lib/armv7e-m/fpu/crt0.o (exit)
c:/ac6/systemworkbench/plugins/fr.ac6.mcu.externaltools.arm-none.win32_1.3.0.201507241045/tools/compiler/bin/../lib/gcc/arm-none-eabi/4.9.3/../../../../arm-none-eabi/lib/armv7e-m/fpu\libc.a(lib_a-impure.o)
                              c:/ac6/systemworkbench/plugins/fr.ac6.mcu.externaltools.arm-none.win32_1.3.0.201507241045/tools/compiler/bin/../lib/gcc/arm-none-eabi/4.9.3/../../../../arm-none-eabi/lib/armv7e-m/fpu\libc.a(lib_a-exit.o) (_global_impure_ptr)
c:/ac6/systemworkbench/plugins/fr.ac6.mcu.externaltools.arm-none.win32_1.3.0.201507241045/tools/compiler/bin/../lib/gcc/arm-none-eabi/4.9.3/../../../../arm-none-eabi/lib/armv7e-m/fpu\libc.a(lib_a-init.o)
                              c:/ac6/systemworkbench/plugins/fr.ac6.mcu.externaltools.arm-none.win32_1.3.0.201507241045/tools/compiler/bin/../lib/gcc/arm-none-eabi/4.9.3/../../../../arm-none-eabi/lib/armv7e-m/fpu/crt0.o (__libc_init_array)
c:/ac6/systemworkbench/plugins/fr.ac6.mcu.externaltools.arm-none.win32_1.3.0.201507241045/tools/compiler/bin/../lib/gcc/arm-none-eabi/4.9.3/../../../../arm-none-eabi/lib/armv7e-m/fpu\libc.a(lib_a-memcpy.o)
                              src/avr/eeprom.o (memcpy)
c:/ac6/systemworkbench/plugins/fr.ac6.mcu.externaltools.arm-none.win32_1.3.0.201507241045/tools/compiler/bin/../lib/gcc/arm-none-eabi/4.9.3/../../../../arm-none-eabi/lib/armv7e-m/fpu\libc.a(lib_a-memset.o)
                              c:/ac6/systemworkbench/plugins/fr.ac6.mcu.externaltools.arm-none.win32_1.3.0.201507241045/tools/compiler/bin/../lib/gcc/arm-none-eabi/4.9.3/../../../../arm-none-eabi/lib/armv7e-m/fpu/crt0.o (memset)
c:/ac6/systemworkbench/plugins/fr.ac6.mcu.externaltools.arm-none.win32_1.3.0.201507241045/tools/compiler/bin/../lib/gcc/arm-none-eabi/4.9.3/../../../../arm-none-eabi/lib/armv7e-m/fpu\libc.a(lib_a-__call_atexit.o)
                              c:/ac6/systemworkbench/plugins/fr.ac6.mcu.externaltools.arm-none.win32_1.3.0.201507241045/tools/compiler/bin/../lib/gcc/arm-none-eabi/4.9.3/../../../../arm-none-eabi/lib/armv7e-m/fpu\libc.a(lib_a-exit.o) (__call_exitprocs)
c:/ac6/systemworkbench/plugins/fr.ac6.mcu.externaltools.arm-none.win32_1.3.0.201507241045/tools/compiler/bin/../lib/gcc/arm-none-eabi/4.9.3/../../../../arm-none-eabi/lib/armv7e-m/fpu\libc.a(lib_a-atexit.o)
                              c:/ac6/systemworkbench/plugins/fr.ac6.mcu.externaltools.arm-none.win32_1.3.0.201507241045/tools/compiler/bin/../lib/gcc/arm-none-eabi/4.9.3/../../../../arm-none-eabi/lib/armv7e-m/fpu\libc.a(lib_a-__call_atexit.o) (atexit)
c:/ac6/systemworkbench/plugins/fr.ac6.mcu.externaltools.arm-none.win32_1.3.0.201507241045/tools/compiler/bin/../lib/gcc/arm-none-eabi/4.9.3/../../../../arm-none-eabi/lib/armv7e-m/fpu\libc.a(lib_a-fini.o)
[...]
Memory Configuration

Name             Origin             Length             Attributes
FLASH0           0x08000000         0x00008000         xr
FLASH1           0x08008000         0x00004000         xr
FLASH2           0x0800c000         0x00074000         xr
RAM              0x20000000         0x00020000         xrw
*default*        0x00000000         0xffffffff

Linker script and memory map

LOAD c:/ac6/systemworkbench/plugins/fr.ac6.mcu.externaltools.arm-none.win32_1.3.0.201507241045/tools/compiler/bin/../lib/gcc/arm-none-eabi/4.9.3/armv7e-m/fpu/crti.o
LOAD c:/ac6/systemworkbench/plugins/fr.ac6.mcu.externaltools.arm-none.win32_1.3.0.201507241045/tools/compiler/bin/../lib/gcc/arm-none-eabi/4.9.3/armv7e-m/fpu/crtbegin.o
LOAD c:/ac6/systemworkbench/plugins/fr.ac6.mcu.externaltools.arm-none.win32_1.3.0.201507241045/tools/compiler/bin/../lib/gcc/arm-none-eabi/4.9.3/../../../../arm-none-eabi/lib/armv7e-m/fpu/crt0.o
LOAD c:/ac6/systemworkbench/plugins/fr.ac6.mcu.externaltools.arm-none.win32_1.3.0.201507241045/tools/compiler/bin/../lib/gcc/arm-none-eabi/4.9.3/../../../../arm-none-eabi/lib/armv7e-m/fpu\libm.a
LOAD startup/startup_stm32f411xe.o
LOAD src/util/delay.o
LOAD src/util/floatunsisf.o
LOAD src/syscalls.o
LOAD src/system_stm32f4xx.o
LOAD src/grbl/coolant_control.o
LOAD src/grbl/gcode.o
LOAD src/grbl/limits.o
LOAD src/grbl/main.o
LOAD src/grbl/motion_control.o
LOAD src/grbl/nuts_bolts.o
LOAD src/grbl/planner.o
LOAD src/grbl/print.o
LOAD src/grbl/probe.o
LOAD src/grbl/protocol.o
LOAD src/grbl/report.o
LOAD src/grbl/serial.o
LOAD src/grbl/settings.o
LOAD src/grbl/spindle_control.o
LOAD src/grbl/stepper.o
LOAD src/grbl/system.o
LOAD src/avr/eeprom.o
LOAD src/avr/io.o
LOAD StdPeriph_Driver/src/misc.o
LOAD StdPeriph_Driver/src/stm32f4xx_adc.o
LOAD StdPeriph_Driver/src/stm32f4xx_can.o
LOAD StdPeriph_Driver/src/stm32f4xx_crc.o
LOAD StdPeriph_Driver/src/stm32f4xx_cryp.o
LOAD StdPeriph_Driver/src/stm32f4xx_cryp_aes.o
LOAD StdPeriph_Driver/src/stm32f4xx_cryp_des.o
LOAD StdPeriph_Driver/src/stm32f4xx_cryp_tdes.o
LOAD StdPeriph_Driver/src/stm32f4xx_dac.o
LOAD StdPeriph_Driver/src/stm32f4xx_dbgmcu.o
LOAD StdPeriph_Driver/src/stm32f4xx_dcmi.o
LOAD StdPeriph_Driver/src/stm32f4xx_dma.o
LOAD StdPeriph_Driver/src/stm32f4xx_dma2d.o
LOAD StdPeriph_Driver/src/stm32f4xx_exti.o
LOAD StdPeriph_Driver/src/stm32f4xx_flash.o
LOAD StdPeriph_Driver/src/stm32f4xx_flash_ramfunc.o
LOAD StdPeriph_Driver/src/stm32f4xx_gpio.o
LOAD StdPeriph_Driver/src/stm32f4xx_hash.o
LOAD StdPeriph_Driver/src/stm32f4xx_hash_md5.o
LOAD StdPeriph_Driver/src/stm32f4xx_hash_sha1.o
LOAD StdPeriph_Driver/src/stm32f4xx_i2c.o
LOAD StdPeriph_Driver/src/stm32f4xx_iwdg.o
LOAD StdPeriph_Driver/src/stm32f4xx_ltdc.o
LOAD StdPeriph_Driver/src/stm32f4xx_pwr.o
LOAD StdPeriph_Driver/src/stm32f4xx_rcc.o
LOAD StdPeriph_Driver/src/stm32f4xx_rng.o
LOAD StdPeriph_Driver/src/stm32f4xx_rtc.o
LOAD StdPeriph_Driver/src/stm32f4xx_sai.o
LOAD StdPeriph_Driver/src/stm32f4xx_sdio.o
LOAD StdPeriph_Driver/src/stm32f4xx_spi.o
LOAD StdPeriph_Driver/src/stm32f4xx_syscfg.o
LOAD StdPeriph_Driver/src/stm32f4xx_tim.o
LOAD StdPeriph_Driver/src/stm32f4xx_usart.o
LOAD StdPeriph_Driver/src/stm32f4xx_wwdg.o
START GROUP
LOAD c:/ac6/systemworkbench/plugins/fr.ac6.mcu.externaltools.arm-none.win32_1.3.0.201507241045/tools/compiler/bin/../lib/gcc/arm-none-eabi/4.9.3/armv7e-m/fpu\libgcc.a
LOAD c:/ac6/systemworkbench/plugins/fr.ac6.mcu.externaltools.arm-none.win32_1.3.0.201507241045/tools/compiler/bin/../lib/gcc/arm-none-eabi/4.9.3/../../../../arm-none-eabi/lib/armv7e-m/fpu\libc.a
END GROUP
LOAD c:/ac6/systemworkbench/plugins/fr.ac6.mcu.externaltools.arm-none.win32_1.3.0.201507241045/tools/compiler/bin/../lib/gcc/arm-none-eabi/4.9.3/armv7e-m/fpu/crtend.o
LOAD c:/ac6/systemworkbench/plugins/fr.ac6.mcu.externaltools.arm-none.win32_1.3.0.201507241045/tools/compiler/bin/../lib/gcc/arm-none-eabi/4.9.3/armv7e-m/fpu/crtn.o
                0x20020000                _estack = 0x20020000
                0x00000200                _Min_Heap_Size = 0x200
                0x00000400                _Min_Stack_Size = 0x400

.isr_vector     0x08000000      0x198
                0x08000000                . = ALIGN (0x4)
 *(.isr_vector)
 .isr_vector    0x08000000      0x198 startup/startup_stm32f411xe.o
                0x08000000                g_pfnVectors
                0x08000198                . = ALIGN (0x4)

.text           0x0800c000     0xb794
                0x0800c000                . = ALIGN (0x4)
 *(.text)
 .text          0x0800c000       0x5c c:/ac6/systemworkbench/plugins/fr.ac6.mcu.externaltools.arm-none.win32_1.3.0.201507241045/tools/compiler/bin/../lib/gcc/arm-none-eabi/4.9.3/armv7e-m/fpu/crtbegin.o
 .text          0x0800c05c      0x370 c:/ac6/systemworkbench/plugins/fr.ac6.mcu.externaltools.arm-none.win32_1.3.0.201507241045/tools/compiler/bin/../lib/gcc/arm-none-eabi/4.9.3/armv7e-m/fpu\libgcc.a(_arm_addsubdf3.o)
                0x0800c05c                __aeabi_drsub
                0x0800c064                __aeabi_dsub
                0x0800c064                __subdf3
                0x0800c068                __aeabi_dadd
                0x0800c068                __adddf3
                0x0800c2e0                __floatunsidf
                0x0800c2e0                __aeabi_ui2d
                0x0800c300                __floatsidf
                0x0800c300                __aeabi_i2d
                0x0800c324                __aeabi_f2d
                0x0800c324                __extendsfdf2
                0x0800c360                __floatundidf
                0x0800c360                __aeabi_ul2d
                0x0800c370                __floatdidf
                0x0800c370                __aeabi_l2d
 .text          0x0800c3cc      0x424 c:/ac6/systemworkbench/plugins/fr.ac6.mcu.externaltools.arm-none.win32_1.3.0.201507241045/tools/compiler/bin/../lib/gcc/arm-none-eabi/4.9.3/armv7e-m/fpu\libgcc.a(_arm_muldivdf3.o)
                0x0800c3cc                __aeabi_dmul
                0x0800c3cc                __muldf3
                0x0800c620                __divdf3
                0x0800c620                __aeabi_ddiv
 .text          0x0800c7f0      0x110 c:/ac6/systemworkbench/plugins/fr.ac6.mcu.externaltools.arm-none.win32_1.3.0.201507241045/tools/compiler/bin/../lib/gcc/arm-none-eabi/4.9.3/armv7e-m/fpu\libgcc.a(_arm_cmpdf2.o)
                0x0800c7f0                __gtdf2
                0x0800c7f0                __gedf2
                0x0800c7f8                __ltdf2
                0x0800c7f8                __ledf2
                0x0800c800                __nedf2
                0x0800c800                __eqdf2
                0x0800c800                __cmpdf2
                0x0800c87c                __aeabi_cdrcmple
                0x0800c88c                __aeabi_cdcmpeq
                0x0800c88c                __aeabi_cdcmple
                0x0800c89c                __aeabi_dcmpeq
                0x0800c8b0                __aeabi_dcmplt
                0x0800c8c4                __aeabi_dcmple
                0x0800c8d8                __aeabi_dcmpge
                0x0800c8ec                __aeabi_dcmpgt
 .text          0x0800c900       0x50 c:/ac6/systemworkbench/plugins/fr.ac6.mcu.externaltools.arm-none.win32_1.3.0.201507241045/tools/compiler/bin/../lib/gcc/arm-none-eabi/4.9.3/armv7e-m/fpu\libgcc.a(_arm_fixdfsi.o)
                0x0800c900                __aeabi_d2iz
                0x0800c900                __fixdfsi
 .text          0x0800c950       0x40 c:/ac6/systemworkbench/plugins/fr.ac6.mcu.externaltools.arm-none.win32_1.3.0.201507241045/tools/compiler/bin/../lib/gcc/arm-none-eabi/4.9.3/armv7e-m/fpu\libgcc.a(_arm_fixunsdfsi.o)
                0x0800c950                __aeabi_d2uiz
                0x0800c950                __fixunsdfsi
 .text          0x0800c990       0xa0 c:/ac6/systemworkbench/plugins/fr.ac6.mcu.externaltools.arm-none.win32_1.3.0.201507241045/tools/compiler/bin/../lib/gcc/arm-none-eabi/4.9.3/armv7e-m/fpu\libgcc.a(_arm_truncdfsf2.o)
                0x0800c990                __truncdfsf2
                0x0800c990                __aeabi_d2f
 .text          0x0800ca30      0x134 c:/ac6/systemworkbench/plugins/fr.ac6.mcu.externaltools.arm-none.win32_1.3.0.201507241045/tools/compiler/bin/../lib/gcc/arm-none-eabi/4.9.3/../../../../arm-none-eabi/lib/armv7e-m/fpu\libc.a(lib_a-memcpy.o)
                0x0800ca30                memcpy
 *(.text*)
 .text.Reset_Handler
                0x0800cb64       0x50 startup/startup_stm32f411xe.o
                0x0800cb64                Reset_Handler
 .text.Default_Handler
                0x0800cbb4        0x2 startup/startup_stm32f411xe.o
                0x0800cbb4                RTC_Alarm_IRQHandler
                0x0800cbb4                EXTI2_IRQHandler
                0x0800cbb4                DebugMon_Handler
                0x0800cbb4                SPI4_IRQHandler
                0x0800cbb4                TIM1_CC_IRQHandler
                0x0800cbb4                DMA2_Stream5_IRQHandler
                0x0800cbb4                HardFault_Handler
                0x0800cbb4                DMA1_Stream5_IRQHandler
                0x0800cbb4                SysTick_Handler
                0x0800cbb4                PVD_IRQHandler
                0x0800cbb4                SDIO_IRQHandler
                0x0800cbb4                TAMP_STAMP_IRQHandler
                0x0800cbb4                PendSV_Handler
                0x0800cbb4                NMI_Handler
                0x0800cbb4                EXTI3_IRQHandler
                0x0800cbb4                TIM1_UP_TIM10_IRQHandler
                0x0800cbb4                I2C3_ER_IRQHandler
                0x0800cbb4                EXTI0_IRQHandler
                0x0800cbb4                I2C2_EV_IRQHandler
                0x0800cbb4                DMA1_Stream2_IRQHandler
                0x0800cbb4                FPU_IRQHandler
                0x0800cbb4                UsageFault_Handler
                0x0800cbb4                DMA2_Stream2_IRQHandler
                0x0800cbb4                SPI1_IRQHandler
                0x0800cbb4                TIM1_BRK_TIM9_IRQHandler
                0x0800cbb4                DMA2_Stream3_IRQHandler
                0x0800cbb4                USART6_IRQHandler
                0x0800cbb4                DMA2_Stream0_IRQHandler
                0x0800cbb4                TIM4_IRQHandler
                0x0800cbb4                I2C1_EV_IRQHandler
                0x0800cbb4                DMA1_Stream6_IRQHandler
                0x0800cbb4                DMA1_Stream1_IRQHandler
                0x0800cbb4                TIM3_IRQHandler
                0x0800cbb4                RCC_IRQHandler
                0x0800cbb4                Default_Handler
                0x0800cbb4                EXTI15_10_IRQHandler
                0x0800cbb4                ADC_IRQHandler
                0x0800cbb4                SPI5_IRQHandler
                0x0800cbb4                TIM5_IRQHandler
                0x0800cbb4                DMA2_Stream7_IRQHandler
                0x0800cbb4                I2C3_EV_IRQHandler
                0x0800cbb4                EXTI9_5_IRQHandler
                0x0800cbb4                RTC_WKUP_IRQHandler
                0x0800cbb4                SPI2_IRQHandler
                0x0800cbb4                MemManage_Handler
                0x0800cbb4                DMA1_Stream0_IRQHandler
                0x0800cbb4                SVC_Handler
                0x0800cbb4                EXTI4_IRQHandler
                0x0800cbb4                WWDG_IRQHandler
                0x0800cbb4                OTG_FS_WKUP_IRQHandler
                0x0800cbb4                TIM1_TRG_COM_TIM11_IRQHandler
                0x0800cbb4                EXTI1_IRQHandler
                0x0800cbb4                I2C2_ER_IRQHandler
                0x0800cbb4                DMA2_Stream1_IRQHandler
                0x0800cbb4                FLASH_IRQHandler
                0x0800cbb4                DMA2_Stream4_IRQHandler
                0x0800cbb4                BusFault_Handler
                0x0800cbb4                USART1_IRQHandler
                0x0800cbb4                OTG_FS_IRQHandler
                0x0800cbb4                SPI3_IRQHandler
                0x0800cbb4                DMA1_Stream4_IRQHandler
                0x0800cbb4                I2C1_ER_IRQHandler
                0x0800cbb4                DMA2_Stream6_IRQHandler
                0x0800cbb4                DMA1_Stream3_IRQHandler
 *fill*         0x0800cbb6        0x2 
 .text._delay_us
                0x0800cbb8       0x28 src/util/delay.o
                0x0800cbb8                _delay_us
 .text._delay_ms
                0x0800cbe0       0x24 src/util/delay.o
                0x0800cbe0                _delay_ms
 .text.SystemInit
                0x0800cc04       0x68 src/system_stm32f4xx.o
                0x0800cc04                SystemInit
 .text.SetSysClock
                0x0800cc6c       0xa0 src/system_stm32f4xx.o
 .text.coolant_init
                0x0800cd0c        0xc src/grbl/coolant_control.o
                0x0800cd0c                coolant_init
 .text.coolant_stop
                0x0800cd18        0xc src/grbl/coolant_control.o
                0x0800cd18                coolant_stop
 .text.coolant_set_state
                0x0800cd24       0x28 src/grbl/coolant_control.o
                0x0800cd24                coolant_set_state
 .text.coolant_run
                0x0800cd4c       0x2c src/grbl/coolant_control.o
                0x0800cd4c                coolant_run
 .text.gc_init  0x0800cd78       0x30 src/grbl/gcode.o
                0x0800cd78                gc_init
 .text.gc_sync_position
                0x0800cda8       0x18 src/grbl/gcode.o
                0x0800cda8                gc_sync_position
 .text.gc_check_same_position
                0x0800cdc0       0x50 src/grbl/gcode.o
 .text.gc_execute_line
                0x0800ce10     0x1a48 src/grbl/gcode.o
                0x0800ce10                gc_execute_line
 .text.limits_disable
                0x0800e858       0x18 src/grbl/limits.o
                0x0800e858                limits_disable
 .text.limits_enable
                0x0800e870       0x18 src/grbl/limits.o
                0x0800e870                limits_enable
 .text.limits_init
                0x0800e888       0x40 src/grbl/limits.o
                0x0800e888                limits_init
 .text.limits_get_state
                0x0800e8c8       0x74 src/grbl/limits.o
                0x0800e8c8                limits_get_state
 .text.limitpin_check
                0x0800e93c       0x5c src/grbl/limits.o
                0x0800e93c                limitpin_check
 .text.limits_go_home
                0x0800e998      0x494 src/grbl/limits.o
                0x0800e998                limits_go_home
 .text.limits_soft_check
                0x0800ee2c       0xa4 src/grbl/limits.o
                0x0800ee2c                limits_soft_check
 .text.main     0x0800eed0       0x90 src/grbl/main.o
                0x0800eed0                main
 .text.mc_line  0x0800ef60       0x70 src/grbl/motion_control.o
                0x0800ef60                mc_line
 .text.mc_arc   0x0800efd0      0x568 src/grbl/motion_control.o
                0x0800efd0                mc_arc
 .text.mc_dwell
                0x0800f538       0x2c src/grbl/motion_control.o
                0x0800f538                mc_dwell
 .text.mc_homing_cycle
                0x0800f564       0x30 src/grbl/motion_control.o
                0x0800f564                mc_homing_cycle
 .text.mc_probe_cycle
                0x0800f594       0xf4 src/grbl/motion_control.o
                0x0800f594                mc_probe_cycle
 .text.mc_reset
                0x0800f688       0x5c src/grbl/motion_control.o
                0x0800f688                mc_reset
 *fill*         0x0800f6e4        0x4 
 .text.read_float
                0x0800f6e8      0x1f0 src/grbl/nuts_bolts.o
                0x0800f6e8                read_float
 .text.delay_sec
                0x0800f8d8       0x84 src/grbl/nuts_bolts.o
                0x0800f8d8                delay_sec
 .text.delay_ms
                0x0800f95c       0x24 src/grbl/nuts_bolts.o
                0x0800f95c                delay_ms
 .text.hypot_f  0x0800f980       0x5c src/grbl/nuts_bolts.o
                0x0800f980                hypot_f
 .text.set_as_output
                0x0800f9dc       0x30 src/grbl/nuts_bolts.o
                0x0800f9dc                set_as_output
 .text.set_as_input
                0x0800fa0c       0x30 src/grbl/nuts_bolts.o
                0x0800fa0c                set_as_input
 .text.plan_next_block_index
                0x0800fa3c       0x28 src/grbl/planner.o
                0x0800fa3c                plan_next_block_index
 .text.plan_prev_block_index
                0x0800fa64       0x28 src/grbl/planner.o
 .text.planner_recalculate
                0x0800fa8c      0x204 src/grbl/planner.o
 .text.plan_reset
                0x0800fc90       0x3c src/grbl/planner.o
                0x0800fc90                plan_reset
 .text.plan_discard_current_block
                0x0800fccc       0x4c src/grbl/planner.o
                0x0800fccc                plan_discard_current_block
 .text.plan_get_current_block
                0x0800fd18       0x3c src/grbl/planner.o
                0x0800fd18                plan_get_current_block
 .text.plan_get_exec_block_exit_speed
                0x0800fd54       0x70 src/grbl/planner.o
                0x0800fd54                plan_get_exec_block_exit_speed
 .text.plan_check_full_buffer
                0x0800fdc4       0x28 src/grbl/planner.o
                0x0800fdc4                plan_check_full_buffer
 *fill*         0x0800fdec        0x4 
 .text.plan_buffer_line
                0x0800fdf0      0x610 src/grbl/planner.o
                0x0800fdf0                plan_buffer_line
 .text.plan_sync_position
                0x08010400       0x3c src/grbl/planner.o
                0x08010400                plan_sync_position
 .text.plan_get_block_buffer_count
                0x0801043c       0x40 src/grbl/planner.o
                0x0801043c                plan_get_block_buffer_count
 .text.plan_cycle_reinitialize
                0x0801047c       0x20 src/grbl/planner.o
                0x0801047c                plan_cycle_reinitialize
 .text.printString
                0x0801049c       0x28 src/grbl/print.o
                0x0801049c                printString
 .text.printPgmString
                0x080104c4       0x28 src/grbl/print.o
                0x080104c4                printPgmString
 .text.print_unsigned_int8
                0x080104ec       0xb0 src/grbl/print.o
                0x080104ec                print_unsigned_int8
 .text.print_uint8_base2
                0x0801059c       0x1c src/grbl/print.o
                0x0801059c                print_uint8_base2
 .text.print_uint8_base10
                0x080105b8       0x3c src/grbl/print.o
                0x080105b8                print_uint8_base10
 .text.printFloat
                0x080105f4      0x150 src/grbl/print.o
                0x080105f4                printFloat
 *fill*         0x08010744        0x4 
 .text.printFloat_CoordValue
                0x08010748       0x70 src/grbl/print.o
                0x08010748                printFloat_CoordValue
 .text.printFloat_RateValue
                0x080107b8       0x70 src/grbl/print.o
                0x080107b8                printFloat_RateValue
 .text.printFloat_SettingValue
                0x08010828       0x1c src/grbl/print.o
                0x08010828                printFloat_SettingValue
 .text.printFloat_RPMValue
                0x08010844       0x1c src/grbl/print.o
                0x08010844                printFloat_RPMValue
 .text.probe_init
                0x08010860       0x18 src/grbl/probe.o
                0x08010860                probe_init
 .text.probe_configure_invert_mask
                0x08010878       0x54 src/grbl/probe.o
                0x08010878                probe_configure_invert_mask
 .text.probe_get_state
                0x080108cc       0x3c src/grbl/probe.o
                0x080108cc                probe_get_state
 .text.probe_state_monitor
                0x08010908       0x4c src/grbl/probe.o
                0x08010908                probe_state_monitor
 .text.protocol_main_loop
                0x08010954      0x194 src/grbl/protocol.o
                0x08010954                protocol_main_loop
 .text.protocol_buffer_synchronize
                0x08010ae8       0x30 src/grbl/protocol.o
                0x08010ae8                protocol_buffer_synchronize
 .text.protocol_auto_cycle_start
                0x08010b18        0xc src/grbl/protocol.o
                0x08010b18                protocol_auto_cycle_start
 .text.protocol_execute_realtime
                0x08010b24       0x1c src/grbl/protocol.o
                0x08010b24                protocol_execute_realtime
 .text.protocol_exec_rt_system
                0x08010b40      0x2f0 src/grbl/protocol.o
                0x08010b40                protocol_exec_rt_system
 .text.protocol_exec_rt_suspend
                0x08010e30      0x110 src/grbl/protocol.o
 .text.report_status_message
                0x08010f40      0x164 src/grbl/report.o
                0x08010f40                report_status_message
 .text.report_alarm_message
                0x080110a4       0x8c src/grbl/report.o
                0x080110a4                report_alarm_message
 .text.report_feedback_message
                0x08011130       0xb4 src/grbl/report.o
                0x08011130                report_feedback_message
 .text.report_init_message
                0x080111e4       0x10 src/grbl/report.o
                0x080111e4                report_init_message
 .text.report_grbl_help
                0x080111f4       0x10 src/grbl/report.o
                0x080111f4                report_grbl_help
 .text.report_grbl_settings
                0x08011204      0x420 src/grbl/report.o
                0x08011204                report_grbl_settings
 .text.report_probe_parameters
                0x08011624       0x94 src/grbl/report.o
                0x08011624                report_probe_parameters
 .text.report_ngc_parameters
                0x080116b8      0x130 src/grbl/report.o
                0x080116b8                report_ngc_parameters
 .text.report_gcode_modes
                0x080117e8      0x220 src/grbl/report.o
                0x080117e8                report_gcode_modes
 .text.report_startup_line
                0x08011a08       0x40 src/grbl/report.o
                0x08011a08                report_startup_line
 .text.report_build_info
                0x08011a48       0x28 src/grbl/report.o
                0x08011a48                report_build_info
 .text.report_realtime_status
                0x08011a70      0x3a4 src/grbl/report.o
                0x08011a70                report_realtime_status
 .text.serial_get_rx_buffer_count
                0x08011e14       0x44 src/grbl/serial.o
                0x08011e14                serial_get_rx_buffer_count
 .text.serial_init
                0x08011e58       0xf8 src/grbl/serial.o
                0x08011e58                serial_init
 .text.serial_write
                0x08011f50       0x74 src/grbl/serial.o
                0x08011f50                serial_write
 .text.serial_txint
                0x08011fc4       0x68 src/grbl/serial.o
                0x08011fc4                serial_txint
 .text.serial_read
                0x0801202c       0x54 src/grbl/serial.o
                0x0801202c                serial_read
 .text.serial_rxint
                0x08012080       0x9c src/grbl/serial.o
                0x08012080                serial_rxint
 .text.serial_reset_read_buffer
                0x0801211c       0x1c src/grbl/serial.o
                0x0801211c                serial_reset_read_buffer
 .text.USART2_IRQHandler
                0x08012138       0x30 src/grbl/serial.o
                0x08012138                USART2_IRQHandler
 .text.settings_store_startup_line
                0x08012168       0x30 src/grbl/settings.o
                0x08012168                settings_store_startup_line
 .text.settings_store_build_info
                0x08012198       0x1c src/grbl/settings.o
                0x08012198                settings_store_build_info
 .text.settings_write_coord_data
                0x080121b4       0x30 src/grbl/settings.o
                0x080121b4                settings_write_coord_data
 .text.write_global_settings
                0x080121e4       0x1c src/grbl/settings.o
                0x080121e4                write_global_settings
 .text.settings_restore
                0x08012200      0x18c src/grbl/settings.o
                0x08012200                settings_restore
 .text.settings_read_startup_line
                0x0801238c       0x4c src/grbl/settings.o
                0x0801238c                settings_read_startup_line
 .text.settings_read_build_info
                0x080123d8       0x34 src/grbl/settings.o
                0x080123d8                settings_read_build_info
 .text.settings_read_coord_data
                0x0801240c       0x50 src/grbl/settings.o
                0x0801240c                settings_read_coord_data
 .text.read_global_settings
                0x0801245c       0x3c src/grbl/settings.o
                0x0801245c                read_global_settings
 .text.settings_store_global_setting
                0x08012498      0x3a4 src/grbl/settings.o
                0x08012498                settings_store_global_setting
 .text.settings_init
                0x0801283c       0x20 src/grbl/settings.o
                0x0801283c                settings_init
 .text.get_step_pin_mask
                0x0801285c       0x2c src/grbl/settings.o
                0x0801285c                get_step_pin_mask
 .text.get_direction_pin_mask
                0x08012888       0x2c src/grbl/settings.o
                0x08012888                get_direction_pin_mask
 .text.spindle_init
                0x080128b4       0xa0 src/grbl/spindle_control.o
                0x080128b4                spindle_init
 .text.spindle_stop
                0x08012954       0x14 src/grbl/spindle_control.o
                0x08012954                spindle_stop
 .text.spindle_set_state
                0x08012968       0x5c src/grbl/spindle_control.o
                0x08012968                spindle_set_state
 .text.spindle_run
                0x080129c4       0x34 src/grbl/spindle_control.o
                0x080129c4                spindle_run
 .text.NVIC_SetPendingIRQ
                0x080129f8       0x34 src/grbl/stepper.o
 .text.NVIC_ClearPendingIRQ
                0x08012a2c       0x34 src/grbl/stepper.o
 .text.st_wake_up
                0x08012a60       0x10 src/grbl/stepper.o
                0x08012a60                st_wake_up
 .text.st_go_idle
                0x08012a70       0x50 src/grbl/stepper.o
                0x08012a70                st_go_idle
 .text.stepper_interrupt1
                0x08012ac0       0x38 src/grbl/stepper.o
                0x08012ac0                stepper_interrupt1
 .text.stepper_interrupt2
                0x08012af8      0x29c src/grbl/stepper.o
                0x08012af8                stepper_interrupt2
 .text.stepper_pinclr_interrupt
                0x08012d94        0xc src/grbl/stepper.o
                0x08012d94                stepper_pinclr_interrupt
 .text.st_generate_step_dir_invert_masks
                0x08012da0       0x94 src/grbl/stepper.o
                0x08012da0                st_generate_step_dir_invert_masks
 .text.st_reset
                0x08012e34       0xac src/grbl/stepper.o
                0x08012e34                st_reset
 .text.stepper_init
                0x08012ee0       0x10 src/grbl/stepper.o
                0x08012ee0                stepper_init
 .text.st_update_plan_block_parameters
                0x08012ef0       0x48 src/grbl/stepper.o
                0x08012ef0                st_update_plan_block_parameters
 .text.st_next_block_index
                0x08012f38       0x28 src/grbl/stepper.o
 .text.st_prep_buffer
                0x08012f60      0xa20 src/grbl/stepper.o
                0x08012f60                st_prep_buffer
 .text.init_stepperpins
                0x08013980       0xb4 src/grbl/stepper.o
                0x08013980                init_stepperpins
 .text.set_dir_pins
                0x08013a34       0x50 src/grbl/stepper.o
                0x08013a34                set_dir_pins
 .text.set_step_pins
                0x08013a84       0x50 src/grbl/stepper.o
                0x08013a84                set_step_pins
 .text.enable_timerint
                0x08013ad4       0x18 src/grbl/stepper.o
                0x08013ad4                enable_timerint
 .text.disable_timerint
                0x08013aec       0x18 src/grbl/stepper.o
                0x08013aec                disable_timerint
 .text.set_timerperiod
                0x08013b04       0x1c src/grbl/stepper.o
                0x08013b04                set_timerperiod
 .text.init_timer
                0x08013b20       0xbc src/grbl/stepper.o
                0x08013b20                init_timer
 .text.TIM2_IRQHandler
                0x08013bdc       0x54 src/grbl/stepper.o
                0x08013bdc                TIM2_IRQHandler
 .text.DMA1_Stream7_IRQHandler
                0x08013c30       0x20 src/grbl/stepper.o
                0x08013c30                DMA1_Stream7_IRQHandler
 .text.spibytes
                0x08013c50      0x160 src/grbl/stepper.o
                0x08013c50                spibytes
 .text.config_steppers
                0x08013db0       0x98 src/grbl/stepper.o
                0x08013db0                config_steppers
 .text.enable_steppers
                0x08013e48       0x38 src/grbl/stepper.o
                0x08013e48                enable_steppers
 .text.disable_steppers
                0x08013e80       0x1c src/grbl/stepper.o
                0x08013e80                disable_steppers
 .text.system_init
                0x08013e9c       0x58 src/grbl/system.o
                0x08013e9c                system_init
 .text.system_control_get_state
                0x08013ef4       0x6c src/grbl/system.o
                0x08013ef4                system_control_get_state
 .text.system_check_safety_door_ajar
                0x08013f60       0x10 src/grbl/system.o
                0x08013f60                system_check_safety_door_ajar
 .text.system_execute_startup
                0x08013f70       0x54 src/grbl/system.o
                0x08013f70                system_execute_startup
 .text.system_execute_line
                0x08013fc4      0x4dc src/grbl/system.o
                0x08013fc4                system_execute_line
 .text.system_convert_axis_steps_to_mpos
                0x080144a0       0x4c src/grbl/system.o
                0x080144a0                system_convert_axis_steps_to_mpos
 .text.system_convert_array_steps_to_mpos
                0x080144ec       0x40 src/grbl/system.o
                0x080144ec                system_convert_array_steps_to_mpos
 .text.system_set_exec_state_flag
                0x0801452c       0x40 src/grbl/system.o
                0x0801452c                system_set_exec_state_flag
 .text.system_clear_exec_state_flag
                0x0801456c       0x48 src/grbl/system.o
                0x0801456c                system_clear_exec_state_flag
 .text.system_set_exec_alarm_flag
                0x080145b4       0x40 src/grbl/system.o
                0x080145b4                system_set_exec_alarm_flag
 .text.system_clear_exec_alarm_flag
                0x080145f4       0x48 src/grbl/system.o
                0x080145f4                system_clear_exec_alarm_flag
 .text.eeprom_get_char
                0x0801463c       0x44 src/avr/eeprom.o
                0x0801463c                eeprom_get_char
 .text.eraseflash
                0x08014680       0x20 src/avr/eeprom.o
                0x08014680                eraseflash
 .text.progflash
                0x080146a0       0x4c src/avr/eeprom.o
                0x080146a0                progflash
 .text.eeprom_put_char
                0x080146ec       0x24 src/avr/eeprom.o
                0x080146ec                eeprom_put_char
 .text.memcpy_to_eeprom_with_checksum
                0x08014710       0x70 src/avr/eeprom.o
                0x08014710                memcpy_to_eeprom_with_checksum
 .text.memcpy_from_eeprom_with_checksum
                0x08014780       0x78 src/avr/eeprom.o
                0x08014780                memcpy_from_eeprom_with_checksum
 .text.NVIC_Init
                0x080147f8       0xc0 StdPeriph_Driver/src/misc.o
                0x080147f8                NVIC_Init
 .text.FLASH_Unlock
                0x080148b8       0x2c StdPeriph_Driver/src/stm32f4xx_flash.o
                0x080148b8                FLASH_Unlock
 .text.FLASH_Lock
                0x080148e4       0x1c StdPeriph_Driver/src/stm32f4xx_flash.o
                0x080148e4                FLASH_Lock
 .text.FLASH_EraseSector
                0x08014900       0xc0 StdPeriph_Driver/src/stm32f4xx_flash.o
                0x08014900                FLASH_EraseSector
 .text.FLASH_ProgramByte
                0x080149c0       0x68 StdPeriph_Driver/src/stm32f4xx_flash.o
                0x080149c0                FLASH_ProgramByte
 .text.FLASH_GetStatus
                0x08014a28       0x7c StdPeriph_Driver/src/stm32f4xx_flash.o
                0x08014a28                FLASH_GetStatus
 .text.FLASH_WaitForLastOperation
                0x08014aa4       0x30 StdPeriph_Driver/src/stm32f4xx_flash.o
                0x08014aa4                FLASH_WaitForLastOperation
 .text.GPIO_Init
                0x08014ad4      0x11c StdPeriph_Driver/src/stm32f4xx_gpio.o
                0x08014ad4                GPIO_Init
 .text.GPIO_StructInit
                0x08014bf0       0x34 StdPeriph_Driver/src/stm32f4xx_gpio.o
                0x08014bf0                GPIO_StructInit
 .text.GPIO_ReadInputDataBit
                0x08014c24       0x34 StdPeriph_Driver/src/stm32f4xx_gpio.o
                0x08014c24                GPIO_ReadInputDataBit
 .text.GPIO_SetBits
                0x08014c58       0x1c StdPeriph_Driver/src/stm32f4xx_gpio.o
                0x08014c58                GPIO_SetBits
 .text.GPIO_ResetBits
                0x08014c74       0x1c StdPeriph_Driver/src/stm32f4xx_gpio.o
                0x08014c74                GPIO_ResetBits
 .text.GPIO_WriteBit
                0x08014c90       0x30 StdPeriph_Driver/src/stm32f4xx_gpio.o
                0x08014c90                GPIO_WriteBit
 .text.GPIO_PinAFConfig
                0x08014cc0       0x90 StdPeriph_Driver/src/stm32f4xx_gpio.o
                0x08014cc0                GPIO_PinAFConfig
 .text.RCC_GetClocksFreq
                0x08014d50      0x154 StdPeriph_Driver/src/stm32f4xx_rcc.o
                0x08014d50                RCC_GetClocksFreq
 .text.RCC_AHB1PeriphClockCmd
                0x08014ea4       0x3c StdPeriph_Driver/src/stm32f4xx_rcc.o
                0x08014ea4                RCC_AHB1PeriphClockCmd
 .text.RCC_APB1PeriphClockCmd
                0x08014ee0       0x3c StdPeriph_Driver/src/stm32f4xx_rcc.o
                0x08014ee0                RCC_APB1PeriphClockCmd
 .text.RCC_APB1PeriphClockLPModeCmd
                0x08014f1c       0x3c StdPeriph_Driver/src/stm32f4xx_rcc.o
                0x08014f1c                RCC_APB1PeriphClockLPModeCmd
 .text.TIM_TimeBaseInit
                0x08014f58       0xd4 StdPeriph_Driver/src/stm32f4xx_tim.o
                0x08014f58                TIM_TimeBaseInit
 .text.TIM_TimeBaseStructInit
                0x0801502c       0x34 StdPeriph_Driver/src/stm32f4xx_tim.o
                0x0801502c                TIM_TimeBaseStructInit
 .text.TIM_ARRPreloadConfig
                0x08015060       0x40 StdPeriph_Driver/src/stm32f4xx_tim.o
                0x08015060                TIM_ARRPreloadConfig
 .text.TIM_Cmd  0x080150a0       0x40 StdPeriph_Driver/src/stm32f4xx_tim.o
                0x080150a0                TIM_Cmd
 .text.TIM_OC3Init
                0x080150e0      0x10c StdPeriph_Driver/src/stm32f4xx_tim.o
                0x080150e0                TIM_OC3Init
 .text.TIM_OCStructInit
                0x080151ec       0x44 StdPeriph_Driver/src/stm32f4xx_tim.o
                0x080151ec                TIM_OCStructInit
 .text.TIM_SetCompare1
                0x08015230       0x1c StdPeriph_Driver/src/stm32f4xx_tim.o
                0x08015230                TIM_SetCompare1
 .text.TIM_SetCompare3
                0x0801524c       0x1c StdPeriph_Driver/src/stm32f4xx_tim.o
                0x0801524c                TIM_SetCompare3
 .text.TIM_ITConfig
                0x08015268       0x48 StdPeriph_Driver/src/stm32f4xx_tim.o
                0x08015268                TIM_ITConfig
 .text.TIM_GetITStatus
                0x080152b0       0x54 StdPeriph_Driver/src/stm32f4xx_tim.o
                0x080152b0                TIM_GetITStatus
 .text.TIM_ClearITPendingBit
                0x08015304       0x20 StdPeriph_Driver/src/stm32f4xx_tim.o
                0x08015304                TIM_ClearITPendingBit
 .text.USART_Init
                0x08015324      0x178 StdPeriph_Driver/src/stm32f4xx_usart.o
                0x08015324                USART_Init
 .text.USART_ClockInit
                0x0801549c       0x54 StdPeriph_Driver/src/stm32f4xx_usart.o
                0x0801549c                USART_ClockInit
 .text.USART_ClockStructInit
                0x080154f0       0x2c StdPeriph_Driver/src/stm32f4xx_usart.o
                0x080154f0                USART_ClockStructInit
 .text.USART_Cmd
                0x0801551c       0x40 StdPeriph_Driver/src/stm32f4xx_usart.o
                0x0801551c                USART_Cmd
 .text.USART_SendData
                0x0801555c       0x24 StdPeriph_Driver/src/stm32f4xx_usart.o
                0x0801555c                USART_SendData
 .text.USART_ReceiveData
                0x08015580       0x20 StdPeriph_Driver/src/stm32f4xx_usart.o
                0x08015580                USART_ReceiveData
 .text.USART_ITConfig
                0x080155a0       0x90 StdPeriph_Driver/src/stm32f4xx_usart.o
                0x080155a0                USART_ITConfig
 .text.USART_GetFlagStatus
                0x08015630       0x38 StdPeriph_Driver/src/stm32f4xx_usart.o
                0x08015630                USART_GetFlagStatus
 .text.__errno  0x08015668        0xc c:/ac6/systemworkbench/plugins/fr.ac6.mcu.externaltools.arm-none.win32_1.3.0.201507241045/tools/compiler/bin/../lib/gcc/arm-none-eabi/4.9.3/../../../../arm-none-eabi/lib/armv7e-m/fpu\libc.a(lib_a-errno.o)
                0x08015668                __errno
 .text.__libc_init_array
                0x08015674       0x50 c:/ac6/systemworkbench/plugins/fr.ac6.mcu.externaltools.arm-none.win32_1.3.0.201507241045/tools/compiler/bin/../lib/gcc/arm-none-eabi/4.9.3/../../../../arm-none-eabi/lib/armv7e-m/fpu\libc.a(lib_a-init.o)
                0x08015674                __libc_init_array
 .text.memset   0x080156c4       0x9c c:/ac6/systemworkbench/plugins/fr.ac6.mcu.externaltools.arm-none.win32_1.3.0.201507241045/tools/compiler/bin/../lib/gcc/arm-none-eabi/4.9.3/../../../../arm-none-eabi/lib/armv7e-m/fpu\libc.a(lib_a-memset.o)
                0x080156c4                memset
 .text.startup.register_fini
                0x08015760       0x14 c:/ac6/systemworkbench/plugins/fr.ac6.mcu.externaltools.arm-none.win32_1.3.0.201507241045/tools/compiler/bin/../lib/gcc/arm-none-eabi/4.9.3/../../../../arm-none-eabi/lib/armv7e-m/fpu\libc.a(lib_a-__call_atexit.o)
 .text.atexit   0x08015774        0xc c:/ac6/systemworkbench/plugins/fr.ac6.mcu.externaltools.arm-none.win32_1.3.0.201507241045/tools/compiler/bin/../lib/gcc/arm-none-eabi/4.9.3/../../../../arm-none-eabi/lib/armv7e-m/fpu\libc.a(lib_a-atexit.o)
                0x08015774                atexit
 .text.__libc_fini_array
                0x08015780       0x2c c:/ac6/systemworkbench/plugins/fr.ac6.mcu.externaltools.arm-none.win32_1.3.0.201507241045/tools/compiler/bin/../lib/gcc/arm-none-eabi/4.9.3/../../../../arm-none-eabi/lib/armv7e-m/fpu\libc.a(lib_a-fini.o)
                0x08015780                __libc_fini_array
 .text.__register_exitproc
                0x080157ac       0xa4 c:/ac6/systemworkbench/plugins/fr.ac6.mcu.externaltools.arm-none.win32_1.3.0.201507241045/tools/compiler/bin/../lib/gcc/arm-none-eabi/4.9.3/../../../../arm-none-eabi/lib/armv7e-m/fpu\libc.a(lib_a-__atexit.o)
                0x080157ac                __register_exitproc
 .text.ceil     0x08015850      0x118 c:/ac6/systemworkbench/plugins/fr.ac6.mcu.externaltools.arm-none.win32_1.3.0.201507241045/tools/compiler/bin/../lib/gcc/arm-none-eabi/4.9.3/../../../../arm-none-eabi/lib/armv7e-m/fpu\libm.a(lib_a-s_ceil.o)
                0x08015850                ceil
 .text.cos      0x08015968       0xa8 c:/ac6/systemworkbench/plugins/fr.ac6.mcu.externaltools.arm-none.win32_1.3.0.201507241045/tools/compiler/bin/../lib/gcc/arm-none-eabi/4.9.3/../../../../arm-none-eabi/lib/armv7e-m/fpu\libm.a(lib_a-s_cos.o)
                0x08015968                cos
 .text.floor    0x08015a10      0x120 c:/ac6/systemworkbench/plugins/fr.ac6.mcu.externaltools.arm-none.win32_1.3.0.201507241045/tools/compiler/bin/../lib/gcc/arm-none-eabi/4.9.3/../../../../arm-none-eabi/lib/armv7e-m/fpu\libm.a(lib_a-s_floor.o)
                0x08015a10                floor
 .text.lround   0x08015b30       0xa0 c:/ac6/systemworkbench/plugins/fr.ac6.mcu.externaltools.arm-none.win32_1.3.0.201507241045/tools/compiler/bin/../lib/gcc/arm-none-eabi/4.9.3/../../../../arm-none-eabi/lib/armv7e-m/fpu\libm.a(lib_a-s_lround.o)
                0x08015b30                lround
 .text.round    0x08015bd0       0xa8 c:/ac6/systemworkbench/plugins/fr.ac6.mcu.externaltools.arm-none.win32_1.3.0.201507241045/tools/compiler/bin/../lib/gcc/arm-none-eabi/4.9.3/../../../../arm-none-eabi/lib/armv7e-m/fpu\libm.a(lib_a-s_round.o)
                0x08015bd0                round
 .text.sin      0x08015c78       0xa8 c:/ac6/systemworkbench/plugins/fr.ac6.mcu.externaltools.arm-none.win32_1.3.0.201507241045/tools/compiler/bin/../lib/gcc/arm-none-eabi/4.9.3/../../../../arm-none-eabi/lib/armv7e-m/fpu\libm.a(lib_a-s_sin.o)
                0x08015c78                sin
 .text.trunc    0x08015d20       0x78 c:/ac6/systemworkbench/plugins/fr.ac6.mcu.externaltools.arm-none.win32_1.3.0.201507241045/tools/compiler/bin/../lib/gcc/arm-none-eabi/4.9.3/../../../../arm-none-eabi/lib/armv7e-m/fpu\libm.a(lib_a-s_trunc.o)
                0x08015d20                trunc
 .text.atan2    0x08015d98        0x4 c:/ac6/systemworkbench/plugins/fr.ac6.mcu.externaltools.arm-none.win32_1.3.0.201507241045/tools/compiler/bin/../lib/gcc/arm-none-eabi/4.9.3/../../../../arm-none-eabi/lib/armv7e-m/fpu\libm.a(lib_a-w_atan2.o)
                0x08015d98                atan2
 .text.sqrt     0x08015d9c       0xbc c:/ac6/systemworkbench/plugins/fr.ac6.mcu.externaltools.arm-none.win32_1.3.0.201507241045/tools/compiler/bin/../lib/gcc/arm-none-eabi/4.9.3/../../../../arm-none-eabi/lib/armv7e-m/fpu\libm.a(lib_a-w_sqrt.o)
                0x08015d9c                sqrt
 .text.__ieee754_atan2
                0x08015e58      0x228 c:/ac6/systemworkbench/plugins/fr.ac6.mcu.externaltools.arm-none.win32_1.3.0.201507241045/tools/compiler/bin/../lib/gcc/arm-none-eabi/4.9.3/../../../../arm-none-eabi/lib/armv7e-m/fpu\libm.a(lib_a-e_atan2.o)
                0x08015e58                __ieee754_atan2
 .text.__ieee754_rem_pio2
                0x08016080      0x450 c:/ac6/systemworkbench/plugins/fr.ac6.mcu.externaltools.arm-none.win32_1.3.0.201507241045/tools/compiler/bin/../lib/gcc/arm-none-eabi/4.9.3/../../../../arm-none-eabi/lib/armv7e-m/fpu\libm.a(lib_a-e_rem_pio2.o)
                0x08016080                __ieee754_rem_pio2
 .text.__ieee754_sqrt
                0x080164d0      0x1a8 c:/ac6/systemworkbench/plugins/fr.ac6.mcu.externaltools.arm-none.win32_1.3.0.201507241045/tools/compiler/bin/../lib/gcc/arm-none-eabi/4.9.3/../../../../arm-none-eabi/lib/armv7e-m/fpu\libm.a(lib_a-e_sqrt.o)
                0x080164d0                __ieee754_sqrt
 .text.__kernel_cos
                0x08016678      0x280 c:/ac6/systemworkbench/plugins/fr.ac6.mcu.externaltools.arm-none.win32_1.3.0.201507241045/tools/compiler/bin/../lib/gcc/arm-none-eabi/4.9.3/../../../../arm-none-eabi/lib/armv7e-m/fpu\libm.a(lib_a-k_cos.o)
                0x08016678                __kernel_cos
 .text.__kernel_rem_pio2
                0x080168f8      0x7f8 c:/ac6/systemworkbench/plugins/fr.ac6.mcu.externaltools.arm-none.win32_1.3.0.201507241045/tools/compiler/bin/../lib/gcc/arm-none-eabi/4.9.3/../../../../arm-none-eabi/lib/armv7e-m/fpu\libm.a(lib_a-k_rem_pio2.o)
                0x080168f8                __kernel_rem_pio2
 .text.__kernel_sin
                0x080170f0      0x190 c:/ac6/systemworkbench/plugins/fr.ac6.mcu.externaltools.arm-none.win32_1.3.0.201507241045/tools/compiler/bin/../lib/gcc/arm-none-eabi/4.9.3/../../../../arm-none-eabi/lib/armv7e-m/fpu\libm.a(lib_a-k_sin.o)
                0x080170f0                __kernel_sin
 .text.atan     0x08017280      0x368 c:/ac6/systemworkbench/plugins/fr.ac6.mcu.externaltools.arm-none.win32_1.3.0.201507241045/tools/compiler/bin/../lib/gcc/arm-none-eabi/4.9.3/../../../../arm-none-eabi/lib/armv7e-m/fpu\libm.a(lib_a-s_atan.o)
                0x08017280                atan
 .text.fabs     0x080175e8       0x10 c:/ac6/systemworkbench/plugins/fr.ac6.mcu.externaltools.arm-none.win32_1.3.0.201507241045/tools/compiler/bin/../lib/gcc/arm-none-eabi/4.9.3/../../../../arm-none-eabi/lib/armv7e-m/fpu\libm.a(lib_a-s_fabs.o)
                0x080175e8                fabs
 .text.__fpclassifyd
                0x080175f8       0x5c c:/ac6/systemworkbench/plugins/fr.ac6.mcu.externaltools.arm-none.win32_1.3.0.201507241045/tools/compiler/bin/../lib/gcc/arm-none-eabi/4.9.3/../../../../arm-none-eabi/lib/armv7e-m/fpu\libm.a(lib_a-s_fpclassify.o)
                0x080175f8                __fpclassifyd
 .text.matherr  0x08017654        0x4 c:/ac6/systemworkbench/plugins/fr.ac6.mcu.externaltools.arm-none.win32_1.3.0.201507241045/tools/compiler/bin/../lib/gcc/arm-none-eabi/4.9.3/../../../../arm-none-eabi/lib/armv7e-m/fpu\libm.a(lib_a-s_matherr.o)
                0x08017654                matherr
 .text.scalbn   0x08017658      0x108 c:/ac6/systemworkbench/plugins/fr.ac6.mcu.externaltools.arm-none.win32_1.3.0.201507241045/tools/compiler/bin/../lib/gcc/arm-none-eabi/4.9.3/../../../../arm-none-eabi/lib/armv7e-m/fpu\libm.a(lib_a-s_scalbn.o)
                0x08017658                scalbn
 .text.copysign
                0x08017760       0x1c c:/ac6/systemworkbench/plugins/fr.ac6.mcu.externaltools.arm-none.win32_1.3.0.201507241045/tools/compiler/bin/../lib/gcc/arm-none-eabi/4.9.3/../../../../arm-none-eabi/lib/armv7e-m/fpu\libm.a(lib_a-s_copysign.o)
                0x08017760                copysign
 *(.glue_7)
 .glue_7        0x00000000        0x0 linker stubs
 *(.glue_7t)
 .glue_7t       0x00000000        0x0 linker stubs
 *(.eh_frame)
 .eh_frame      0x0801777c        0x0 c:/ac6/systemworkbench/plugins/fr.ac6.mcu.externaltools.arm-none.win32_1.3.0.201507241045/tools/compiler/bin/../lib/gcc/arm-none-eabi/4.9.3/armv7e-m/fpu/crtbegin.o
 *(.init)
 .init          0x0801777c        0x4 c:/ac6/systemworkbench/plugins/fr.ac6.mcu.externaltools.arm-none.win32_1.3.0.201507241045/tools/compiler/bin/../lib/gcc/arm-none-eabi/4.9.3/armv7e-m/fpu/crti.o
                0x0801777c                _init
 .init          0x08017780        0x8 c:/ac6/systemworkbench/plugins/fr.ac6.mcu.externaltools.arm-none.win32_1.3.0.201507241045/tools/compiler/bin/../lib/gcc/arm-none-eabi/4.9.3/armv7e-m/fpu/crtn.o
 *(.fini)
 .fini          0x08017788        0x4 c:/ac6/systemworkbench/plugins/fr.ac6.mcu.externaltools.arm-none.win32_1.3.0.201507241045/tools/compiler/bin/../lib/gcc/arm-none-eabi/4.9.3/armv7e-m/fpu/crti.o
                0x08017788                _fini
 .fini          0x0801778c        0x8 c:/ac6/systemworkbench/plugins/fr.ac6.mcu.externaltools.arm-none.win32_1.3.0.201507241045/tools/compiler/bin/../lib/gcc/arm-none-eabi/4.9.3/armv7e-m/fpu/crtn.o
                0x08017794                . = ALIGN (0x4)
                0x08017794                _etext = .

.vfp11_veneer   0x08017794        0x0
 .vfp11_veneer  0x00000000        0x0 linker stubs

.v4_bx          0x08017794        0x0
 .v4_bx         0x00000000        0x0 linker stubs

.iplt           0x08017794        0x0
 .iplt          0x00000000        0x0 c:/ac6/systemworkbench/plugins/fr.ac6.mcu.externaltools.arm-none.win32_1.3.0.201507241045/tools/compiler/bin/../lib/gcc/arm-none-eabi/4.9.3/armv7e-m/fpu/crtbegin.o

.rodata         0x08017798      0x9d0
                0x08017798                . = ALIGN (0x4)
 *(.rodata)
 .rodata        0x08017798      0x7a4 src/grbl/report.o
 *(.rodata*)
 .rodata.str1.4
                0x08017f3c        0x2 c:/ac6/systemworkbench/plugins/fr.ac6.mcu.externaltools.arm-none.win32_1.3.0.201507241045/tools/compiler/bin/../lib/gcc/arm-none-eabi/4.9.3/../../../../arm-none-eabi/lib/armv7e-m/fpu\libc.a(lib_a-impure.o)
                                  0x4 (size before relaxing)
 *fill*         0x08017f3e        0x2 
 .rodata._global_impure_ptr
                0x08017f40        0x4 c:/ac6/systemworkbench/plugins/fr.ac6.mcu.externaltools.arm-none.win32_1.3.0.201507241045/tools/compiler/bin/../lib/gcc/arm-none-eabi/4.9.3/../../../../arm-none-eabi/lib/armv7e-m/fpu\libc.a(lib_a-impure.o)
                0x08017f40                _global_impure_ptr
 .rodata.str1.4
                0x08017f44        0x8 c:/ac6/systemworkbench/plugins/fr.ac6.mcu.externaltools.arm-none.win32_1.3.0.201507241045/tools/compiler/bin/../lib/gcc/arm-none-eabi/4.9.3/../../../../arm-none-eabi/lib/armv7e-m/fpu\libm.a(lib_a-w_sqrt.o)
 .rodata.npio2_hw
                0x08017f4c       0x80 c:/ac6/systemworkbench/plugins/fr.ac6.mcu.externaltools.arm-none.win32_1.3.0.201507241045/tools/compiler/bin/../lib/gcc/arm-none-eabi/4.9.3/../../../../arm-none-eabi/lib/armv7e-m/fpu\libm.a(lib_a-e_rem_pio2.o)
 .rodata.two_over_pi
                0x08017fcc      0x108 c:/ac6/systemworkbench/plugins/fr.ac6.mcu.externaltools.arm-none.win32_1.3.0.201507241045/tools/compiler/bin/../lib/gcc/arm-none-eabi/4.9.3/../../../../arm-none-eabi/lib/armv7e-m/fpu\libm.a(lib_a-e_rem_pio2.o)
 .rodata.init_jk
                0x080180d4       0x10 c:/ac6/systemworkbench/plugins/fr.ac6.mcu.externaltools.arm-none.win32_1.3.0.201507241045/tools/compiler/bin/../lib/gcc/arm-none-eabi/4.9.3/../../../../arm-none-eabi/lib/armv7e-m/fpu\libm.a(lib_a-k_rem_pio2.o)
 *fill*         0x080180e4        0x4 
 .rodata.PIo2   0x080180e8       0x40 c:/ac6/systemworkbench/plugins/fr.ac6.mcu.externaltools.arm-none.win32_1.3.0.201507241045/tools/compiler/bin/../lib/gcc/arm-none-eabi/4.9.3/../../../../arm-none-eabi/lib/armv7e-m/fpu\libm.a(lib_a-k_rem_pio2.o)
 .rodata.atanlo
                0x08018128       0x20 c:/ac6/systemworkbench/plugins/fr.ac6.mcu.externaltools.arm-none.win32_1.3.0.201507241045/tools/compiler/bin/../lib/gcc/arm-none-eabi/4.9.3/../../../../arm-none-eabi/lib/armv7e-m/fpu\libm.a(lib_a-s_atan.o)
 .rodata.atanhi
                0x08018148       0x20 c:/ac6/systemworkbench/plugins/fr.ac6.mcu.externaltools.arm-none.win32_1.3.0.201507241045/tools/compiler/bin/../lib/gcc/arm-none-eabi/4.9.3/../../../../arm-none-eabi/lib/armv7e-m/fpu\libm.a(lib_a-s_atan.o)
                0x08018168                . = ALIGN (0x4)

.rel.dyn        0x08018168        0x0
 .rel.iplt      0x00000000        0x0 c:/ac6/systemworkbench/plugins/fr.ac6.mcu.externaltools.arm-none.win32_1.3.0.201507241045/tools/compiler/bin/../lib/gcc/arm-none-eabi/4.9.3/armv7e-m/fpu/crtbegin.o

.ARM.extab
 *(.ARM.extab* .gnu.linkonce.armextab.*)

.ARM            0x08018168        0x0
                0x08018168                __exidx_start = .
 *(.ARM.exidx*)
                0x08018168                __exidx_end = .

.preinit_array  0x08018168        0x0
                0x08018168                PROVIDE (__preinit_array_start, .)
 *(.preinit_array*)
                0x08018168                PROVIDE (__preinit_array_end, .)

.init_array     0x08018168        0x8
                0x08018168                PROVIDE (__init_array_start, .)
 *(SORT(.init_array.*))
 .init_array.00000
                0x08018168        0x4 c:/ac6/systemworkbench/plugins/fr.ac6.mcu.externaltools.arm-none.win32_1.3.0.201507241045/tools/compiler/bin/../lib/gcc/arm-none-eabi/4.9.3/../../../../arm-none-eabi/lib/armv7e-m/fpu\libc.a(lib_a-__call_atexit.o)
 *(.init_array*)
 .init_array    0x0801816c        0x4 c:/ac6/systemworkbench/plugins/fr.ac6.mcu.externaltools.arm-none.win32_1.3.0.201507241045/tools/compiler/bin/../lib/gcc/arm-none-eabi/4.9.3/armv7e-m/fpu/crtbegin.o
                0x08018170                PROVIDE (__init_array_end, .)

.fini_array     0x08018170        0x4
                0x08018170                PROVIDE (__fini_array_start, .)
 *(SORT(.fini_array.*))
 *(.fini_array*)
 .fini_array    0x08018170        0x4 c:/ac6/systemworkbench/plugins/fr.ac6.mcu.externaltools.arm-none.win32_1.3.0.201507241045/tools/compiler/bin/../lib/gcc/arm-none-eabi/4.9.3/armv7e-m/fpu/crtbegin.o
                0x08018174                PROVIDE (__fini_array_end, .)
                0x08018174                _sidata = LOADADDR (.data)

.data           0x20000000      0x448 load address 0x08018174
                0x20000000                . = ALIGN (0x4)
                0x20000000                _sdata = .
 *(.data)
 .data          0x20000000        0x4 src/avr/eeprom.o
 .data          0x20000004       0x10 StdPeriph_Driver/src/stm32f4xx_rcc.o
 *(.data*)
 *fill*         0x20000014        0x4 
 .data.impure_data
                0x20000018      0x428 c:/ac6/systemworkbench/plugins/fr.ac6.mcu.externaltools.arm-none.win32_1.3.0.201507241045/tools/compiler/bin/../lib/gcc/arm-none-eabi/4.9.3/../../../../arm-none-eabi/lib/armv7e-m/fpu\libc.a(lib_a-impure.o)
 .data._impure_ptr
                0x20000440        0x4 c:/ac6/systemworkbench/plugins/fr.ac6.mcu.externaltools.arm-none.win32_1.3.0.201507241045/tools/compiler/bin/../lib/gcc/arm-none-eabi/4.9.3/../../../../arm-none-eabi/lib/armv7e-m/fpu\libc.a(lib_a-impure.o)
                0x20000440                _impure_ptr
 .data.__fdlib_version
                0x20000444        0x1 c:/ac6/systemworkbench/plugins/fr.ac6.mcu.externaltools.arm-none.win32_1.3.0.201507241045/tools/compiler/bin/../lib/gcc/arm-none-eabi/4.9.3/../../../../arm-none-eabi/lib/armv7e-m/fpu\libm.a(lib_a-s_lib_ver.o)
                0x20000444                __fdlib_version
                0x20000448                . = ALIGN (0x4)
 *fill*         0x20000445        0x3 
                0x20000448                _edata = .

.jcr            0x20000448        0x0 load address 0x080185bc
 .jcr           0x20000448        0x0 c:/ac6/systemworkbench/plugins/fr.ac6.mcu.externaltools.arm-none.win32_1.3.0.201507241045/tools/compiler/bin/../lib/gcc/arm-none-eabi/4.9.3/armv7e-m/fpu/crtbegin.o

.igot.plt       0x20000448        0x0 load address 0x080185bc
 .igot.plt      0x00000000        0x0 c:/ac6/systemworkbench/plugins/fr.ac6.mcu.externaltools.arm-none.win32_1.3.0.201507241045/tools/compiler/bin/../lib/gcc/arm-none-eabi/4.9.3/armv7e-m/fpu/crtbegin.o
                0x20000448                . = ALIGN (0x4)

.bss            0x20000448     0x16d4 load address 0x080185bc
                0x20000448                _sbss = .
                0x20000448                __bss_start__ = _sbss
 *(.bss)
 .bss           0x20000448       0x1c c:/ac6/systemworkbench/plugins/fr.ac6.mcu.externaltools.arm-none.win32_1.3.0.201507241045/tools/compiler/bin/../lib/gcc/arm-none-eabi/4.9.3/armv7e-m/fpu/crtbegin.o
 .bss           0x20000464        0x1 src/grbl/limits.o
 *fill*         0x20000465        0x3 
 .bss           0x20000468      0x338 src/grbl/planner.o
 .bss           0x200007a0       0x50 src/grbl/protocol.o
 .bss           0x200007f0        0x4 src/grbl/serial.o
                0x200007f0                serial_rx_buffer_head
                0x200007f1                serial_rx_buffer_tail
                0x200007f2                serial_tx_buffer_head
                0x200007f3                serial_tx_buffer_tail
 .bss           0x200007f4      0x100 src/grbl/stepper.o
                0x200008f0                timerrunning
 .bss           0x200008f4       0x5c src/avr/io.o
                0x200008f4                io
 *(.bss*)
 *(COMMON)
 COMMON         0x20000950        0x3 src/grbl/coolant_control.o
                0x20000950                sys_rt_exec_state
                0x20000951                sys_probe_state
                0x20000952                sys_rt_exec_alarm
 *fill*         0x20000953        0x1 
 COMMON         0x20000954       0x84 src/grbl/gcode.o
                0x20000954                gc_state
                0x20000998                gc_block
 COMMON         0x200009d8        0x4 src/grbl/limits.o
                0x200009d8                limitintison
 COMMON         0x200009dc       0x20 src/grbl/main.o
                0x200009dc                sys
 COMMON         0x200009fc        0x1 src/grbl/probe.o
                0x200009fc                probe_invert_mask
 *fill*         0x200009fd        0x3 
 COMMON         0x20000a00       0xc0 src/grbl/serial.o
                0x20000a00                serial_tx_buffer
                0x20000a40                serial_rx_buffer
 COMMON         0x20000ac0       0x5c src/grbl/settings.o
                0x20000ac0                settings
 COMMON         0x20000b1c     0x1000 src/avr/eeprom.o
                0x20000b1c                eeprom
                0x20001b1c                . = ALIGN (0x4)
                0x20001b1c                _ebss = .
                0x20001b1c                __bss_end__ = _ebss

._user_heap_stack
                0x20001b1c      0x604 load address 0x080185bc
                0x20001b20                . = ALIGN (0x8)
 *fill*         0x20001b1c        0x4 
                0x20001b20                PROVIDE (end, .)
                0x20001b20                PROVIDE (_end, .)
                0x20001d20                . = (. + _Min_Heap_Size)
 *fill*         0x20001b20      0x200 
                0x20002120                . = (. + _Min_Stack_Size)
 *fill*         0x20001d20      0x400 
                0x20002120                . = ALIGN (0x8)

/DISCARD/
 libc.a(*)
 libm.a(*)
 libgcc.a(*)

.ARM.attributes
                0x00000000       0x30
 *(.ARM.attributes)
 .ARM.attributes
                0x00000000       0x22 c:/ac6/systemworkbench/plugins/fr.ac6.mcu.externaltools.arm-none.win32_1.3.0.201507241045/tools/compiler/bin/../lib/gcc/arm-none-eabi/4.9.3/armv7e-m/fpu/crti.o
 .ARM.attributes
                0x00000022       0x34 c:/ac6/systemworkbench/plugins/fr.ac6.mcu.externaltools.arm-none.win32_1.3.0.201507241045/tools/compiler/bin/../lib/gcc/arm-none-eabi/4.9.3/armv7e-m/fpu/crtbegin.o
 .ARM.attributes
                0x00000056       0x21 startup/startup_stm32f411xe.o
 .ARM.attributes
                0x00000077       0x39 src/util/delay.o
 .ARM.attributes
                0x000000b0       0x39 src/system_stm32f4xx.o
 .ARM.attributes
                0x000000e9       0x39 src/grbl/coolant_control.o
 .ARM.attributes
                0x00000122       0x39 src/grbl/gcode.o
 .ARM.attributes
                0x0000015b       0x39 src/grbl/limits.o
 .ARM.attributes
                0x00000194       0x39 src/grbl/main.o
 .ARM.attributes
                0x000001cd       0x39 src/grbl/motion_control.o
 .ARM.attributes
                0x00000206       0x39 src/grbl/nuts_bolts.o
 .ARM.attributes
                0x0000023f       0x39 src/grbl/planner.o
 .ARM.attributes
                0x00000278       0x39 src/grbl/print.o
 .ARM.attributes
                0x000002b1       0x39 src/grbl/probe.o
 .ARM.attributes
                0x000002ea       0x39 src/grbl/protocol.o
 .ARM.attributes
                0x00000323       0x39 src/grbl/report.o
 .ARM.attributes
                0x0000035c       0x39 src/grbl/serial.o
 .ARM.attributes
                0x00000395       0x39 src/grbl/settings.o
 .ARM.attributes
                0x000003ce       0x39 src/grbl/spindle_control.o
 .ARM.attributes
                0x00000407       0x39 src/grbl/stepper.o
 .ARM.attributes
                0x00000440       0x39 src/grbl/system.o
 .ARM.attributes
                0x00000479       0x39 src/avr/eeprom.o
 .ARM.attributes
                0x000004b2       0x39 src/avr/io.o
 .ARM.attributes
                0x000004eb       0x39 StdPeriph_Driver/src/misc.o
 .ARM.attributes
                0x00000524       0x39 StdPeriph_Driver/src/stm32f4xx_flash.o
 .ARM.attributes
                0x0000055d       0x39 StdPeriph_Driver/src/stm32f4xx_gpio.o
 .ARM.attributes
                0x00000596       0x39 StdPeriph_Driver/src/stm32f4xx_rcc.o
 .ARM.attributes
                0x000005cf       0x39 StdPeriph_Driver/src/stm32f4xx_tim.o
 .ARM.attributes
                0x00000608       0x39 StdPeriph_Driver/src/stm32f4xx_usart.o
 .ARM.attributes
                0x00000641       0x22 c:/ac6/systemworkbench/plugins/fr.ac6.mcu.externaltools.arm-none.win32_1.3.0.201507241045/tools/compiler/bin/../lib/gcc/arm-none-eabi/4.9.3/armv7e-m/fpu\libgcc.a(_arm_addsubdf3.o)
 .ARM.attributes
                0x00000663       0x22 c:/ac6/systemworkbench/plugins/fr.ac6.mcu.externaltools.arm-none.win32_1.3.0.201507241045/tools/compiler/bin/../lib/gcc/arm-none-eabi/4.9.3/armv7e-m/fpu\libgcc.a(_arm_muldivdf3.o)
 .ARM.attributes
                0x00000685       0x22 c:/ac6/systemworkbench/plugins/fr.ac6.mcu.externaltools.arm-none.win32_1.3.0.201507241045/tools/compiler/bin/../lib/gcc/arm-none-eabi/4.9.3/armv7e-m/fpu\libgcc.a(_arm_cmpdf2.o)
 .ARM.attributes
                0x000006a7       0x22 c:/ac6/systemworkbench/plugins/fr.ac6.mcu.externaltools.arm-none.win32_1.3.0.201507241045/tools/compiler/bin/../lib/gcc/arm-none-eabi/4.9.3/armv7e-m/fpu\libgcc.a(_arm_fixdfsi.o)
 .ARM.attributes
                0x000006c9       0x22 c:/ac6/systemworkbench/plugins/fr.ac6.mcu.externaltools.arm-none.win32_1.3.0.201507241045/tools/compiler/bin/../lib/gcc/arm-none-eabi/4.9.3/armv7e-m/fpu\libgcc.a(_arm_fixunsdfsi.o)
 .ARM.attributes
                0x000006eb       0x22 c:/ac6/systemworkbench/plugins/fr.ac6.mcu.externaltools.arm-none.win32_1.3.0.201507241045/tools/compiler/bin/../lib/gcc/arm-none-eabi/4.9.3/armv7e-m/fpu\libgcc.a(_arm_truncdfsf2.o)
 .ARM.attributes
                0x0000070d       0x34 c:/ac6/systemworkbench/plugins/fr.ac6.mcu.externaltools.arm-none.win32_1.3.0.201507241045/tools/compiler/bin/../lib/gcc/arm-none-eabi/4.9.3/../../../../arm-none-eabi/lib/armv7e-m/fpu\libc.a(lib_a-errno.o)
 .ARM.attributes
                0x00000741       0x34 c:/ac6/systemworkbench/plugins/fr.ac6.mcu.externaltools.arm-none.win32_1.3.0.201507241045/tools/compiler/bin/../lib/gcc/arm-none-eabi/4.9.3/../../../../arm-none-eabi/lib/armv7e-m/fpu\libc.a(lib_a-impure.o)
 .ARM.attributes
                0x00000775       0x34 c:/ac6/systemworkbench/plugins/fr.ac6.mcu.externaltools.arm-none.win32_1.3.0.201507241045/tools/compiler/bin/../lib/gcc/arm-none-eabi/4.9.3/../../../../arm-none-eabi/lib/armv7e-m/fpu\libc.a(lib_a-init.o)
 .ARM.attributes
                0x000007a9       0x20 c:/ac6/systemworkbench/plugins/fr.ac6.mcu.externaltools.arm-none.win32_1.3.0.201507241045/tools/compiler/bin/../lib/gcc/arm-none-eabi/4.9.3/../../../../arm-none-eabi/lib/armv7e-m/fpu\libc.a(lib_a-memcpy.o)
 .ARM.attributes
                0x000007c9       0x34 c:/ac6/systemworkbench/plugins/fr.ac6.mcu.externaltools.arm-none.win32_1.3.0.201507241045/tools/compiler/bin/../lib/gcc/arm-none-eabi/4.9.3/../../../../arm-none-eabi/lib/armv7e-m/fpu\libc.a(lib_a-memset.o)
 .ARM.attributes
                0x000007fd       0x34 c:/ac6/systemworkbench/plugins/fr.ac6.mcu.externaltools.arm-none.win32_1.3.0.201507241045/tools/compiler/bin/../lib/gcc/arm-none-eabi/4.9.3/../../../../arm-none-eabi/lib/armv7e-m/fpu\libc.a(lib_a-__call_atexit.o)
 .ARM.attributes
                0x00000831       0x34 c:/ac6/systemworkbench/plugins/fr.ac6.mcu.externaltools.arm-none.win32_1.3.0.201507241045/tools/compiler/bin/../lib/gcc/arm-none-eabi/4.9.3/../../../../arm-none-eabi/lib/armv7e-m/fpu\libc.a(lib_a-atexit.o)
 .ARM.attributes
                0x00000865       0x34 c:/ac6/systemworkbench/plugins/fr.ac6.mcu.externaltools.arm-none.win32_1.3.0.201507241045/tools/compiler/bin/../lib/gcc/arm-none-eabi/4.9.3/../../../../arm-none-eabi/lib/armv7e-m/fpu\libc.a(lib_a-fini.o)
 .ARM.attributes
                0x00000899       0x34 c:/ac6/systemworkbench/plugins/fr.ac6.mcu.externaltools.arm-none.win32_1.3.0.201507241045/tools/compiler/bin/../lib/gcc/arm-none-eabi/4.9.3/../../../../arm-none-eabi/lib/armv7e-m/fpu\libc.a(lib_a-__atexit.o)
 .ARM.attributes
                0x000008cd       0x22 c:/ac6/systemworkbench/plugins/fr.ac6.mcu.externaltools.arm-none.win32_1.3.0.201507241045/tools/compiler/bin/../lib/gcc/arm-none-eabi/4.9.3/armv7e-m/fpu/crtn.o
OUTPUT(grbl_stm32.elf elf32-littlearm)

.debug_line     0x00000000     0xd99e
 .debug_line    0x00000000       0x7f startup/startup_stm32f411xe.o
 .debug_line    0x0000007f       0x63 src/util/delay.o
 .debug_line    0x000000e2      0x570 src/system_stm32f4xx.o
 .debug_line    0x00000652      0x7fa src/grbl/coolant_control.o
 .debug_line    0x00000e4c      0xc1f src/grbl/gcode.o
 .debug_line    0x00001a6b      0x934 src/grbl/limits.o
 .debug_line    0x0000239f      0x819 src/grbl/main.o
 .debug_line    0x00002bb8      0x911 src/grbl/motion_control.o
 .debug_line    0x000034c9      0x8a8 src/grbl/nuts_bolts.o
 .debug_line    0x00003d71      0xa5e src/grbl/planner.o
 .debug_line    0x000047cf      0x90e src/grbl/print.o
 .debug_line    0x000050dd      0x803 src/grbl/probe.o
 .debug_line    0x000058e0      0x920 src/grbl/protocol.o
 .debug_line    0x00006200      0xa21 src/grbl/report.o
 .debug_line    0x00006c21      0x8bf src/grbl/serial.o
 .debug_line    0x000074e0      0x9cf src/grbl/settings.o
 .debug_line    0x00007eaf      0x828 src/grbl/spindle_control.o
 .debug_line    0x000086d7      0xbfe src/grbl/stepper.o
 .debug_line    0x000092d5      0xa5e src/grbl/system.o
 .debug_line    0x00009d33      0x6b0 src/avr/eeprom.o
 .debug_line    0x0000a3e3      0x2bb src/avr/io.o
 .debug_line    0x0000a69e      0x572 StdPeriph_Driver/src/misc.o
 .debug_line    0x0000ac10      0x897 StdPeriph_Driver/src/stm32f4xx_flash.o
 .debug_line    0x0000b4a7      0x66c StdPeriph_Driver/src/stm32f4xx_gpio.o
 .debug_line    0x0000bb13      0x946 StdPeriph_Driver/src/stm32f4xx_rcc.o
 .debug_line    0x0000c459      0xd8e StdPeriph_Driver/src/stm32f4xx_tim.o
 .debug_line    0x0000d1e7      0x7b7 StdPeriph_Driver/src/stm32f4xx_usart.o

.debug_info     0x00000000     0xbcea
 .debug_info    0x00000000       0x5d startup/startup_stm32f411xe.o
 .debug_info    0x0000005d       0x86 src/util/delay.o
 .debug_info    0x000000e3      0x58f src/system_stm32f4xx.o
 .debug_info    0x00000672      0x252 src/grbl/coolant_control.o
 .debug_info    0x000008c4      0x5ea src/grbl/gcode.o
 .debug_info    0x00000eae      0x5b5 src/grbl/limits.o
 .debug_info    0x00001463      0x349 src/grbl/main.o
 .debug_info    0x000017ac      0x5e8 src/grbl/motion_control.o
 .debug_info    0x00001d94      0x5d6 src/grbl/nuts_bolts.o
 .debug_info    0x0000236a      0x6ff src/grbl/planner.o
 .debug_info    0x00002a69      0x50b src/grbl/print.o
 .debug_info    0x00002f74      0x45d src/grbl/probe.o
 .debug_info    0x000033d1      0x3d7 src/grbl/protocol.o
 .debug_info    0x000037a8      0x65c src/grbl/report.o
 .debug_info    0x00003e04      0x8bd src/grbl/serial.o
 .debug_info    0x000046c1      0x577 src/grbl/settings.o
 .debug_info    0x00004c38      0x746 src/grbl/spindle_control.o
 .debug_info    0x0000537e     0x12b7 src/grbl/stepper.o
 .debug_info    0x00006635      0x8b5 src/grbl/system.o
 .debug_info    0x00006eea      0x30c src/avr/eeprom.o
 .debug_info    0x000071f6      0x27d src/avr/io.o
 .debug_info    0x00007473      0x545 StdPeriph_Driver/src/misc.o
 .debug_info    0x000079b8      0x938 StdPeriph_Driver/src/stm32f4xx_flash.o
 .debug_info    0x000082f0      0x60d StdPeriph_Driver/src/stm32f4xx_gpio.o
 .debug_info    0x000088fd      0xdba StdPeriph_Driver/src/stm32f4xx_rcc.o
 .debug_info    0x000096b7     0x1c69 StdPeriph_Driver/src/stm32f4xx_tim.o
 .debug_info    0x0000b320      0x9ca StdPeriph_Driver/src/stm32f4xx_usart.o

.debug_abbrev   0x00000000     0x2808
 .debug_abbrev  0x00000000       0x12 startup/startup_stm32f411xe.o
 .debug_abbrev  0x00000012       0x7d src/util/delay.o
 .debug_abbrev  0x0000008f      0x11a src/system_stm32f4xx.o
 .debug_abbrev  0x000001a9      0x10d src/grbl/coolant_control.o
 .debug_abbrev  0x000002b6      0x182 src/grbl/gcode.o
 .debug_abbrev  0x00000438      0x1f4 src/grbl/limits.o
 .debug_abbrev  0x0000062c      0x103 src/grbl/main.o
 .debug_abbrev  0x0000072f      0x186 src/grbl/motion_control.o
 .debug_abbrev  0x000008b5      0x16b src/grbl/nuts_bolts.o
 .debug_abbrev  0x00000a20      0x243 src/grbl/planner.o
 .debug_abbrev  0x00000c63      0x127 src/grbl/print.o
 .debug_abbrev  0x00000d8a      0x16b src/grbl/probe.o
 .debug_abbrev  0x00000ef5      0x129 src/grbl/protocol.o
 .debug_abbrev  0x0000101e      0x1cb src/grbl/report.o
 .debug_abbrev  0x000011e9      0x1a5 src/grbl/serial.o
 .debug_abbrev  0x0000138e      0x1a7 src/grbl/settings.o
 .debug_abbrev  0x00001535      0x18a src/grbl/spindle_control.o
 .debug_abbrev  0x000016bf      0x33e src/grbl/stepper.o
 .debug_abbrev  0x000019fd      0x2f9 src/grbl/system.o
 .debug_abbrev  0x00001cf6      0x136 src/avr/eeprom.o
 .debug_abbrev  0x00001e2c       0xd3 src/avr/io.o
 .debug_abbrev  0x00001eff      0x14a StdPeriph_Driver/src/misc.o
 .debug_abbrev  0x00002049      0x172 StdPeriph_Driver/src/stm32f4xx_flash.o
 .debug_abbrev  0x000021bb      0x1a8 StdPeriph_Driver/src/stm32f4xx_gpio.o
 .debug_abbrev  0x00002363      0x1bf StdPeriph_Driver/src/stm32f4xx_rcc.o
 .debug_abbrev  0x00002522      0x18c StdPeriph_Driver/src/stm32f4xx_tim.o
 .debug_abbrev  0x000026ae      0x15a StdPeriph_Driver/src/stm32f4xx_usart.o

.debug_aranges  0x00000000      0xe98
 .debug_aranges
                0x00000000       0x28 startup/startup_stm32f411xe.o
 .debug_aranges
                0x00000028       0x28 src/util/delay.o
 .debug_aranges
                0x00000050       0x30 src/system_stm32f4xx.o
 .debug_aranges
                0x00000080       0x38 src/grbl/coolant_control.o
 .debug_aranges
                0x000000b8       0x38 src/grbl/gcode.o
 .debug_aranges
                0x000000f0       0x50 src/grbl/limits.o
 .debug_aranges
                0x00000140       0x20 src/grbl/main.o
 .debug_aranges
                0x00000160       0x50 src/grbl/motion_control.o
 .debug_aranges
                0x000001b0       0x50 src/grbl/nuts_bolts.o
 .debug_aranges
                0x00000200       0x80 src/grbl/planner.o
 .debug_aranges
                0x00000280       0x78 src/grbl/print.o
 .debug_aranges
                0x000002f8       0x38 src/grbl/probe.o
 .debug_aranges
                0x00000330       0x48 src/grbl/protocol.o
 .debug_aranges
                0x00000378       0x80 src/grbl/report.o
 .debug_aranges
                0x000003f8       0x60 src/grbl/serial.o
 .debug_aranges
                0x00000458       0x88 src/grbl/settings.o
 .debug_aranges
                0x000004e0       0x38 src/grbl/spindle_control.o
 .debug_aranges
                0x00000518       0xe8 src/grbl/stepper.o
 .debug_aranges
                0x00000600       0x78 src/grbl/system.o
 .debug_aranges
                0x00000678       0x48 src/avr/eeprom.o
 .debug_aranges
                0x000006c0       0x18 src/avr/io.o
 .debug_aranges
                0x000006d8       0x40 StdPeriph_Driver/src/misc.o
 .debug_aranges
                0x00000718      0x158 StdPeriph_Driver/src/stm32f4xx_flash.o
 .debug_aranges
                0x00000870       0x88 StdPeriph_Driver/src/stm32f4xx_gpio.o
 .debug_aranges
                0x000008f8      0x1a8 StdPeriph_Driver/src/stm32f4xx_rcc.o
 .debug_aranges
                0x00000aa0      0x2f8 StdPeriph_Driver/src/stm32f4xx_tim.o
 .debug_aranges
                0x00000d98      0x100 StdPeriph_Driver/src/stm32f4xx_usart.o

.debug_ranges   0x00000000      0xd08
 .debug_ranges  0x00000000       0x20 startup/startup_stm32f411xe.o
 .debug_ranges  0x00000020       0x18 src/util/delay.o
 .debug_ranges  0x00000038       0x20 src/system_stm32f4xx.o
 .debug_ranges  0x00000058       0x28 src/grbl/coolant_control.o
 .debug_ranges  0x00000080       0x48 src/grbl/gcode.o
 .debug_ranges  0x000000c8       0x40 src/grbl/limits.o
 .debug_ranges  0x00000108       0x10 src/grbl/main.o
 .debug_ranges  0x00000118       0x40 src/grbl/motion_control.o
 .debug_ranges  0x00000158       0x40 src/grbl/nuts_bolts.o
 .debug_ranges  0x00000198       0x70 src/grbl/planner.o
 .debug_ranges  0x00000208       0x68 src/grbl/print.o
 .debug_ranges  0x00000270       0x28 src/grbl/probe.o
 .debug_ranges  0x00000298       0x38 src/grbl/protocol.o
 .debug_ranges  0x000002d0       0x70 src/grbl/report.o
 .debug_ranges  0x00000340       0x50 src/grbl/serial.o
 .debug_ranges  0x00000390       0x78 src/grbl/settings.o
 .debug_ranges  0x00000408       0x28 src/grbl/spindle_control.o
 .debug_ranges  0x00000430       0xd8 src/grbl/stepper.o
 .debug_ranges  0x00000508       0x68 src/grbl/system.o
 .debug_ranges  0x00000570       0x38 src/avr/eeprom.o
 .debug_ranges  0x000005a8       0x30 StdPeriph_Driver/src/misc.o
 .debug_ranges  0x000005d8      0x148 StdPeriph_Driver/src/stm32f4xx_flash.o
 .debug_ranges  0x00000720       0x78 StdPeriph_Driver/src/stm32f4xx_gpio.o
 .debug_ranges  0x00000798      0x198 StdPeriph_Driver/src/stm32f4xx_rcc.o
 .debug_ranges  0x00000930      0x2e8 StdPeriph_Driver/src/stm32f4xx_tim.o
 .debug_ranges  0x00000c18       0xf0 StdPeriph_Driver/src/stm32f4xx_usart.o

.debug_macro    0x00000000    0x13b87
 .debug_macro   0x00000000       0x17 src/util/delay.o
 .debug_macro   0x00000017      0x892 src/util/delay.o
 .debug_macro   0x000008a9      0x18d src/system_stm32f4xx.o
 .debug_macro   0x00000a36       0x65 src/system_stm32f4xx.o
 .debug_macro   0x00000a9b       0x3b src/system_stm32f4xx.o
 .debug_macro   0x00000ad6       0x44 src/system_stm32f4xx.o
 .debug_macro   0x00000b1a       0x1c src/system_stm32f4xx.o
 .debug_macro   0x00000b36      0x1f7 src/system_stm32f4xx.o
 .debug_macro   0x00000d2d       0x2d src/system_stm32f4xx.o
 .debug_macro   0x00000d5a       0x26 src/system_stm32f4xx.o
 .debug_macro   0x00000d80      0xd39 src/system_stm32f4xx.o
 .debug_macro   0x00001ab9     0x7ce5 src/system_stm32f4xx.o
 .debug_macro   0x0000979e      0x44f src/system_stm32f4xx.o
 .debug_macro   0x00009bed       0xb2 src/system_stm32f4xx.o
 .debug_macro   0x00009c9f      0x477 src/system_stm32f4xx.o
 .debug_macro   0x0000a116       0xae src/system_stm32f4xx.o
 .debug_macro   0x0000a1c4      0x41c src/system_stm32f4xx.o
 .debug_macro   0x0000a5e0      0x2e6 src/system_stm32f4xx.o
 .debug_macro   0x0000a8c6      0x2ba src/system_stm32f4xx.o
 .debug_macro   0x0000ab80       0x64 src/system_stm32f4xx.o
 .debug_macro   0x0000abe4       0xeb src/system_stm32f4xx.o
 .debug_macro   0x0000accf      0x642 src/system_stm32f4xx.o
 .debug_macro   0x0000b311      0x57b src/system_stm32f4xx.o
 .debug_macro   0x0000b88c      0x342 src/system_stm32f4xx.o
 .debug_macro   0x0000bbce      0x36c src/system_stm32f4xx.o
 .debug_macro   0x0000bf3a       0xf0 src/system_stm32f4xx.o
 .debug_macro   0x0000c02a      0x73b src/system_stm32f4xx.o
 .debug_macro   0x0000c765      0x223 src/system_stm32f4xx.o
 .debug_macro   0x0000c988       0x34 src/system_stm32f4xx.o
 .debug_macro   0x0000c9bc       0x82 src/system_stm32f4xx.o
 .debug_macro   0x0000ca3e       0x10 src/system_stm32f4xx.o
 .debug_macro   0x0000ca4e       0x35 src/system_stm32f4xx.o
 .debug_macro   0x0000ca83      0x381 src/grbl/coolant_control.o
 .debug_macro   0x0000ce04       0x16 src/grbl/coolant_control.o
 .debug_macro   0x0000ce1a       0x82 src/grbl/coolant_control.o
 .debug_macro   0x0000ce9c      0x3f9 src/grbl/coolant_control.o
 .debug_macro   0x0000d295      0x311 src/grbl/coolant_control.o
 .debug_macro   0x0000d5a6       0x16 src/grbl/coolant_control.o
 .debug_macro   0x0000d5bc       0x10 src/grbl/coolant_control.o
 .debug_macro   0x0000d5cc       0xf6 src/grbl/coolant_control.o
 .debug_macro   0x0000d6c2      0x1e1 src/grbl/coolant_control.o
 .debug_macro   0x0000d8a3       0x10 src/grbl/coolant_control.o
 .debug_macro   0x0000d8b3       0x22 src/grbl/coolant_control.o
 .debug_macro   0x0000d8d5       0xf4 src/grbl/coolant_control.o
 .debug_macro   0x0000d9c9       0xa0 src/grbl/coolant_control.o
 .debug_macro   0x0000da69       0xc4 src/grbl/coolant_control.o
 .debug_macro   0x0000db2d       0xe8 src/grbl/coolant_control.o
 .debug_macro   0x0000dc15       0xca src/grbl/coolant_control.o
 .debug_macro   0x0000dcdf      0x20d src/grbl/coolant_control.o
 .debug_macro   0x0000deec      0x1b5 src/grbl/coolant_control.o
 .debug_macro   0x0000e0a1       0x16 src/grbl/coolant_control.o
 .debug_macro   0x0000e0b7       0x1c src/grbl/coolant_control.o
 .debug_macro   0x0000e0d3       0x16 src/grbl/coolant_control.o
 .debug_macro   0x0000e0e9       0x10 src/grbl/coolant_control.o
 .debug_macro   0x0000e0f9      0x118 src/grbl/coolant_control.o
 .debug_macro   0x0000e211       0x1c src/grbl/coolant_control.o
 .debug_macro   0x0000e22d       0x10 src/grbl/coolant_control.o
 .debug_macro   0x0000e23d      0x3a5 src/grbl/gcode.o
 .debug_macro   0x0000e5e2      0x38d src/grbl/limits.o
 .debug_macro   0x0000e96f      0x381 src/grbl/main.o
 .debug_macro   0x0000ecf0      0x381 src/grbl/motion_control.o
 .debug_macro   0x0000f071      0x387 src/grbl/nuts_bolts.o
 .debug_macro   0x0000f3f8      0x387 src/grbl/planner.o
 .debug_macro   0x0000f77f      0x381 src/grbl/print.o
 .debug_macro   0x0000fb00      0x381 src/grbl/probe.o
 .debug_macro   0x0000fe81      0x393 src/grbl/protocol.o
 .debug_macro   0x00010214      0x381 src/grbl/report.o
 .debug_macro   0x00010595      0x3f3 src/grbl/serial.o
 .debug_macro   0x00010988      0x381 src/grbl/settings.o
 .debug_macro   0x00010d09      0x381 src/grbl/spindle_control.o
 .debug_macro   0x0001108a      0x3c9 src/grbl/stepper.o
 .debug_macro   0x00011453      0x381 src/grbl/system.o
 .debug_macro   0x000117d4      0x246 src/avr/eeprom.o
 .debug_macro   0x00011a1a       0x16 src/avr/eeprom.o
 .debug_macro   0x00011a30       0x81 src/avr/io.o
 .debug_macro   0x00011ab1      0x179 StdPeriph_Driver/src/misc.o
 .debug_macro   0x00011c2a       0x7c StdPeriph_Driver/src/misc.o
 .debug_macro   0x00011ca6      0x179 StdPeriph_Driver/src/stm32f4xx_flash.o
 .debug_macro   0x00011e1f      0x416 StdPeriph_Driver/src/stm32f4xx_flash.o
 .debug_macro   0x00012235      0x177 StdPeriph_Driver/src/stm32f4xx_gpio.o
 .debug_macro   0x000123ac      0x2e0 StdPeriph_Driver/src/stm32f4xx_gpio.o
 .debug_macro   0x0001268c      0x23d StdPeriph_Driver/src/stm32f4xx_rcc.o
 .debug_macro   0x000128c9      0x63c StdPeriph_Driver/src/stm32f4xx_rcc.o
 .debug_macro   0x00012f05      0x1a1 StdPeriph_Driver/src/stm32f4xx_tim.o
 .debug_macro   0x000130a6      0x735 StdPeriph_Driver/src/stm32f4xx_tim.o
 .debug_macro   0x000137db      0x18f StdPeriph_Driver/src/stm32f4xx_usart.o
 .debug_macro   0x0001396a      0x21d StdPeriph_Driver/src/stm32f4xx_usart.o

.debug_str      0x00000000    0x5c5cc
 .debug_str     0x00000000     0x24e9 src/util/delay.o
                               0x24fc (size before relaxing)
 .debug_str     0x000024e9    0x4ee1b src/system_stm32f4xx.o
                              0x51461 (size before relaxing)
 .debug_str     0x00051304     0x6b55 src/grbl/coolant_control.o
                              0x57dfc (size before relaxing)
 .debug_str     0x00057e59      0x2c6 src/grbl/gcode.o
                              0x58095 (size before relaxing)
 .debug_str     0x0005811f      0x2a9 src/grbl/limits.o
                              0x58094 (size before relaxing)
 .debug_str     0x000583c8       0x25 src/grbl/main.o
                              0x57f08 (size before relaxing)
 .debug_str     0x000583ed      0x158 src/grbl/motion_control.o
                              0x5808b (size before relaxing)
 .debug_str     0x00058545      0x1b0 src/grbl/nuts_bolts.o
                              0x5803e (size before relaxing)
 .debug_str     0x000586f5      0x2b9 src/grbl/planner.o
                              0x5822e (size before relaxing)
 .debug_str     0x000589ae      0x10a src/grbl/print.o
                              0x57fa3 (size before relaxing)
 .debug_str     0x00058ab8       0x71 src/grbl/probe.o
                              0x57faf (size before relaxing)
 .debug_str     0x00058b29      0x120 src/grbl/protocol.o
                              0x57fab (size before relaxing)
 .debug_str     0x00058c49      0x176 src/grbl/report.o
                              0x58151 (size before relaxing)
 .debug_str     0x00058dbf      0x8c0 src/grbl/serial.o
                              0x5883e (size before relaxing)
 .debug_str     0x0005967f      0x17d src/grbl/settings.o
                              0x5804e (size before relaxing)
 .debug_str     0x000597fc      0x20b src/grbl/spindle_control.o
                              0x581be (size before relaxing)
 .debug_str     0x00059a07      0x6a3 src/grbl/stepper.o
                              0x58c6d (size before relaxing)
 .debug_str     0x0005a0aa      0x1a8 src/grbl/system.o
                              0x5814d (size before relaxing)
 .debug_str     0x0005a252      0x163 src/avr/eeprom.o
                              0x54c40 (size before relaxing)
 .debug_str     0x0005a3b5       0x10 src/avr/io.o
                               0x4673 (size before relaxing)
 .debug_str     0x0005a3c5      0x142 StdPeriph_Driver/src/misc.o
                              0x51489 (size before relaxing)
 .debug_str     0x0005a507      0x421 StdPeriph_Driver/src/stm32f4xx_flash.o
                              0x51753 (size before relaxing)
 .debug_str     0x0005a928      0x182 StdPeriph_Driver/src/stm32f4xx_gpio.o
                              0x51531 (size before relaxing)
 .debug_str     0x0005aaaa      0xc11 StdPeriph_Driver/src/stm32f4xx_rcc.o
                              0x51fc8 (size before relaxing)
 .debug_str     0x0005b6bb      0xaa4 StdPeriph_Driver/src/stm32f4xx_tim.o
                              0x51f28 (size before relaxing)
 .debug_str     0x0005c15f      0x46d StdPeriph_Driver/src/stm32f4xx_usart.o
                              0x51844 (size before relaxing)

.comment        0x00000000       0x70
 .comment       0x00000000       0x70 src/util/delay.o
                                 0x71 (size before relaxing)
 .comment       0x00000000       0x71 src/system_stm32f4xx.o
 .comment       0x00000000       0x71 src/grbl/coolant_control.o
 .comment       0x00000000       0x71 src/grbl/gcode.o
 .comment       0x00000000       0x71 src/grbl/limits.o
 .comment       0x00000000       0x71 src/grbl/main.o
 .comment       0x00000000       0x71 src/grbl/motion_control.o
 .comment       0x00000000       0x71 src/grbl/nuts_bolts.o
 .comment       0x00000000       0x71 src/grbl/planner.o
 .comment       0x00000000       0x71 src/grbl/print.o
 .comment       0x00000000       0x71 src/grbl/probe.o
 .comment       0x00000000       0x71 src/grbl/protocol.o
 .comment       0x00000000       0x71 src/grbl/report.o
 .comment       0x00000000       0x71 src/grbl/serial.o
 .comment       0x00000000       0x71 src/grbl/settings.o
 .comment       0x00000000       0x71 src/grbl/spindle_control.o
 .comment       0x00000000       0x71 src/grbl/stepper.o
 .comment       0x00000000       0x71 src/grbl/system.o
 .comment       0x00000000       0x71 src/avr/eeprom.o
 .comment       0x00000000       0x71 src/avr/io.o
 .comment       0x00000000       0x71 StdPeriph_Driver/src/misc.o
 .comment       0x00000000       0x71 StdPeriph_Driver/src/stm32f4xx_flash.o
 .comment       0x00000000       0x71 StdPeriph_Driver/src/stm32f4xx_gpio.o
 .comment       0x00000000       0x71 StdPeriph_Driver/src/stm32f4xx_rcc.o
 .comment       0x00000000       0x71 StdPeriph_Driver/src/stm32f4xx_tim.o
 .comment       0x00000000       0x71 StdPeriph_Driver/src/stm32f4xx_usart.o

.debug_frame    0x00000000     0x3b0c
 .debug_frame   0x00000000       0x5c src/util/delay.o
 .debug_frame   0x0000005c       0x74 src/system_stm32f4xx.o
 .debug_frame   0x000000d0       0x94 src/grbl/coolant_control.o
 .debug_frame   0x00000164       0xa4 src/grbl/gcode.o
 .debug_frame   0x00000208      0x104 src/grbl/limits.o
 .debug_frame   0x0000030c       0x2c src/grbl/main.o
 .debug_frame   0x00000338      0x108 src/grbl/motion_control.o
 .debug_frame   0x00000440      0x10c src/grbl/nuts_bolts.o
 .debug_frame   0x0000054c      0x1d8 src/grbl/planner.o
 .debug_frame   0x00000724      0x1cc src/grbl/print.o
 .debug_frame   0x000008f0       0x94 src/grbl/probe.o
 .debug_frame   0x00000984       0xcc src/grbl/protocol.o
 .debug_frame   0x00000a50      0x1d8 src/grbl/report.o
 .debug_frame   0x00000c28      0x154 src/grbl/serial.o
 .debug_frame   0x00000d7c      0x208 src/grbl/settings.o
 .debug_frame   0x00000f84       0x98 src/grbl/spindle_control.o
 .debug_frame   0x0000101c      0x368 src/grbl/stepper.o
 .debug_frame   0x00001384      0x1d8 src/grbl/system.o
 .debug_frame   0x0000155c       0xec src/avr/eeprom.o
 .debug_frame   0x00001648       0xd8 StdPeriph_Driver/src/misc.o
 .debug_frame   0x00001720      0x5b0 StdPeriph_Driver/src/stm32f4xx_flash.o
 .debug_frame   0x00001cd0      0x23c StdPeriph_Driver/src/stm32f4xx_gpio.o
 .debug_frame   0x00001f0c      0x7c4 StdPeriph_Driver/src/stm32f4xx_rcc.o
 .debug_frame   0x000026d0      0xe54 StdPeriph_Driver/src/stm32f4xx_tim.o
 .debug_frame   0x00003524      0x490 StdPeriph_Driver/src/stm32f4xx_usart.o
 .debug_frame   0x000039b4       0x20 c:/ac6/systemworkbench/plugins/fr.ac6.mcu.externaltools.arm-none.win32_1.3.0.201507241045/tools/compiler/bin/../lib/gcc/arm-none-eabi/4.9.3/../../../../arm-none-eabi/lib/armv7e-m/fpu\libc.a(lib_a-errno.o)
 .debug_frame   0x000039d4       0x2c c:/ac6/systemworkbench/plugins/fr.ac6.mcu.externaltools.arm-none.win32_1.3.0.201507241045/tools/compiler/bin/../lib/gcc/arm-none-eabi/4.9.3/../../../../arm-none-eabi/lib/armv7e-m/fpu\libc.a(lib_a-init.o)
 .debug_frame   0x00003a00       0x34 c:/ac6/systemworkbench/plugins/fr.ac6.mcu.externaltools.arm-none.win32_1.3.0.201507241045/tools/compiler/bin/../lib/gcc/arm-none-eabi/4.9.3/../../../../arm-none-eabi/lib/armv7e-m/fpu\libc.a(lib_a-memset.o)
 .debug_frame   0x00003a34       0x50 c:/ac6/systemworkbench/plugins/fr.ac6.mcu.externaltools.arm-none.win32_1.3.0.201507241045/tools/compiler/bin/../lib/gcc/arm-none-eabi/4.9.3/../../../../arm-none-eabi/lib/armv7e-m/fpu\libc.a(lib_a-__call_atexit.o)
 .debug_frame   0x00003a84       0x20 c:/ac6/systemworkbench/plugins/fr.ac6.mcu.externaltools.arm-none.win32_1.3.0.201507241045/tools/compiler/bin/../lib/gcc/arm-none-eabi/4.9.3/../../../../arm-none-eabi/lib/armv7e-m/fpu\libc.a(lib_a-atexit.o)
 .debug_frame   0x00003aa4       0x34 c:/ac6/systemworkbench/plugins/fr.ac6.mcu.externaltools.arm-none.win32_1.3.0.201507241045/tools/compiler/bin/../lib/gcc/arm-none-eabi/4.9.3/../../../../arm-none-eabi/lib/armv7e-m/fpu\libc.a(lib_a-fini.o)
 .debug_frame   0x00003ad8       0x34 c:/ac6/systemworkbench/plugins/fr.ac6.mcu.externaltools.arm-none.win32_1.3.0.201507241045/tools/compiler/bin/../lib/gcc/arm-none-eabi/4.9.3/../../../../arm-none-eabi/lib/armv7e-m/fpu\libc.a(lib_a-__atexit.o)
